llvm[0]: Constructing LLVMBuild project information.
make[1]: Entering directory `/home/ubuntu/llvm-dsa/lib/Support'
llvm[1]: Compiling APFloat.cpp for Debug+Asserts build
llvm[1]: Compiling APInt.cpp for Debug+Asserts build
llvm[1]: Compiling APSInt.cpp for Debug+Asserts build
llvm[1]: Compiling ARMBuildAttrs.cpp for Debug+Asserts build
llvm[1]: Compiling ARMWinEH.cpp for Debug+Asserts build
llvm[1]: Compiling Allocator.cpp for Debug+Asserts build
llvm[1]: Compiling Atomic.cpp for Debug+Asserts build
llvm[1]: Compiling BlockFrequency.cpp for Debug+Asserts build
llvm[1]: Compiling BranchProbability.cpp for Debug+Asserts build
llvm[1]: Compiling CommandLine.cpp for Debug+Asserts build
llvm[1]: Compiling Compression.cpp for Debug+Asserts build
llvm[1]: Compiling ConvertUTF.c for Debug+Asserts build
llvm[1]: Compiling ConvertUTFWrapper.cpp for Debug+Asserts build
llvm[1]: Compiling CrashRecoveryContext.cpp for Debug+Asserts build
llvm[1]: Compiling DAGDeltaAlgorithm.cpp for Debug+Asserts build
llvm[1]: Compiling DataExtractor.cpp for Debug+Asserts build
llvm[1]: Compiling DataStream.cpp for Debug+Asserts build
llvm[1]: Compiling Debug.cpp for Debug+Asserts build
llvm[1]: Compiling DeltaAlgorithm.cpp for Debug+Asserts build
llvm[1]: Compiling Dwarf.cpp for Debug+Asserts build
llvm[1]: Compiling DynamicLibrary.cpp for Debug+Asserts build
llvm[1]: Compiling Errno.cpp for Debug+Asserts build
llvm[1]: Compiling ErrorHandling.cpp for Debug+Asserts build
llvm[1]: Compiling FileOutputBuffer.cpp for Debug+Asserts build
llvm[1]: Compiling FileUtilities.cpp for Debug+Asserts build
llvm[1]: Compiling FoldingSet.cpp for Debug+Asserts build
llvm[1]: Compiling FormattedStream.cpp for Debug+Asserts build
llvm[1]: Compiling GraphWriter.cpp for Debug+Asserts build
llvm[1]: Compiling Hashing.cpp for Debug+Asserts build
llvm[1]: Compiling Host.cpp for Debug+Asserts build
llvm[1]: Compiling IntEqClasses.cpp for Debug+Asserts build
llvm[1]: Compiling IntervalMap.cpp for Debug+Asserts build
llvm[1]: Compiling IntrusiveRefCntPtr.cpp for Debug+Asserts build
llvm[1]: Compiling LEB128.cpp for Debug+Asserts build
llvm[1]: Compiling LineIterator.cpp for Debug+Asserts build
llvm[1]: Compiling Locale.cpp for Debug+Asserts build
llvm[1]: Compiling LockFileManager.cpp for Debug+Asserts build
llvm[1]: Compiling MD5.cpp for Debug+Asserts build
llvm[1]: Compiling ManagedStatic.cpp for Debug+Asserts build
llvm[1]: Compiling MathExtras.cpp for Debug+Asserts build
llvm[1]: Compiling Memory.cpp for Debug+Asserts build
llvm[1]: Compiling MemoryBuffer.cpp for Debug+Asserts build
llvm[1]: Compiling MemoryObject.cpp for Debug+Asserts build
llvm[1]: Compiling Mutex.cpp for Debug+Asserts build
llvm[1]: Compiling Options.cpp for Debug+Asserts build
llvm[1]: Compiling Path.cpp for Debug+Asserts build
llvm[1]: Compiling PluginLoader.cpp for Debug+Asserts build
llvm[1]: Compiling PrettyStackTrace.cpp for Debug+Asserts build
llvm[1]: Compiling Process.cpp for Debug+Asserts build
llvm[1]: Compiling Program.cpp for Debug+Asserts build
llvm[1]: Compiling RWMutex.cpp for Debug+Asserts build
llvm[1]: Compiling RandomNumberGenerator.cpp for Debug+Asserts build
llvm[1]: Compiling Regex.cpp for Debug+Asserts build
llvm[1]: Compiling ScaledNumber.cpp for Debug+Asserts build
llvm[1]: Compiling SearchForAddressOfSpecialSymbol.cpp for Debug+Asserts build
llvm[1]: Compiling Signals.cpp for Debug+Asserts build
llvm[1]: Compiling SmallPtrSet.cpp for Debug+Asserts build
llvm[1]: Compiling SmallVector.cpp for Debug+Asserts build
llvm[1]: Compiling SourceMgr.cpp for Debug+Asserts build
llvm[1]: Compiling SpecialCaseList.cpp for Debug+Asserts build
llvm[1]: Compiling Statistic.cpp for Debug+Asserts build
llvm[1]: Compiling StreamingMemoryObject.cpp for Debug+Asserts build
llvm[1]: Compiling StringExtras.cpp for Debug+Asserts build
llvm[1]: Compiling StringMap.cpp for Debug+Asserts build
llvm[1]: Compiling StringPool.cpp for Debug+Asserts build
llvm[1]: Compiling StringRef.cpp for Debug+Asserts build
llvm[1]: Compiling SystemUtils.cpp for Debug+Asserts build
llvm[1]: Compiling TargetRegistry.cpp for Debug+Asserts build
llvm[1]: Compiling ThreadLocal.cpp for Debug+Asserts build
llvm[1]: Compiling Threading.cpp for Debug+Asserts build
llvm[1]: Compiling TimeValue.cpp for Debug+Asserts build
llvm[1]: Compiling Timer.cpp for Debug+Asserts build
llvm[1]: Compiling ToolOutputFile.cpp for Debug+Asserts build
llvm[1]: Compiling Triple.cpp for Debug+Asserts build
llvm[1]: Compiling Twine.cpp for Debug+Asserts build
llvm[1]: Compiling Unicode.cpp for Debug+Asserts build
llvm[1]: Compiling Valgrind.cpp for Debug+Asserts build
llvm[1]: Compiling Watchdog.cpp for Debug+Asserts build
llvm[1]: Compiling YAMLParser.cpp for Debug+Asserts build
llvm[1]: Compiling YAMLTraits.cpp for Debug+Asserts build
llvm[1]: Compiling circular_raw_ostream.cpp for Debug+Asserts build
llvm[1]: Compiling raw_os_ostream.cpp for Debug+Asserts build
llvm[1]: Compiling raw_ostream.cpp for Debug+Asserts build
llvm[1]: Compiling regcomp.c for Debug+Asserts build
llvm[1]: Compiling regerror.c for Debug+Asserts build
llvm[1]: Compiling regexec.c for Debug+Asserts build
llvm[1]: Compiling regfree.c for Debug+Asserts build
llvm[1]: Compiling regstrlcpy.c for Debug+Asserts build
llvm[1]: Building Debug+Asserts Archive Library libLLVMSupport.a
make[1]: Leaving directory `/home/ubuntu/llvm-dsa/lib/Support'
make[1]: Entering directory `/home/ubuntu/llvm-dsa/lib/TableGen'
llvm[1]: Compiling Error.cpp for Debug+Asserts build
llvm[1]: Compiling Main.cpp for Debug+Asserts build
llvm[1]: Compiling Record.cpp for Debug+Asserts build
llvm[1]: Compiling SetTheory.cpp for Debug+Asserts build
llvm[1]: Compiling StringMatcher.cpp for Debug+Asserts build
llvm[1]: Compiling TGLexer.cpp for Debug+Asserts build
llvm[1]: Compiling TGParser.cpp for Debug+Asserts build
llvm[1]: Compiling TableGenBackend.cpp for Debug+Asserts build
llvm[1]: Building Debug+Asserts Archive Library libLLVMTableGen.a
make[1]: Leaving directory `/home/ubuntu/llvm-dsa/lib/TableGen'
make[1]: Entering directory `/home/ubuntu/llvm-dsa/utils'
make[2]: Entering directory `/home/ubuntu/llvm-dsa/utils/FileCheck'
llvm[2]: Compiling FileCheck.cpp for Debug+Asserts build
llvm[2]: Linking Debug+Asserts executable FileCheck
llvm[2]: ======= Finished Linking Debug+Asserts Executable FileCheck
make[2]: Leaving directory `/home/ubuntu/llvm-dsa/utils/FileCheck'
make[2]: Entering directory `/home/ubuntu/llvm-dsa/utils/TableGen'
llvm[2]: Compiling AsmMatcherEmitter.cpp for Debug+Asserts build
llvm[2]: Compiling AsmWriterEmitter.cpp for Debug+Asserts build
llvm[2]: Compiling AsmWriterInst.cpp for Debug+Asserts build
llvm[2]: Compiling CTagsEmitter.cpp for Debug+Asserts build
llvm[2]: Compiling CallingConvEmitter.cpp for Debug+Asserts build
llvm[2]: Compiling CodeEmitterGen.cpp for Debug+Asserts build
llvm[2]: Compiling CodeGenDAGPatterns.cpp for Debug+Asserts build
llvm[2]: Compiling CodeGenInstruction.cpp for Debug+Asserts build
llvm[2]: Compiling CodeGenMapTable.cpp for Debug+Asserts build
llvm[2]: Compiling CodeGenRegisters.cpp for Debug+Asserts build
llvm[2]: Compiling CodeGenSchedule.cpp for Debug+Asserts build
llvm[2]: Compiling CodeGenTarget.cpp for Debug+Asserts build
llvm[2]: Compiling DAGISelEmitter.cpp for Debug+Asserts build
llvm[2]: Compiling DAGISelMatcher.cpp for Debug+Asserts build
llvm[2]: Compiling DAGISelMatcherEmitter.cpp for Debug+Asserts build
llvm[2]: Compiling DAGISelMatcherGen.cpp for Debug+Asserts build
llvm[2]: Compiling DAGISelMatcherOpt.cpp for Debug+Asserts build
llvm[2]: Compiling DFAPacketizerEmitter.cpp for Debug+Asserts build
llvm[2]: Compiling DisassemblerEmitter.cpp for Debug+Asserts build
llvm[2]: Compiling FastISelEmitter.cpp for Debug+Asserts build
llvm[2]: Compiling FixedLenDecoderEmitter.cpp for Debug+Asserts build
llvm[2]: Compiling InstrInfoEmitter.cpp for Debug+Asserts build
llvm[2]: Compiling IntrinsicEmitter.cpp for Debug+Asserts build
llvm[2]: Compiling OptParserEmitter.cpp for Debug+Asserts build
llvm[2]: Compiling PseudoLoweringEmitter.cpp for Debug+Asserts build
llvm[2]: Compiling RegisterInfoEmitter.cpp for Debug+Asserts build
llvm[2]: Compiling SubtargetEmitter.cpp for Debug+Asserts build
llvm[2]: Compiling TableGen.cpp for Debug+Asserts build
llvm[2]: Compiling X86DisassemblerTables.cpp for Debug+Asserts build
llvm[2]: Compiling X86ModRMFilters.cpp for Debug+Asserts build
llvm[2]: Compiling X86RecognizableInstr.cpp for Debug+Asserts build
llvm[2]: Linking Debug+Asserts executable llvm-tblgen
llvm[2]: ======= Finished Linking Debug+Asserts Executable llvm-tblgen
make[2]: Leaving directory `/home/ubuntu/llvm-dsa/utils/TableGen'
make[2]: Entering directory `/home/ubuntu/llvm-dsa/utils/PerfectShuffle'
llvm[2]: Compiling PerfectShuffle.cpp for Debug+Asserts build
llvm[2]: Linking Debug+Asserts executable llvm-PerfectShuffle
llvm[2]: ======= Finished Linking Debug+Asserts Executable llvm-PerfectShuffle
make[2]: Leaving directory `/home/ubuntu/llvm-dsa/utils/PerfectShuffle'
make[2]: Entering directory `/home/ubuntu/llvm-dsa/utils/count'
llvm[2]: Compiling count.c for Debug+Asserts build
llvm[2]: Linking Debug+Asserts executable count
llvm[2]: ======= Finished Linking Debug+Asserts Executable count
make[2]: Leaving directory `/home/ubuntu/llvm-dsa/utils/count'
make[2]: Entering directory `/home/ubuntu/llvm-dsa/utils/fpcmp'
llvm[2]: Compiling fpcmp.cpp for Debug+Asserts build
llvm[2]: Linking Debug+Asserts executable fpcmp
llvm[2]: ======= Finished Linking Debug+Asserts Executable fpcmp
make[2]: Leaving directory `/home/ubuntu/llvm-dsa/utils/fpcmp'
make[2]: Entering directory `/home/ubuntu/llvm-dsa/utils/llvm-lit'
llvm[2]: Creating 'llvm-lit' script...
make[2]: Leaving directory `/home/ubuntu/llvm-dsa/utils/llvm-lit'
make[2]: Entering directory `/home/ubuntu/llvm-dsa/utils/not'
llvm[2]: Compiling not.cpp for Debug+Asserts build
llvm[2]: Linking Debug+Asserts executable not
llvm[2]: ======= Finished Linking Debug+Asserts Executable not
make[2]: Leaving directory `/home/ubuntu/llvm-dsa/utils/not'
make[2]: Entering directory `/home/ubuntu/llvm-dsa/utils/unittest'
make[3]: Entering directory `/home/ubuntu/llvm-dsa/utils/unittest/googletest'
llvm[3]: Compiling src/gtest-all.cc for Debug+Asserts build
llvm[3]: Building Debug+Asserts Archive Library libgtest.a
make[3]: Leaving directory `/home/ubuntu/llvm-dsa/utils/unittest/googletest'
make[3]: Entering directory `/home/ubuntu/llvm-dsa/utils/unittest/UnitTestMain'
llvm[3]: Compiling TestMain.cpp for Debug+Asserts build
llvm[3]: Building Debug+Asserts Archive Library libgtest_main.a
make[3]: Leaving directory `/home/ubuntu/llvm-dsa/utils/unittest/UnitTestMain'
make[2]: Leaving directory `/home/ubuntu/llvm-dsa/utils/unittest'
make[1]: Leaving directory `/home/ubuntu/llvm-dsa/utils'
make[1]: Entering directory `/home/ubuntu/llvm-dsa/lib/IR'
llvm[1]: Building Intrinsics.gen.tmp from Intrinsics.td
llvm[1]: Updated Intrinsics.gen because Intrinsics.gen.tmp changed significantly.
llvm[1]: Compiling AsmWriter.cpp for Debug+Asserts build
llvm[1]: Compiling Attributes.cpp for Debug+Asserts build
llvm[1]: Compiling AutoUpgrade.cpp for Debug+Asserts build
llvm[1]: Compiling BasicBlock.cpp for Debug+Asserts build
llvm[1]: Compiling Comdat.cpp for Debug+Asserts build
llvm[1]: Compiling ConstantFold.cpp for Debug+Asserts build
llvm[1]: Compiling ConstantRange.cpp for Debug+Asserts build
llvm[1]: Compiling Constants.cpp for Debug+Asserts build
llvm[1]: Compiling Core.cpp for Debug+Asserts build
llvm[1]: Compiling DIBuilder.cpp for Debug+Asserts build
llvm[1]: Compiling DataLayout.cpp for Debug+Asserts build
llvm[1]: Compiling DebugInfo.cpp for Debug+Asserts build
llvm[1]: Compiling DebugInfoMetadata.cpp for Debug+Asserts build
llvm[1]: Compiling DebugLoc.cpp for Debug+Asserts build
llvm[1]: Compiling DiagnosticInfo.cpp for Debug+Asserts build
llvm[1]: Compiling DiagnosticPrinter.cpp for Debug+Asserts build
llvm[1]: Compiling Dominators.cpp for Debug+Asserts build
llvm[1]: Compiling Function.cpp for Debug+Asserts build
llvm[1]: Compiling GCOV.cpp for Debug+Asserts build
llvm[1]: Compiling GVMaterializer.cpp for Debug+Asserts build
llvm[1]: Compiling Globals.cpp for Debug+Asserts build
llvm[1]: Compiling IRBuilder.cpp for Debug+Asserts build
llvm[1]: Compiling IRPrintingPasses.cpp for Debug+Asserts build
llvm[1]: Compiling InlineAsm.cpp for Debug+Asserts build
llvm[1]: Compiling Instruction.cpp for Debug+Asserts build
llvm[1]: Compiling Instructions.cpp for Debug+Asserts build
llvm[1]: Compiling IntrinsicInst.cpp for Debug+Asserts build
llvm[1]: Compiling LLVMContext.cpp for Debug+Asserts build
llvm[1]: Compiling LLVMContextImpl.cpp for Debug+Asserts build
llvm[1]: Compiling LegacyPassManager.cpp for Debug+Asserts build
llvm[1]: Compiling MDBuilder.cpp for Debug+Asserts build
llvm[1]: Compiling Mangler.cpp for Debug+Asserts build
llvm[1]: Compiling Metadata.cpp for Debug+Asserts build
llvm[1]: Compiling MetadataTracking.cpp for Debug+Asserts build
llvm[1]: Compiling Module.cpp for Debug+Asserts build
llvm[1]: Compiling Pass.cpp for Debug+Asserts build
llvm[1]: Compiling PassManager.cpp for Debug+Asserts build
llvm[1]: Compiling PassRegistry.cpp for Debug+Asserts build
llvm[1]: Compiling Statepoint.cpp for Debug+Asserts build
llvm[1]: Compiling Type.cpp for Debug+Asserts build
llvm[1]: Compiling TypeFinder.cpp for Debug+Asserts build
llvm[1]: Compiling Use.cpp for Debug+Asserts build
llvm[1]: Compiling User.cpp for Debug+Asserts build
llvm[1]: Compiling Value.cpp for Debug+Asserts build
llvm[1]: Compiling ValueSymbolTable.cpp for Debug+Asserts build
llvm[1]: Compiling ValueTypes.cpp for Debug+Asserts build
llvm[1]: Compiling Verifier.cpp for Debug+Asserts build
llvm[1]: Building Debug+Asserts Archive Library libLLVMCore.a
make[1]: Leaving directory `/home/ubuntu/llvm-dsa/lib/IR'
make[1]: Entering directory `/home/ubuntu/llvm-dsa/lib'
make[2]: Entering directory `/home/ubuntu/llvm-dsa/lib/IR'
make[2]: Nothing to be done for `all'.
make[2]: Leaving directory `/home/ubuntu/llvm-dsa/lib/IR'
make[2]: Entering directory `/home/ubuntu/llvm-dsa/lib/AsmParser'
llvm[2]: Compiling LLLexer.cpp for Debug+Asserts build
llvm[2]: Compiling LLParser.cpp for Debug+Asserts build
llvm[2]: Compiling Parser.cpp for Debug+Asserts build
llvm[2]: Building Debug+Asserts Archive Library libLLVMAsmParser.a
make[2]: Leaving directory `/home/ubuntu/llvm-dsa/lib/AsmParser'
make[2]: Entering directory `/home/ubuntu/llvm-dsa/lib/Bitcode'
make[3]: Entering directory `/home/ubuntu/llvm-dsa/lib/Bitcode/Reader'
llvm[3]: Compiling BitReader.cpp for Debug+Asserts build
llvm[3]: Compiling BitcodeReader.cpp for Debug+Asserts build
llvm[3]: Compiling BitstreamReader.cpp for Debug+Asserts build
llvm[3]: Building Debug+Asserts Archive Library libLLVMBitReader.a
make[3]: Leaving directory `/home/ubuntu/llvm-dsa/lib/Bitcode/Reader'
make[3]: Entering directory `/home/ubuntu/llvm-dsa/lib/Bitcode/Writer'
llvm[3]: Compiling BitWriter.cpp for Debug+Asserts build
llvm[3]: Compiling BitcodeWriter.cpp for Debug+Asserts build
llvm[3]: Compiling BitcodeWriterPass.cpp for Debug+Asserts build
llvm[3]: Compiling ValueEnumerator.cpp for Debug+Asserts build
llvm[3]: Building Debug+Asserts Archive Library libLLVMBitWriter.a
make[3]: Leaving directory `/home/ubuntu/llvm-dsa/lib/Bitcode/Writer'
make[2]: Leaving directory `/home/ubuntu/llvm-dsa/lib/Bitcode'
make[2]: Entering directory `/home/ubuntu/llvm-dsa/lib/Analysis'
llvm[2]: Compiling AliasAnalysis.cpp for Debug+Asserts build
llvm[2]: Compiling AliasAnalysisCounter.cpp for Debug+Asserts build
llvm[2]: Compiling AliasAnalysisEvaluator.cpp for Debug+Asserts build
llvm[2]: Compiling AliasDebugger.cpp for Debug+Asserts build
llvm[2]: Compiling AliasSetTracker.cpp for Debug+Asserts build
llvm[2]: Compiling Analysis.cpp for Debug+Asserts build
llvm[2]: Compiling AssumptionCache.cpp for Debug+Asserts build
llvm[2]: Compiling BasicAliasAnalysis.cpp for Debug+Asserts build
llvm[2]: Compiling BlockFrequencyInfo.cpp for Debug+Asserts build
llvm[2]: Compiling BlockFrequencyInfoImpl.cpp for Debug+Asserts build
llvm[2]: Compiling BranchProbabilityInfo.cpp for Debug+Asserts build
llvm[2]: Compiling CFG.cpp for Debug+Asserts build
llvm[2]: Compiling CFGPrinter.cpp for Debug+Asserts build
llvm[2]: Compiling CFLAliasAnalysis.cpp for Debug+Asserts build
llvm[2]: Compiling CGSCCPassManager.cpp for Debug+Asserts build
llvm[2]: Compiling CaptureTracking.cpp for Debug+Asserts build
llvm[2]: Compiling CodeMetrics.cpp for Debug+Asserts build
llvm[2]: Compiling ConstantFolding.cpp for Debug+Asserts build
llvm[2]: Compiling CostModel.cpp for Debug+Asserts build
llvm[2]: Compiling Delinearization.cpp for Debug+Asserts build
llvm[2]: Compiling DependenceAnalysis.cpp for Debug+Asserts build
llvm[2]: Compiling DivergenceAnalysis.cpp for Debug+Asserts build
llvm[2]: Compiling DomPrinter.cpp for Debug+Asserts build
llvm[2]: Compiling DominanceFrontier.cpp for Debug+Asserts build
llvm[2]: Compiling IVUsers.cpp for Debug+Asserts build
llvm[2]: Compiling InstCount.cpp for Debug+Asserts build
llvm[2]: Compiling InstructionSimplify.cpp for Debug+Asserts build
llvm[2]: Compiling Interval.cpp for Debug+Asserts build
llvm[2]: Compiling IntervalPartition.cpp for Debug+Asserts build
llvm[2]: Compiling LazyCallGraph.cpp for Debug+Asserts build
llvm[2]: Compiling LazyValueInfo.cpp for Debug+Asserts build
llvm[2]: Compiling LibCallAliasAnalysis.cpp for Debug+Asserts build
llvm[2]: Compiling LibCallSemantics.cpp for Debug+Asserts build
llvm[2]: Compiling Lint.cpp for Debug+Asserts build
llvm[2]: Compiling Loads.cpp for Debug+Asserts build
llvm[2]: Compiling LoopAccessAnalysis.cpp for Debug+Asserts build
llvm[2]: Compiling LoopInfo.cpp for Debug+Asserts build
llvm[2]: Compiling LoopPass.cpp for Debug+Asserts build
llvm[2]: Compiling MemDepPrinter.cpp for Debug+Asserts build
llvm[2]: Compiling MemDerefPrinter.cpp for Debug+Asserts build
llvm[2]: Compiling MemoryBuiltins.cpp for Debug+Asserts build
llvm[2]: Compiling MemoryDependenceAnalysis.cpp for Debug+Asserts build
llvm[2]: Compiling ModuleDebugInfoPrinter.cpp for Debug+Asserts build
llvm[2]: Compiling NoAliasAnalysis.cpp for Debug+Asserts build
llvm[2]: Compiling PHITransAddr.cpp for Debug+Asserts build
llvm[2]: Compiling PostDominators.cpp for Debug+Asserts build
llvm[2]: Compiling PtrUseVisitor.cpp for Debug+Asserts build
llvm[2]: Compiling RegionInfo.cpp for Debug+Asserts build
llvm[2]: Compiling RegionPass.cpp for Debug+Asserts build
llvm[2]: Compiling RegionPrinter.cpp for Debug+Asserts build
llvm[2]: Compiling ScalarEvolution.cpp for Debug+Asserts build
llvm[2]: Compiling ScalarEvolutionAliasAnalysis.cpp for Debug+Asserts build
llvm[2]: Compiling ScalarEvolutionExpander.cpp for Debug+Asserts build
llvm[2]: Compiling ScalarEvolutionNormalization.cpp for Debug+Asserts build
llvm[2]: Compiling ScopedNoAliasAA.cpp for Debug+Asserts build
llvm[2]: Compiling SparsePropagation.cpp for Debug+Asserts build
llvm[2]: Compiling TargetLibraryInfo.cpp for Debug+Asserts build
llvm[2]: Compiling TargetTransformInfo.cpp for Debug+Asserts build
llvm[2]: Compiling Trace.cpp for Debug+Asserts build
llvm[2]: Compiling TypeBasedAliasAnalysis.cpp for Debug+Asserts build
llvm[2]: Compiling ValueTracking.cpp for Debug+Asserts build
llvm[2]: Building Debug+Asserts Archive Library libLLVMAnalysis.a
make[3]: Entering directory `/home/ubuntu/llvm-dsa/lib/Analysis/IPA'
llvm[3]: Compiling CallGraph.cpp for Debug+Asserts build
llvm[3]: Compiling CallGraphSCCPass.cpp for Debug+Asserts build
llvm[3]: Compiling CallPrinter.cpp for Debug+Asserts build
llvm[3]: Compiling GlobalsModRef.cpp for Debug+Asserts build
llvm[3]: Compiling IPA.cpp for Debug+Asserts build
llvm[3]: Compiling InlineCost.cpp for Debug+Asserts build
llvm[3]: Building Debug+Asserts Archive Library libLLVMipa.a
make[3]: Leaving directory `/home/ubuntu/llvm-dsa/lib/Analysis/IPA'
make[2]: Leaving directory `/home/ubuntu/llvm-dsa/lib/Analysis'
make[2]: Entering directory `/home/ubuntu/llvm-dsa/lib/Transforms'
make[3]: Entering directory `/home/ubuntu/llvm-dsa/lib/Transforms/Utils'
llvm[3]: Compiling ASanStackFrameLayout.cpp for Debug+Asserts build
llvm[3]: Compiling AddDiscriminators.cpp for Debug+Asserts build
llvm[3]: Compiling BasicBlockUtils.cpp for Debug+Asserts build
llvm[3]: Compiling BreakCriticalEdges.cpp for Debug+Asserts build
llvm[3]: Compiling BuildLibCalls.cpp for Debug+Asserts build
llvm[3]: Compiling BypassSlowDivision.cpp for Debug+Asserts build
llvm[3]: Compiling CloneFunction.cpp for Debug+Asserts build
llvm[3]: Compiling CloneModule.cpp for Debug+Asserts build
llvm[3]: Compiling CmpInstAnalysis.cpp for Debug+Asserts build
llvm[3]: Compiling CodeExtractor.cpp for Debug+Asserts build
llvm[3]: Compiling CtorUtils.cpp for Debug+Asserts build
llvm[3]: Compiling DemoteRegToStack.cpp for Debug+Asserts build
llvm[3]: Compiling FlattenCFG.cpp for Debug+Asserts build
llvm[3]: Compiling GlobalStatus.cpp for Debug+Asserts build
llvm[3]: Compiling InlineFunction.cpp for Debug+Asserts build
llvm[3]: Compiling InstructionNamer.cpp for Debug+Asserts build
llvm[3]: Compiling IntegerDivision.cpp for Debug+Asserts build
llvm[3]: Compiling LCSSA.cpp for Debug+Asserts build
llvm[3]: Compiling Local.cpp for Debug+Asserts build
llvm[3]: Compiling LoopSimplify.cpp for Debug+Asserts build
llvm[3]: Compiling LoopUnroll.cpp for Debug+Asserts build
llvm[3]: Compiling LoopUnrollRuntime.cpp for Debug+Asserts build
llvm[3]: Compiling LowerInvoke.cpp for Debug+Asserts build
llvm[3]: Compiling LowerSwitch.cpp for Debug+Asserts build
llvm[3]: Compiling Mem2Reg.cpp for Debug+Asserts build
llvm[3]: Compiling MetaRenamer.cpp for Debug+Asserts build
llvm[3]: Compiling ModuleUtils.cpp for Debug+Asserts build
llvm[3]: Compiling PromoteMemoryToRegister.cpp for Debug+Asserts build
llvm[3]: Compiling SSAUpdater.cpp for Debug+Asserts build
llvm[3]: Compiling SimplifyCFG.cpp for Debug+Asserts build
llvm[3]: Compiling SimplifyIndVar.cpp for Debug+Asserts build
llvm[3]: Compiling SimplifyInstructions.cpp for Debug+Asserts build
llvm[3]: Compiling SimplifyLibCalls.cpp for Debug+Asserts build
llvm[3]: Compiling SymbolRewriter.cpp for Debug+Asserts build
llvm[3]: Compiling UnifyFunctionExitNodes.cpp for Debug+Asserts build
llvm[3]: Compiling Utils.cpp for Debug+Asserts build
llvm[3]: Compiling ValueMapper.cpp for Debug+Asserts build
llvm[3]: Building Debug+Asserts Archive Library libLLVMTransformUtils.a
make[3]: Leaving directory `/home/ubuntu/llvm-dsa/lib/Transforms/Utils'
make[3]: Entering directory `/home/ubuntu/llvm-dsa/lib/Transforms/Instrumentation'
llvm[3]: Compiling AddressSanitizer.cpp for Debug+Asserts build
llvm[3]: Compiling BoundsChecking.cpp for Debug+Asserts build
llvm[3]: Compiling DataFlowSanitizer.cpp for Debug+Asserts build
llvm[3]: Compiling GCOVProfiling.cpp for Debug+Asserts build
llvm[3]: Compiling InstrProfiling.cpp for Debug+Asserts build
llvm[3]: Compiling Instrumentation.cpp for Debug+Asserts build
llvm[3]: Compiling MemorySanitizer.cpp for Debug+Asserts build
llvm[3]: Compiling SanitizerCoverage.cpp for Debug+Asserts build
llvm[3]: Compiling ThreadSanitizer.cpp for Debug+Asserts build
llvm[3]: Building Debug+Asserts Archive Library libLLVMInstrumentation.a
make[3]: Leaving directory `/home/ubuntu/llvm-dsa/lib/Transforms/Instrumentation'
make[3]: Entering directory `/home/ubuntu/llvm-dsa/lib/Transforms/Scalar'
llvm[3]: Compiling ADCE.cpp for Debug+Asserts build
llvm[3]: Compiling AlignmentFromAssumptions.cpp for Debug+Asserts build
llvm[3]: Compiling BDCE.cpp for Debug+Asserts build
llvm[3]: Compiling ConstantHoisting.cpp for Debug+Asserts build
llvm[3]: Compiling ConstantProp.cpp for Debug+Asserts build
llvm[3]: Compiling CorrelatedValuePropagation.cpp for Debug+Asserts build
llvm[3]: Compiling DCE.cpp for Debug+Asserts build
llvm[3]: Compiling DeadStoreElimination.cpp for Debug+Asserts build
llvm[3]: Compiling EarlyCSE.cpp for Debug+Asserts build
llvm[3]: Compiling FlattenCFGPass.cpp for Debug+Asserts build
llvm[3]: Compiling Float2Int.cpp for Debug+Asserts build
llvm[3]: Compiling GVN.cpp for Debug+Asserts build
llvm[3]: Compiling IndVarSimplify.cpp for Debug+Asserts build
llvm[3]: Compiling InductiveRangeCheckElimination.cpp for Debug+Asserts build
llvm[3]: Compiling JumpThreading.cpp for Debug+Asserts build
llvm[3]: Compiling LICM.cpp for Debug+Asserts build
llvm[3]: Compiling LoadCombine.cpp for Debug+Asserts build
llvm[3]: Compiling LoopDeletion.cpp for Debug+Asserts build
llvm[3]: Compiling LoopIdiomRecognize.cpp for Debug+Asserts build
llvm[3]: Compiling LoopInstSimplify.cpp for Debug+Asserts build
llvm[3]: Compiling LoopInterchange.cpp for Debug+Asserts build
llvm[3]: Compiling LoopRerollPass.cpp for Debug+Asserts build
llvm[3]: Compiling LoopRotation.cpp for Debug+Asserts build
llvm[3]: Compiling LoopStrengthReduce.cpp for Debug+Asserts build
llvm[3]: Compiling LoopUnrollPass.cpp for Debug+Asserts build
llvm[3]: Compiling LoopUnswitch.cpp for Debug+Asserts build
llvm[3]: Compiling LowerAtomic.cpp for Debug+Asserts build
llvm[3]: Compiling LowerExpectIntrinsic.cpp for Debug+Asserts build
llvm[3]: Compiling MemCpyOptimizer.cpp for Debug+Asserts build
llvm[3]: Compiling MergedLoadStoreMotion.cpp for Debug+Asserts build
llvm[3]: Compiling NaryReassociate.cpp for Debug+Asserts build
llvm[3]: Compiling PartiallyInlineLibCalls.cpp for Debug+Asserts build
llvm[3]: Compiling PlaceSafepoints.cpp for Debug+Asserts build
llvm[3]: Compiling Reassociate.cpp for Debug+Asserts build
llvm[3]: Compiling Reg2Mem.cpp for Debug+Asserts build
llvm[3]: Compiling RewriteStatepointsForGC.cpp for Debug+Asserts build
llvm[3]: Compiling SCCP.cpp for Debug+Asserts build
llvm[3]: Compiling SROA.cpp for Debug+Asserts build
llvm[3]: Compiling SampleProfile.cpp for Debug+Asserts build
llvm[3]: Compiling Scalar.cpp for Debug+Asserts build
llvm[3]: Compiling ScalarReplAggregates.cpp for Debug+Asserts build
llvm[3]: Compiling Scalarizer.cpp for Debug+Asserts build
llvm[3]: Compiling SeparateConstOffsetFromGEP.cpp for Debug+Asserts build
llvm[3]: Compiling SimplifyCFGPass.cpp for Debug+Asserts build
llvm[3]: Compiling Sink.cpp for Debug+Asserts build
llvm[3]: Compiling StraightLineStrengthReduce.cpp for Debug+Asserts build
llvm[3]: Compiling StructurizeCFG.cpp for Debug+Asserts build
llvm[3]: Compiling TailRecursionElimination.cpp for Debug+Asserts build
llvm[3]: Building Debug+Asserts Archive Library libLLVMScalarOpts.a
make[3]: Leaving directory `/home/ubuntu/llvm-dsa/lib/Transforms/Scalar'
make[3]: Entering directory `/home/ubuntu/llvm-dsa/lib/Transforms/InstCombine'
llvm[3]: Compiling InstCombineAddSub.cpp for Debug+Asserts build
llvm[3]: Compiling InstCombineAndOrXor.cpp for Debug+Asserts build
llvm[3]: Compiling InstCombineCalls.cpp for Debug+Asserts build
llvm[3]: Compiling InstCombineCasts.cpp for Debug+Asserts build
llvm[3]: Compiling InstCombineCompares.cpp for Debug+Asserts build
llvm[3]: Compiling InstCombineLoadStoreAlloca.cpp for Debug+Asserts build
llvm[3]: Compiling InstCombineMulDivRem.cpp for Debug+Asserts build
llvm[3]: Compiling InstCombinePHI.cpp for Debug+Asserts build
llvm[3]: Compiling InstCombineSelect.cpp for Debug+Asserts build
llvm[3]: Compiling InstCombineShifts.cpp for Debug+Asserts build
llvm[3]: Compiling InstCombineSimplifyDemanded.cpp for Debug+Asserts build
llvm[3]: Compiling InstCombineVectorOps.cpp for Debug+Asserts build
llvm[3]: Compiling InstructionCombining.cpp for Debug+Asserts build
llvm[3]: Building Debug+Asserts Archive Library libLLVMInstCombine.a
make[3]: Leaving directory `/home/ubuntu/llvm-dsa/lib/Transforms/InstCombine'
make[3]: Entering directory `/home/ubuntu/llvm-dsa/lib/Transforms/IPO'
llvm[3]: Compiling ArgumentPromotion.cpp for Debug+Asserts build
llvm[3]: Compiling BarrierNoopPass.cpp for Debug+Asserts build
llvm[3]: Compiling ConstantMerge.cpp for Debug+Asserts build
llvm[3]: Compiling DeadArgumentElimination.cpp for Debug+Asserts build
llvm[3]: Compiling ExtractGV.cpp for Debug+Asserts build
llvm[3]: Compiling FunctionAttrs.cpp for Debug+Asserts build
llvm[3]: Compiling GlobalDCE.cpp for Debug+Asserts build
llvm[3]: Compiling GlobalOpt.cpp for Debug+Asserts build
llvm[3]: Compiling IPConstantPropagation.cpp for Debug+Asserts build
llvm[3]: Compiling IPO.cpp for Debug+Asserts build
llvm[3]: Compiling InlineAlways.cpp for Debug+Asserts build
llvm[3]: Compiling InlineSimple.cpp for Debug+Asserts build
llvm[3]: Compiling Inliner.cpp for Debug+Asserts build
llvm[3]: Compiling Internalize.cpp for Debug+Asserts build
llvm[3]: Compiling LoopExtractor.cpp for Debug+Asserts build
llvm[3]: Compiling LowerBitSets.cpp for Debug+Asserts build
llvm[3]: Compiling MergeFunctions.cpp for Debug+Asserts build
llvm[3]: Compiling PartialInlining.cpp for Debug+Asserts build
llvm[3]: Compiling PassManagerBuilder.cpp for Debug+Asserts build
llvm[3]: Compiling PruneEH.cpp for Debug+Asserts build
llvm[3]: Compiling StripDeadPrototypes.cpp for Debug+Asserts build
llvm[3]: Compiling StripSymbols.cpp for Debug+Asserts build
llvm[3]: Building Debug+Asserts Archive Library libLLVMipo.a
make[3]: Leaving directory `/home/ubuntu/llvm-dsa/lib/Transforms/IPO'
make[3]: Entering directory `/home/ubuntu/llvm-dsa/lib/Transforms/Vectorize'
llvm[3]: Compiling BBVectorize.cpp for Debug+Asserts build
llvm[3]: Compiling LoopVectorize.cpp for Debug+Asserts build
llvm[3]: Compiling SLPVectorizer.cpp for Debug+Asserts build
llvm[3]: Compiling Vectorize.cpp for Debug+Asserts build
llvm[3]: Building Debug+Asserts Archive Library libLLVMVectorize.a
make[3]: Leaving directory `/home/ubuntu/llvm-dsa/lib/Transforms/Vectorize'
make[3]: Entering directory `/home/ubuntu/llvm-dsa/lib/Transforms/Hello'
llvm[3]: Compiling Hello.cpp for Debug+Asserts build (PIC)
llvm[3]: Linking Debug+Asserts Loadable Module LLVMHello.so
make[3]: Leaving directory `/home/ubuntu/llvm-dsa/lib/Transforms/Hello'
make[3]: Entering directory `/home/ubuntu/llvm-dsa/lib/Transforms/ObjCARC'
llvm[3]: Compiling ARCInstKind.cpp for Debug+Asserts build
llvm[3]: Compiling DependencyAnalysis.cpp for Debug+Asserts build
llvm[3]: Compiling ObjCARC.cpp for Debug+Asserts build
llvm[3]: Compiling ObjCARCAPElim.cpp for Debug+Asserts build
llvm[3]: Compiling ObjCARCAliasAnalysis.cpp for Debug+Asserts build
llvm[3]: Compiling ObjCARCContract.cpp for Debug+Asserts build
llvm[3]: Compiling ObjCARCExpand.cpp for Debug+Asserts build
llvm[3]: Compiling ObjCARCOpts.cpp for Debug+Asserts build
llvm[3]: Compiling ProvenanceAnalysis.cpp for Debug+Asserts build
llvm[3]: Compiling ProvenanceAnalysisEvaluator.cpp for Debug+Asserts build
llvm[3]: Compiling PtrState.cpp for Debug+Asserts build
llvm[3]: Building Debug+Asserts Archive Library libLLVMObjCARCOpts.a
make[3]: Leaving directory `/home/ubuntu/llvm-dsa/lib/Transforms/ObjCARC'
make[2]: Leaving directory `/home/ubuntu/llvm-dsa/lib/Transforms'
make[2]: Entering directory `/home/ubuntu/llvm-dsa/lib/CodeGen'
llvm[2]: Compiling AggressiveAntiDepBreaker.cpp for Debug+Asserts build
llvm[2]: Compiling AllocationOrder.cpp for Debug+Asserts build
llvm[2]: Compiling Analysis.cpp for Debug+Asserts build
llvm[2]: Compiling AtomicExpandPass.cpp for Debug+Asserts build
llvm[2]: Compiling BasicTargetTransformInfo.cpp for Debug+Asserts build
llvm[2]: Compiling BranchFolding.cpp for Debug+Asserts build
llvm[2]: Compiling CalcSpillWeights.cpp for Debug+Asserts build
llvm[2]: Compiling CallingConvLower.cpp for Debug+Asserts build
llvm[2]: Compiling CodeGen.cpp for Debug+Asserts build
llvm[2]: Compiling CodeGenPrepare.cpp for Debug+Asserts build
llvm[2]: Compiling CriticalAntiDepBreaker.cpp for Debug+Asserts build
llvm[2]: Compiling DFAPacketizer.cpp for Debug+Asserts build
llvm[2]: Compiling DeadMachineInstructionElim.cpp for Debug+Asserts build
llvm[2]: Compiling DwarfEHPrepare.cpp for Debug+Asserts build
llvm[2]: Compiling EarlyIfConversion.cpp for Debug+Asserts build
llvm[2]: Compiling EdgeBundles.cpp for Debug+Asserts build
llvm[2]: Compiling ErlangGC.cpp for Debug+Asserts build
llvm[2]: Compiling ExecutionDepsFix.cpp for Debug+Asserts build
llvm[2]: Compiling ExpandISelPseudos.cpp for Debug+Asserts build
llvm[2]: Compiling ExpandPostRAPseudos.cpp for Debug+Asserts build
llvm[2]: Compiling GCMetadata.cpp for Debug+Asserts build
llvm[2]: Compiling GCMetadataPrinter.cpp for Debug+Asserts build
llvm[2]: Compiling GCRootLowering.cpp for Debug+Asserts build
llvm[2]: Compiling GCStrategy.cpp for Debug+Asserts build
llvm[2]: Compiling GlobalMerge.cpp for Debug+Asserts build
llvm[2]: Compiling IfConversion.cpp for Debug+Asserts build
llvm[2]: Compiling InlineSpiller.cpp for Debug+Asserts build
llvm[2]: Compiling InterferenceCache.cpp for Debug+Asserts build
llvm[2]: Compiling IntrinsicLowering.cpp for Debug+Asserts build
llvm[2]: Compiling LLVMTargetMachine.cpp for Debug+Asserts build
llvm[2]: Compiling LatencyPriorityQueue.cpp for Debug+Asserts build
llvm[2]: Compiling LexicalScopes.cpp for Debug+Asserts build
llvm[2]: Compiling LiveDebugVariables.cpp for Debug+Asserts build
llvm[2]: Compiling LiveInterval.cpp for Debug+Asserts build
llvm[2]: Compiling LiveIntervalAnalysis.cpp for Debug+Asserts build
llvm[2]: Compiling LiveIntervalUnion.cpp for Debug+Asserts build
llvm[2]: Compiling LivePhysRegs.cpp for Debug+Asserts build
llvm[2]: Compiling LiveRangeCalc.cpp for Debug+Asserts build
llvm[2]: Compiling LiveRangeEdit.cpp for Debug+Asserts build
llvm[2]: Compiling LiveRegMatrix.cpp for Debug+Asserts build
llvm[2]: Compiling LiveStackAnalysis.cpp for Debug+Asserts build
llvm[2]: Compiling LiveVariables.cpp for Debug+Asserts build
llvm[2]: Compiling LocalStackSlotAllocation.cpp for Debug+Asserts build
llvm[2]: Compiling MachineBasicBlock.cpp for Debug+Asserts build
llvm[2]: Compiling MachineBlockFrequencyInfo.cpp for Debug+Asserts build
llvm[2]: Compiling MachineBlockPlacement.cpp for Debug+Asserts build
llvm[2]: Compiling MachineBranchProbabilityInfo.cpp for Debug+Asserts build
llvm[2]: Compiling MachineCSE.cpp for Debug+Asserts build
llvm[2]: Compiling MachineCombiner.cpp for Debug+Asserts build
llvm[2]: Compiling MachineCopyPropagation.cpp for Debug+Asserts build
llvm[2]: Compiling MachineDominanceFrontier.cpp for Debug+Asserts build
llvm[2]: Compiling MachineDominators.cpp for Debug+Asserts build
llvm[2]: Compiling MachineFunction.cpp for Debug+Asserts build
llvm[2]: Compiling MachineFunctionAnalysis.cpp for Debug+Asserts build
llvm[2]: Compiling MachineFunctionPass.cpp for Debug+Asserts build
llvm[2]: Compiling MachineFunctionPrinterPass.cpp for Debug+Asserts build
llvm[2]: Compiling MachineInstr.cpp for Debug+Asserts build
llvm[2]: Compiling MachineInstrBundle.cpp for Debug+Asserts build
llvm[2]: Compiling MachineLICM.cpp for Debug+Asserts build
llvm[2]: Compiling MachineLoopInfo.cpp for Debug+Asserts build
llvm[2]: Compiling MachineModuleInfo.cpp for Debug+Asserts build
llvm[2]: Compiling MachineModuleInfoImpls.cpp for Debug+Asserts build
llvm[2]: Compiling MachinePassRegistry.cpp for Debug+Asserts build
llvm[2]: Compiling MachinePostDominators.cpp for Debug+Asserts build
llvm[2]: Compiling MachineRegionInfo.cpp for Debug+Asserts build
llvm[2]: Compiling MachineRegisterInfo.cpp for Debug+Asserts build
llvm[2]: Compiling MachineSSAUpdater.cpp for Debug+Asserts build
llvm[2]: Compiling MachineScheduler.cpp for Debug+Asserts build
llvm[2]: Compiling MachineSink.cpp for Debug+Asserts build
llvm[2]: Compiling MachineTraceMetrics.cpp for Debug+Asserts build
llvm[2]: Compiling MachineVerifier.cpp for Debug+Asserts build
llvm[2]: Compiling OcamlGC.cpp for Debug+Asserts build
llvm[2]: Compiling OptimizePHIs.cpp for Debug+Asserts build
llvm[2]: Compiling PHIElimination.cpp for Debug+Asserts build
llvm[2]: Compiling PHIEliminationUtils.cpp for Debug+Asserts build
llvm[2]: Compiling Passes.cpp for Debug+Asserts build
llvm[2]: Compiling PeepholeOptimizer.cpp for Debug+Asserts build
llvm[2]: Compiling PostRASchedulerList.cpp for Debug+Asserts build
llvm[2]: Compiling ProcessImplicitDefs.cpp for Debug+Asserts build
llvm[2]: Compiling PrologEpilogInserter.cpp for Debug+Asserts build
llvm[2]: Compiling PseudoSourceValue.cpp for Debug+Asserts build
llvm[2]: Compiling RegAllocBase.cpp for Debug+Asserts build
llvm[2]: Compiling RegAllocBasic.cpp for Debug+Asserts build
llvm[2]: Compiling RegAllocFast.cpp for Debug+Asserts build
llvm[2]: Compiling RegAllocGreedy.cpp for Debug+Asserts build
llvm[2]: Compiling RegAllocPBQP.cpp for Debug+Asserts build
llvm[2]: Compiling RegisterClassInfo.cpp for Debug+Asserts build
llvm[2]: Compiling RegisterCoalescer.cpp for Debug+Asserts build
llvm[2]: Compiling RegisterPressure.cpp for Debug+Asserts build
llvm[2]: Compiling RegisterScavenging.cpp for Debug+Asserts build
llvm[2]: Compiling ScheduleDAG.cpp for Debug+Asserts build
llvm[2]: Compiling ScheduleDAGInstrs.cpp for Debug+Asserts build
llvm[2]: Compiling ScheduleDAGPrinter.cpp for Debug+Asserts build
llvm[2]: Compiling ScoreboardHazardRecognizer.cpp for Debug+Asserts build
llvm[2]: Compiling ShadowStackGC.cpp for Debug+Asserts build
llvm[2]: Compiling ShadowStackGCLowering.cpp for Debug+Asserts build
llvm[2]: Compiling SjLjEHPrepare.cpp for Debug+Asserts build
llvm[2]: Compiling SlotIndexes.cpp for Debug+Asserts build
llvm[2]: Compiling SpillPlacement.cpp for Debug+Asserts build
llvm[2]: Compiling SplitKit.cpp for Debug+Asserts build
llvm[2]: Compiling StackColoring.cpp for Debug+Asserts build
llvm[2]: Compiling StackMapLivenessAnalysis.cpp for Debug+Asserts build
llvm[2]: Compiling StackMaps.cpp for Debug+Asserts build
llvm[2]: Compiling StackProtector.cpp for Debug+Asserts build
llvm[2]: Compiling StackSlotColoring.cpp for Debug+Asserts build
llvm[2]: Compiling StatepointExampleGC.cpp for Debug+Asserts build
llvm[2]: Compiling TailDuplication.cpp for Debug+Asserts build
llvm[2]: Compiling TargetFrameLoweringImpl.cpp for Debug+Asserts build
llvm[2]: Compiling TargetInstrInfo.cpp for Debug+Asserts build
llvm[2]: Compiling TargetLoweringBase.cpp for Debug+Asserts build
llvm[2]: Compiling TargetLoweringObjectFileImpl.cpp for Debug+Asserts build
llvm[2]: Compiling TargetOptionsImpl.cpp for Debug+Asserts build
llvm[2]: Compiling TargetRegisterInfo.cpp for Debug+Asserts build
llvm[2]: Compiling TargetSchedule.cpp for Debug+Asserts build
llvm[2]: Compiling TwoAddressInstructionPass.cpp for Debug+Asserts build
llvm[2]: Compiling UnreachableBlockElim.cpp for Debug+Asserts build
llvm[2]: Compiling VirtRegMap.cpp for Debug+Asserts build
llvm[2]: Compiling WinEHPrepare.cpp for Debug+Asserts build
llvm[2]: Building Debug+Asserts Archive Library libLLVMCodeGen.a
make[3]: Entering directory `/home/ubuntu/llvm-dsa/lib/CodeGen/SelectionDAG'
llvm[3]: Compiling DAGCombiner.cpp for Debug+Asserts build
llvm[3]: Compiling FastISel.cpp for Debug+Asserts build
llvm[3]: Compiling FunctionLoweringInfo.cpp for Debug+Asserts build
llvm[3]: Compiling InstrEmitter.cpp for Debug+Asserts build
llvm[3]: Compiling LegalizeDAG.cpp for Debug+Asserts build
llvm[3]: Compiling LegalizeFloatTypes.cpp for Debug+Asserts build
llvm[3]: Compiling LegalizeIntegerTypes.cpp for Debug+Asserts build
llvm[3]: Compiling LegalizeTypes.cpp for Debug+Asserts build
llvm[3]: Compiling LegalizeTypesGeneric.cpp for Debug+Asserts build
llvm[3]: Compiling LegalizeVectorOps.cpp for Debug+Asserts build
llvm[3]: Compiling LegalizeVectorTypes.cpp for Debug+Asserts build
llvm[3]: Compiling ResourcePriorityQueue.cpp for Debug+Asserts build
llvm[3]: Compiling ScheduleDAGFast.cpp for Debug+Asserts build
llvm[3]: Compiling ScheduleDAGRRList.cpp for Debug+Asserts build
llvm[3]: Compiling ScheduleDAGSDNodes.cpp for Debug+Asserts build
llvm[3]: Compiling ScheduleDAGVLIW.cpp for Debug+Asserts build
llvm[3]: Compiling SelectionDAG.cpp for Debug+Asserts build
llvm[3]: Compiling SelectionDAGBuilder.cpp for Debug+Asserts build
llvm[3]: Compiling SelectionDAGDumper.cpp for Debug+Asserts build
llvm[3]: Compiling SelectionDAGISel.cpp for Debug+Asserts build
llvm[3]: Compiling SelectionDAGPrinter.cpp for Debug+Asserts build
llvm[3]: Compiling StatepointLowering.cpp for Debug+Asserts build
llvm[3]: Compiling TargetLowering.cpp for Debug+Asserts build
llvm[3]: Compiling TargetSelectionDAGInfo.cpp for Debug+Asserts build
llvm[3]: Building Debug+Asserts Archive Library libLLVMSelectionDAG.a
make[3]: Leaving directory `/home/ubuntu/llvm-dsa/lib/CodeGen/SelectionDAG'
make[3]: Entering directory `/home/ubuntu/llvm-dsa/lib/CodeGen/AsmPrinter'
llvm[3]: Compiling ARMException.cpp for Debug+Asserts build
llvm[3]: Compiling AddressPool.cpp for Debug+Asserts build
llvm[3]: Compiling AsmPrinter.cpp for Debug+Asserts build
llvm[3]: Compiling AsmPrinterDwarf.cpp for Debug+Asserts build
llvm[3]: Compiling AsmPrinterInlineAsm.cpp for Debug+Asserts build
llvm[3]: Compiling DIE.cpp for Debug+Asserts build
llvm[3]: Compiling DIEHash.cpp for Debug+Asserts build
llvm[3]: Compiling DbgValueHistoryCalculator.cpp for Debug+Asserts build
llvm[3]: Compiling DwarfAccelTable.cpp for Debug+Asserts build
llvm[3]: Compiling DwarfCFIException.cpp for Debug+Asserts build
llvm[3]: Compiling DwarfCompileUnit.cpp for Debug+Asserts build
llvm[3]: Compiling DwarfDebug.cpp for Debug+Asserts build
llvm[3]: Compiling DwarfExpression.cpp for Debug+Asserts build
llvm[3]: Compiling DwarfFile.cpp for Debug+Asserts build
llvm[3]: Compiling DwarfStringPool.cpp for Debug+Asserts build
llvm[3]: Compiling DwarfUnit.cpp for Debug+Asserts build
llvm[3]: Compiling EHStreamer.cpp for Debug+Asserts build
llvm[3]: Compiling ErlangGCPrinter.cpp for Debug+Asserts build
llvm[3]: Compiling OcamlGCPrinter.cpp for Debug+Asserts build
llvm[3]: Compiling Win64Exception.cpp for Debug+Asserts build
llvm[3]: Compiling WinCodeViewLineTables.cpp for Debug+Asserts build
llvm[3]: Building Debug+Asserts Archive Library libLLVMAsmPrinter.a
make[3]: Leaving directory `/home/ubuntu/llvm-dsa/lib/CodeGen/AsmPrinter'
make[2]: Leaving directory `/home/ubuntu/llvm-dsa/lib/CodeGen'
make[2]: Entering directory `/home/ubuntu/llvm-dsa/lib/Target'
llvm[2]: Compiling Target.cpp for Debug+Asserts build
llvm[2]: Compiling TargetIntrinsicInfo.cpp for Debug+Asserts build
llvm[2]: Compiling TargetLoweringObjectFile.cpp for Debug+Asserts build
llvm[2]: Compiling TargetMachine.cpp for Debug+Asserts build
llvm[2]: Compiling TargetMachineC.cpp for Debug+Asserts build
llvm[2]: Compiling TargetSubtargetInfo.cpp for Debug+Asserts build
llvm[2]: Building Debug+Asserts Archive Library libLLVMTarget.a
make[3]: Entering directory `/home/ubuntu/llvm-dsa/lib/Target/X86'
llvm[3]: Building X86.td register info implementation with tblgen
llvm[3]: Building X86.td instruction information with tblgen
llvm[3]: Building X86.td assembly writer with tblgen
llvm[3]: Building X86.td assembly matcher with tblgen
llvm[3]: Building X86.td assembly writer #1 with tblgen
llvm[3]: Building X86.td DAG instruction selector implementation with tblgen
llvm[3]: Building X86.td disassembly tables with tblgen
llvm[3]: Building X86.td "fast" instruction selector implementation with tblgen
llvm[3]: Building X86.td calling convention information with tblgen
llvm[3]: Building X86.td subtarget information with tblgen
llvm[3]: Compiling X86AsmPrinter.cpp for Debug+Asserts build
llvm[3]: Compiling X86CallFrameOptimization.cpp for Debug+Asserts build
llvm[3]: Compiling X86FastISel.cpp for Debug+Asserts build
llvm[3]: Compiling X86FixupLEAs.cpp for Debug+Asserts build
llvm[3]: Compiling X86FloatingPoint.cpp for Debug+Asserts build
llvm[3]: Compiling X86FrameLowering.cpp for Debug+Asserts build
llvm[3]: Compiling X86ISelDAGToDAG.cpp for Debug+Asserts build
llvm[3]: Compiling X86ISelLowering.cpp for Debug+Asserts build
llvm[3]: Compiling X86InstrInfo.cpp for Debug+Asserts build
llvm[3]: Compiling X86MCInstLower.cpp for Debug+Asserts build
llvm[3]: Compiling X86MachineFunctionInfo.cpp for Debug+Asserts build
llvm[3]: Compiling X86PadShortFunction.cpp for Debug+Asserts build
llvm[3]: Compiling X86RegisterInfo.cpp for Debug+Asserts build
llvm[3]: Compiling X86SelectionDAGInfo.cpp for Debug+Asserts build
llvm[3]: Compiling X86Subtarget.cpp for Debug+Asserts build
llvm[3]: Compiling X86TargetMachine.cpp for Debug+Asserts build
llvm[3]: Compiling X86TargetObjectFile.cpp for Debug+Asserts build
llvm[3]: Compiling X86TargetTransformInfo.cpp for Debug+Asserts build
llvm[3]: Compiling X86VZeroUpper.cpp for Debug+Asserts build
llvm[3]: Building Debug+Asserts Archive Library libLLVMX86CodeGen.a
make[4]: Entering directory `/home/ubuntu/llvm-dsa/lib/Target/X86/InstPrinter'
llvm[4]: Compiling X86ATTInstPrinter.cpp for Debug+Asserts build
llvm[4]: Compiling X86InstComments.cpp for Debug+Asserts build
llvm[4]: Compiling X86IntelInstPrinter.cpp for Debug+Asserts build
llvm[4]: Building Debug+Asserts Archive Library libLLVMX86AsmPrinter.a
make[4]: Leaving directory `/home/ubuntu/llvm-dsa/lib/Target/X86/InstPrinter'
make[4]: Entering directory `/home/ubuntu/llvm-dsa/lib/Target/X86/AsmParser'
llvm[4]: Compiling X86AsmInstrumentation.cpp for Debug+Asserts build
llvm[4]: Compiling X86AsmParser.cpp for Debug+Asserts build
llvm[4]: Building Debug+Asserts Archive Library libLLVMX86AsmParser.a
make[4]: Leaving directory `/home/ubuntu/llvm-dsa/lib/Target/X86/AsmParser'
make[4]: Entering directory `/home/ubuntu/llvm-dsa/lib/Target/X86/Disassembler'
llvm[4]: Compiling X86Disassembler.cpp for Debug+Asserts build
llvm[4]: Compiling X86DisassemblerDecoder.cpp for Debug+Asserts build
llvm[4]: Building Debug+Asserts Archive Library libLLVMX86Disassembler.a
make[4]: Leaving directory `/home/ubuntu/llvm-dsa/lib/Target/X86/Disassembler'
make[4]: Entering directory `/home/ubuntu/llvm-dsa/lib/Target/X86/TargetInfo'
llvm[4]: Compiling X86TargetInfo.cpp for Debug+Asserts build
llvm[4]: Building Debug+Asserts Archive Library libLLVMX86Info.a
make[4]: Leaving directory `/home/ubuntu/llvm-dsa/lib/Target/X86/TargetInfo'
make[4]: Entering directory `/home/ubuntu/llvm-dsa/lib/Target/X86/MCTargetDesc'
llvm[4]: Compiling X86AsmBackend.cpp for Debug+Asserts build
llvm[4]: Compiling X86ELFObjectWriter.cpp for Debug+Asserts build
llvm[4]: Compiling X86ELFRelocationInfo.cpp for Debug+Asserts build
llvm[4]: Compiling X86MCAsmInfo.cpp for Debug+Asserts build
llvm[4]: Compiling X86MCCodeEmitter.cpp for Debug+Asserts build
llvm[4]: Compiling X86MCTargetDesc.cpp for Debug+Asserts build
llvm[4]: Compiling X86MachORelocationInfo.cpp for Debug+Asserts build
llvm[4]: Compiling X86MachObjectWriter.cpp for Debug+Asserts build
llvm[4]: Compiling X86WinCOFFObjectWriter.cpp for Debug+Asserts build
llvm[4]: Compiling X86WinCOFFStreamer.cpp for Debug+Asserts build
llvm[4]: Building Debug+Asserts Archive Library libLLVMX86Desc.a
make[4]: Leaving directory `/home/ubuntu/llvm-dsa/lib/Target/X86/MCTargetDesc'
make[4]: Entering directory `/home/ubuntu/llvm-dsa/lib/Target/X86/Utils'
llvm[4]: Compiling X86ShuffleDecode.cpp for Debug+Asserts build
llvm[4]: Building Debug+Asserts Archive Library libLLVMX86Utils.a
make[4]: Leaving directory `/home/ubuntu/llvm-dsa/lib/Target/X86/Utils'
make[3]: Leaving directory `/home/ubuntu/llvm-dsa/lib/Target/X86'
make[3]: Entering directory `/home/ubuntu/llvm-dsa/lib/Target/Sparc'
llvm[3]: Building Sparc.td register info implementation with tblgen
llvm[3]: Building Sparc.td instruction information with tblgen
llvm[3]: Building Sparc.td assembly writer with tblgen
llvm[3]: Building Sparc.td assembly matcher with tblgen
llvm[3]: Building Sparc.td DAG instruction selector implementation with tblgen
llvm[3]: Building Sparc.td disassembly tables with tblgen
llvm[3]: Building Sparc.td subtarget information with tblgen
llvm[3]: Building Sparc.td calling convention information with tblgen
llvm[3]: Building Sparc.td MC code emitter with tblgen
llvm[3]: Compiling DelaySlotFiller.cpp for Debug+Asserts build
llvm[3]: Compiling SparcAsmPrinter.cpp for Debug+Asserts build
llvm[3]: Compiling SparcFrameLowering.cpp for Debug+Asserts build
llvm[3]: Compiling SparcISelDAGToDAG.cpp for Debug+Asserts build
llvm[3]: Compiling SparcISelLowering.cpp for Debug+Asserts build
llvm[3]: Compiling SparcInstrInfo.cpp for Debug+Asserts build
llvm[3]: Compiling SparcMCInstLower.cpp for Debug+Asserts build
llvm[3]: Compiling SparcMachineFunctionInfo.cpp for Debug+Asserts build
llvm[3]: Compiling SparcRegisterInfo.cpp for Debug+Asserts build
llvm[3]: Compiling SparcSelectionDAGInfo.cpp for Debug+Asserts build
llvm[3]: Compiling SparcSubtarget.cpp for Debug+Asserts build
llvm[3]: Compiling SparcTargetMachine.cpp for Debug+Asserts build
llvm[3]: Compiling SparcTargetObjectFile.cpp for Debug+Asserts build
llvm[3]: Building Debug+Asserts Archive Library libLLVMSparcCodeGen.a
make[4]: Entering directory `/home/ubuntu/llvm-dsa/lib/Target/Sparc/InstPrinter'
llvm[4]: Compiling SparcInstPrinter.cpp for Debug+Asserts build
llvm[4]: Building Debug+Asserts Archive Library libLLVMSparcAsmPrinter.a
make[4]: Leaving directory `/home/ubuntu/llvm-dsa/lib/Target/Sparc/InstPrinter'
make[4]: Entering directory `/home/ubuntu/llvm-dsa/lib/Target/Sparc/AsmParser'
llvm[4]: Compiling SparcAsmParser.cpp for Debug+Asserts build
llvm[4]: Building Debug+Asserts Archive Library libLLVMSparcAsmParser.a
make[4]: Leaving directory `/home/ubuntu/llvm-dsa/lib/Target/Sparc/AsmParser'
make[4]: Entering directory `/home/ubuntu/llvm-dsa/lib/Target/Sparc/Disassembler'
llvm[4]: Compiling SparcDisassembler.cpp for Debug+Asserts build
llvm[4]: Building Debug+Asserts Archive Library libLLVMSparcDisassembler.a
make[4]: Leaving directory `/home/ubuntu/llvm-dsa/lib/Target/Sparc/Disassembler'
make[4]: Entering directory `/home/ubuntu/llvm-dsa/lib/Target/Sparc/TargetInfo'
llvm[4]: Compiling SparcTargetInfo.cpp for Debug+Asserts build
llvm[4]: Building Debug+Asserts Archive Library libLLVMSparcInfo.a
make[4]: Leaving directory `/home/ubuntu/llvm-dsa/lib/Target/Sparc/TargetInfo'
make[4]: Entering directory `/home/ubuntu/llvm-dsa/lib/Target/Sparc/MCTargetDesc'
llvm[4]: Compiling SparcAsmBackend.cpp for Debug+Asserts build
llvm[4]: Compiling SparcELFObjectWriter.cpp for Debug+Asserts build
llvm[4]: Compiling SparcMCAsmInfo.cpp for Debug+Asserts build
llvm[4]: Compiling SparcMCCodeEmitter.cpp for Debug+Asserts build
llvm[4]: Compiling SparcMCExpr.cpp for Debug+Asserts build
llvm[4]: Compiling SparcMCTargetDesc.cpp for Debug+Asserts build
llvm[4]: Compiling SparcTargetStreamer.cpp for Debug+Asserts build
llvm[4]: Building Debug+Asserts Archive Library libLLVMSparcDesc.a
make[4]: Leaving directory `/home/ubuntu/llvm-dsa/lib/Target/Sparc/MCTargetDesc'
make[3]: Leaving directory `/home/ubuntu/llvm-dsa/lib/Target/Sparc'
make[3]: Entering directory `/home/ubuntu/llvm-dsa/lib/Target/PowerPC'
llvm[3]: Building PPC.td register info implementation with tblgen
llvm[3]: Building PPC.td assembly matcher with tblgen
llvm[3]: Building PPC.td assembly writer with tblgen
llvm[3]: Building PPC.td instruction information with tblgen
llvm[3]: Building PPC.td DAG instruction selector implementation with tblgen
llvm[3]: Building PPC.td subtarget information with tblgen
llvm[3]: Building PPC.td calling convention information with tblgen
llvm[3]: Building PPC.td MC code emitter with tblgen
llvm[3]: Building PPC.td "fast" instruction selector implementation with tblgen
llvm[3]: Building PPC.td disassembly tables with tblgen
llvm[3]: Compiling PPCAsmPrinter.cpp for Debug+Asserts build
llvm[3]: Compiling PPCBranchSelector.cpp for Debug+Asserts build
llvm[3]: Compiling PPCCTRLoops.cpp for Debug+Asserts build
llvm[3]: Compiling PPCEarlyReturn.cpp for Debug+Asserts build
llvm[3]: Compiling PPCFastISel.cpp for Debug+Asserts build
llvm[3]: Compiling PPCFrameLowering.cpp for Debug+Asserts build
llvm[3]: Compiling PPCHazardRecognizers.cpp for Debug+Asserts build
llvm[3]: Compiling PPCISelDAGToDAG.cpp for Debug+Asserts build
llvm[3]: Compiling PPCISelLowering.cpp for Debug+Asserts build
llvm[3]: Compiling PPCInstrInfo.cpp for Debug+Asserts build
llvm[3]: Compiling PPCLoopDataPrefetch.cpp for Debug+Asserts build
llvm[3]: Compiling PPCLoopPreIncPrep.cpp for Debug+Asserts build
llvm[3]: Compiling PPCMCInstLower.cpp for Debug+Asserts build
llvm[3]: Compiling PPCMachineFunctionInfo.cpp for Debug+Asserts build
llvm[3]: Compiling PPCRegisterInfo.cpp for Debug+Asserts build
llvm[3]: Compiling PPCSelectionDAGInfo.cpp for Debug+Asserts build
llvm[3]: Compiling PPCSubtarget.cpp for Debug+Asserts build
llvm[3]: Compiling PPCTLSDynamicCall.cpp for Debug+Asserts build
llvm[3]: Compiling PPCTargetMachine.cpp for Debug+Asserts build
llvm[3]: Compiling PPCTargetObjectFile.cpp for Debug+Asserts build
llvm[3]: Compiling PPCTargetTransformInfo.cpp for Debug+Asserts build
llvm[3]: Compiling PPCVSXCopy.cpp for Debug+Asserts build
llvm[3]: Compiling PPCVSXFMAMutate.cpp for Debug+Asserts build
llvm[3]: Building Debug+Asserts Archive Library libLLVMPowerPCCodeGen.a
make[4]: Entering directory `/home/ubuntu/llvm-dsa/lib/Target/PowerPC/AsmParser'
llvm[4]: Compiling PPCAsmParser.cpp for Debug+Asserts build
llvm[4]: Building Debug+Asserts Archive Library libLLVMPowerPCAsmParser.a
make[4]: Leaving directory `/home/ubuntu/llvm-dsa/lib/Target/PowerPC/AsmParser'
make[4]: Entering directory `/home/ubuntu/llvm-dsa/lib/Target/PowerPC/Disassembler'
llvm[4]: Compiling PPCDisassembler.cpp for Debug+Asserts build
llvm[4]: Building Debug+Asserts Archive Library libLLVMPowerPCDisassembler.a
make[4]: Leaving directory `/home/ubuntu/llvm-dsa/lib/Target/PowerPC/Disassembler'
make[4]: Entering directory `/home/ubuntu/llvm-dsa/lib/Target/PowerPC/InstPrinter'
llvm[4]: Compiling PPCInstPrinter.cpp for Debug+Asserts build
llvm[4]: Building Debug+Asserts Archive Library libLLVMPowerPCAsmPrinter.a
make[4]: Leaving directory `/home/ubuntu/llvm-dsa/lib/Target/PowerPC/InstPrinter'
make[4]: Entering directory `/home/ubuntu/llvm-dsa/lib/Target/PowerPC/TargetInfo'
llvm[4]: Compiling PowerPCTargetInfo.cpp for Debug+Asserts build
llvm[4]: Building Debug+Asserts Archive Library libLLVMPowerPCInfo.a
make[4]: Leaving directory `/home/ubuntu/llvm-dsa/lib/Target/PowerPC/TargetInfo'
make[4]: Entering directory `/home/ubuntu/llvm-dsa/lib/Target/PowerPC/MCTargetDesc'
llvm[4]: Compiling PPCAsmBackend.cpp for Debug+Asserts build
llvm[4]: Compiling PPCELFObjectWriter.cpp for Debug+Asserts build
llvm[4]: Compiling PPCMCAsmInfo.cpp for Debug+Asserts build
llvm[4]: Compiling PPCMCCodeEmitter.cpp for Debug+Asserts build
llvm[4]: Compiling PPCMCExpr.cpp for Debug+Asserts build
llvm[4]: Compiling PPCMCTargetDesc.cpp for Debug+Asserts build
llvm[4]: Compiling PPCMachObjectWriter.cpp for Debug+Asserts build
llvm[4]: Compiling PPCPredicates.cpp for Debug+Asserts build
llvm[4]: Building Debug+Asserts Archive Library libLLVMPowerPCDesc.a
make[4]: Leaving directory `/home/ubuntu/llvm-dsa/lib/Target/PowerPC/MCTargetDesc'
make[3]: Leaving directory `/home/ubuntu/llvm-dsa/lib/Target/PowerPC'
make[3]: Entering directory `/home/ubuntu/llvm-dsa/lib/Target/ARM'
llvm[3]: Building ARM.td register info implementation with tblgen
llvm[3]: Building ARM.td instruction information with tblgen
llvm[3]: Building ARM.td assembly writer with tblgen
llvm[3]: Building ARM.td assembly matcher with tblgen
llvm[3]: Building ARM.td DAG instruction selector implementation with tblgen
llvm[3]: Building ARM.td subtarget information with tblgen
llvm[3]: Building ARM.td calling convention information with tblgen
llvm[3]: Building ARM.td "fast" instruction selector implementation with tblgen
llvm[3]: Building ARM.td MC code emitter with tblgen
llvm[3]: Building ARM.td MC Pseudo instruction expander with tblgen
llvm[3]: Building ARM.td disassembly tables with tblgen
llvm[3]: Compiling A15SDOptimizer.cpp for Debug+Asserts build
llvm[3]: Compiling ARMAsmPrinter.cpp for Debug+Asserts build
llvm[3]: Compiling ARMBaseInstrInfo.cpp for Debug+Asserts build
llvm[3]: Compiling ARMBaseRegisterInfo.cpp for Debug+Asserts build
llvm[3]: Compiling ARMConstantIslandPass.cpp for Debug+Asserts build
llvm[3]: Compiling ARMConstantPoolValue.cpp for Debug+Asserts build
llvm[3]: Compiling ARMExpandPseudoInsts.cpp for Debug+Asserts build
llvm[3]: Compiling ARMFastISel.cpp for Debug+Asserts build
llvm[3]: Compiling ARMFrameLowering.cpp for Debug+Asserts build
llvm[3]: Compiling ARMHazardRecognizer.cpp for Debug+Asserts build
llvm[3]: Compiling ARMISelDAGToDAG.cpp for Debug+Asserts build
llvm[3]: Compiling ARMISelLowering.cpp for Debug+Asserts build
llvm[3]: Compiling ARMInstrInfo.cpp for Debug+Asserts build
llvm[3]: Compiling ARMLoadStoreOptimizer.cpp for Debug+Asserts build
llvm[3]: Compiling ARMMCInstLower.cpp for Debug+Asserts build
llvm[3]: Compiling ARMMachineFunctionInfo.cpp for Debug+Asserts build
llvm[3]: Compiling ARMOptimizeBarriersPass.cpp for Debug+Asserts build
llvm[3]: Compiling ARMRegisterInfo.cpp for Debug+Asserts build
llvm[3]: Compiling ARMSelectionDAGInfo.cpp for Debug+Asserts build
llvm[3]: Compiling ARMSubtarget.cpp for Debug+Asserts build
llvm[3]: Compiling ARMTargetMachine.cpp for Debug+Asserts build
llvm[3]: Compiling ARMTargetObjectFile.cpp for Debug+Asserts build
llvm[3]: Compiling ARMTargetTransformInfo.cpp for Debug+Asserts build
llvm[3]: Compiling MLxExpansionPass.cpp for Debug+Asserts build
llvm[3]: Compiling Thumb1FrameLowering.cpp for Debug+Asserts build
llvm[3]: Compiling Thumb1InstrInfo.cpp for Debug+Asserts build
llvm[3]: Compiling Thumb2ITBlockPass.cpp for Debug+Asserts build
llvm[3]: Compiling Thumb2InstrInfo.cpp for Debug+Asserts build
llvm[3]: Compiling Thumb2SizeReduction.cpp for Debug+Asserts build
llvm[3]: Compiling ThumbRegisterInfo.cpp for Debug+Asserts build
llvm[3]: Building Debug+Asserts Archive Library libLLVMARMCodeGen.a
make[4]: Entering directory `/home/ubuntu/llvm-dsa/lib/Target/ARM/InstPrinter'
llvm[4]: Compiling ARMInstPrinter.cpp for Debug+Asserts build
llvm[4]: Building Debug+Asserts Archive Library libLLVMARMAsmPrinter.a
make[4]: Leaving directory `/home/ubuntu/llvm-dsa/lib/Target/ARM/InstPrinter'
make[4]: Entering directory `/home/ubuntu/llvm-dsa/lib/Target/ARM/AsmParser'
llvm[4]: Compiling ARMAsmParser.cpp for Debug+Asserts build
llvm[4]: Building Debug+Asserts Archive Library libLLVMARMAsmParser.a
make[4]: Leaving directory `/home/ubuntu/llvm-dsa/lib/Target/ARM/AsmParser'
make[4]: Entering directory `/home/ubuntu/llvm-dsa/lib/Target/ARM/Disassembler'
llvm[4]: Compiling ARMDisassembler.cpp for Debug+Asserts build
llvm[4]: Building Debug+Asserts Archive Library libLLVMARMDisassembler.a
make[4]: Leaving directory `/home/ubuntu/llvm-dsa/lib/Target/ARM/Disassembler'
make[4]: Entering directory `/home/ubuntu/llvm-dsa/lib/Target/ARM/TargetInfo'
llvm[4]: Compiling ARMTargetInfo.cpp for Debug+Asserts build
llvm[4]: Building Debug+Asserts Archive Library libLLVMARMInfo.a
make[4]: Leaving directory `/home/ubuntu/llvm-dsa/lib/Target/ARM/TargetInfo'
make[4]: Entering directory `/home/ubuntu/llvm-dsa/lib/Target/ARM/MCTargetDesc'
llvm[4]: Compiling ARMAsmBackend.cpp for Debug+Asserts build
llvm[4]: Compiling ARMELFObjectWriter.cpp for Debug+Asserts build
llvm[4]: Compiling ARMELFStreamer.cpp for Debug+Asserts build
llvm[4]: Compiling ARMMCAsmInfo.cpp for Debug+Asserts build
llvm[4]: Compiling ARMMCCodeEmitter.cpp for Debug+Asserts build
llvm[4]: Compiling ARMMCExpr.cpp for Debug+Asserts build
llvm[4]: Compiling ARMMCTargetDesc.cpp for Debug+Asserts build
llvm[4]: Compiling ARMMachORelocationInfo.cpp for Debug+Asserts build
llvm[4]: Compiling ARMMachObjectWriter.cpp for Debug+Asserts build
llvm[4]: Compiling ARMTargetStreamer.cpp for Debug+Asserts build
llvm[4]: Compiling ARMUnwindOpAsm.cpp for Debug+Asserts build
llvm[4]: Compiling ARMWinCOFFObjectWriter.cpp for Debug+Asserts build
llvm[4]: Compiling ARMWinCOFFStreamer.cpp for Debug+Asserts build
llvm[4]: Building Debug+Asserts Archive Library libLLVMARMDesc.a
make[4]: Leaving directory `/home/ubuntu/llvm-dsa/lib/Target/ARM/MCTargetDesc'
make[3]: Leaving directory `/home/ubuntu/llvm-dsa/lib/Target/ARM'
make[3]: Entering directory `/home/ubuntu/llvm-dsa/lib/Target/AArch64'
llvm[3]: Building AArch64.td register info implementation with tblgen
llvm[3]: Building AArch64.td instruction information with tblgen
llvm[3]: Building AArch64.td assembly writer with tblgen
llvm[3]: Building AArch64.td assembly writer #1 with tblgen
llvm[3]: Building AArch64.td DAG instruction selector implementation with tblgen
llvm[3]: Building AArch64.td calling convention information with tblgen
llvm[3]: Building AArch64.td assembly matcher with tblgen
llvm[3]: Building AArch64.td subtarget information with tblgen
llvm[3]: Building AArch64.td MC code emitter with tblgen
llvm[3]: Building AArch64.td "fast" instruction selector implementation with tblgen
llvm[3]: Building AArch64.td disassembly tables with tblgen
llvm[3]: Building AArch64.td MC Pseudo instruction expander with tblgen
llvm[3]: Compiling AArch64A53Fix835769.cpp for Debug+Asserts build
llvm[3]: Compiling AArch64A57FPLoadBalancing.cpp for Debug+Asserts build
llvm[3]: Compiling AArch64AddressTypePromotion.cpp for Debug+Asserts build
llvm[3]: Compiling AArch64AdvSIMDScalarPass.cpp for Debug+Asserts build
llvm[3]: Compiling AArch64AsmPrinter.cpp for Debug+Asserts build
llvm[3]: Compiling AArch64BranchRelaxation.cpp for Debug+Asserts build
llvm[3]: Compiling AArch64CleanupLocalDynamicTLSPass.cpp for Debug+Asserts build
llvm[3]: Compiling AArch64CollectLOH.cpp for Debug+Asserts build
llvm[3]: Compiling AArch64ConditionOptimizer.cpp for Debug+Asserts build
llvm[3]: Compiling AArch64ConditionalCompares.cpp for Debug+Asserts build
llvm[3]: Compiling AArch64DeadRegisterDefinitionsPass.cpp for Debug+Asserts build
llvm[3]: Compiling AArch64ExpandPseudoInsts.cpp for Debug+Asserts build
llvm[3]: Compiling AArch64FastISel.cpp for Debug+Asserts build
llvm[3]: Compiling AArch64FrameLowering.cpp for Debug+Asserts build
llvm[3]: Compiling AArch64ISelDAGToDAG.cpp for Debug+Asserts build
llvm[3]: Compiling AArch64ISelLowering.cpp for Debug+Asserts build
llvm[3]: Compiling AArch64InstrInfo.cpp for Debug+Asserts build
llvm[3]: Compiling AArch64LoadStoreOptimizer.cpp for Debug+Asserts build
llvm[3]: Compiling AArch64MCInstLower.cpp for Debug+Asserts build
llvm[3]: Compiling AArch64PBQPRegAlloc.cpp for Debug+Asserts build
llvm[3]: Compiling AArch64PromoteConstant.cpp for Debug+Asserts build
llvm[3]: Compiling AArch64RegisterInfo.cpp for Debug+Asserts build
llvm[3]: Compiling AArch64SelectionDAGInfo.cpp for Debug+Asserts build
llvm[3]: Compiling AArch64StorePairSuppress.cpp for Debug+Asserts build
llvm[3]: Compiling AArch64Subtarget.cpp for Debug+Asserts build
llvm[3]: Compiling AArch64TargetMachine.cpp for Debug+Asserts build
llvm[3]: Compiling AArch64TargetObjectFile.cpp for Debug+Asserts build
llvm[3]: Compiling AArch64TargetTransformInfo.cpp for Debug+Asserts build
llvm[3]: Building Debug+Asserts Archive Library libLLVMAArch64CodeGen.a
make[4]: Entering directory `/home/ubuntu/llvm-dsa/lib/Target/AArch64/TargetInfo'
llvm[4]: Compiling AArch64TargetInfo.cpp for Debug+Asserts build
llvm[4]: Building Debug+Asserts Archive Library libLLVMAArch64Info.a
make[4]: Leaving directory `/home/ubuntu/llvm-dsa/lib/Target/AArch64/TargetInfo'
make[4]: Entering directory `/home/ubuntu/llvm-dsa/lib/Target/AArch64/InstPrinter'
llvm[4]: Compiling AArch64InstPrinter.cpp for Debug+Asserts build
llvm[4]: Building Debug+Asserts Archive Library libLLVMAArch64AsmPrinter.a
make[4]: Leaving directory `/home/ubuntu/llvm-dsa/lib/Target/AArch64/InstPrinter'
make[4]: Entering directory `/home/ubuntu/llvm-dsa/lib/Target/AArch64/AsmParser'
llvm[4]: Compiling AArch64AsmParser.cpp for Debug+Asserts build
llvm[4]: Building Debug+Asserts Archive Library libLLVMAArch64AsmParser.a
make[4]: Leaving directory `/home/ubuntu/llvm-dsa/lib/Target/AArch64/AsmParser'
make[4]: Entering directory `/home/ubuntu/llvm-dsa/lib/Target/AArch64/Disassembler'
llvm[4]: Compiling AArch64Disassembler.cpp for Debug+Asserts build
llvm[4]: Compiling AArch64ExternalSymbolizer.cpp for Debug+Asserts build
llvm[4]: Building Debug+Asserts Archive Library libLLVMAArch64Disassembler.a
make[4]: Leaving directory `/home/ubuntu/llvm-dsa/lib/Target/AArch64/Disassembler'
make[4]: Entering directory `/home/ubuntu/llvm-dsa/lib/Target/AArch64/MCTargetDesc'
llvm[4]: Compiling AArch64AsmBackend.cpp for Debug+Asserts build
llvm[4]: Compiling AArch64ELFObjectWriter.cpp for Debug+Asserts build
llvm[4]: Compiling AArch64ELFStreamer.cpp for Debug+Asserts build
llvm[4]: Compiling AArch64MCAsmInfo.cpp for Debug+Asserts build
llvm[4]: Compiling AArch64MCCodeEmitter.cpp for Debug+Asserts build
llvm[4]: Compiling AArch64MCExpr.cpp for Debug+Asserts build
llvm[4]: Compiling AArch64MCTargetDesc.cpp for Debug+Asserts build
llvm[4]: Compiling AArch64MachObjectWriter.cpp for Debug+Asserts build
llvm[4]: Compiling AArch64TargetStreamer.cpp for Debug+Asserts build
llvm[4]: Building Debug+Asserts Archive Library libLLVMAArch64Desc.a
make[4]: Leaving directory `/home/ubuntu/llvm-dsa/lib/Target/AArch64/MCTargetDesc'
make[4]: Entering directory `/home/ubuntu/llvm-dsa/lib/Target/AArch64/Utils'
llvm[4]: Compiling AArch64BaseInfo.cpp for Debug+Asserts build
llvm[4]: Building Debug+Asserts Archive Library libLLVMAArch64Utils.a
make[4]: Leaving directory `/home/ubuntu/llvm-dsa/lib/Target/AArch64/Utils'
make[3]: Leaving directory `/home/ubuntu/llvm-dsa/lib/Target/AArch64'
make[3]: Entering directory `/home/ubuntu/llvm-dsa/lib/Target/Mips'
llvm[3]: Building Mips.td register info implementation with tblgen
llvm[3]: Building Mips.td instruction information with tblgen
llvm[3]: Building Mips.td assembly writer with tblgen
llvm[3]: Building Mips.td "fast" instruction selector implementation with tblgen
llvm[3]: Building Mips.td DAG instruction selector implementation with tblgen
llvm[3]: Building Mips.td calling convention information with tblgen
llvm[3]: Building Mips.td subtarget information with tblgen
llvm[3]: Building Mips.td MC code emitter with tblgen
llvm[3]: Building Mips.td disassembly tables with tblgen
llvm[3]: Building Mips.td MC Pseudo instruction expander with tblgen
llvm[3]: Building Mips.td assembly matcher with tblgen
llvm[3]: Compiling Mips16FrameLowering.cpp for Debug+Asserts build
llvm[3]: Compiling Mips16HardFloat.cpp for Debug+Asserts build
llvm[3]: Compiling Mips16HardFloatInfo.cpp for Debug+Asserts build
llvm[3]: Compiling Mips16ISelDAGToDAG.cpp for Debug+Asserts build
llvm[3]: Compiling Mips16ISelLowering.cpp for Debug+Asserts build
llvm[3]: Compiling Mips16InstrInfo.cpp for Debug+Asserts build
llvm[3]: Compiling Mips16RegisterInfo.cpp for Debug+Asserts build
llvm[3]: Compiling MipsAnalyzeImmediate.cpp for Debug+Asserts build
llvm[3]: Compiling MipsAsmPrinter.cpp for Debug+Asserts build
llvm[3]: Compiling MipsCCState.cpp for Debug+Asserts build
llvm[3]: Compiling MipsConstantIslandPass.cpp for Debug+Asserts build
llvm[3]: Compiling MipsDelaySlotFiller.cpp for Debug+Asserts build
llvm[3]: Compiling MipsFastISel.cpp for Debug+Asserts build
llvm[3]: Compiling MipsFrameLowering.cpp for Debug+Asserts build
llvm[3]: Compiling MipsISelDAGToDAG.cpp for Debug+Asserts build
llvm[3]: Compiling MipsISelLowering.cpp for Debug+Asserts build
llvm[3]: Compiling MipsInstrInfo.cpp for Debug+Asserts build
llvm[3]: Compiling MipsLongBranch.cpp for Debug+Asserts build
llvm[3]: Compiling MipsMCInstLower.cpp for Debug+Asserts build
llvm[3]: Compiling MipsMachineFunction.cpp for Debug+Asserts build
llvm[3]: Compiling MipsModuleISelDAGToDAG.cpp for Debug+Asserts build
llvm[3]: Compiling MipsOptimizePICCall.cpp for Debug+Asserts build
llvm[3]: Compiling MipsOs16.cpp for Debug+Asserts build
llvm[3]: Compiling MipsRegisterInfo.cpp for Debug+Asserts build
llvm[3]: Compiling MipsSEFrameLowering.cpp for Debug+Asserts build
llvm[3]: Compiling MipsSEISelDAGToDAG.cpp for Debug+Asserts build
llvm[3]: Compiling MipsSEISelLowering.cpp for Debug+Asserts build
llvm[3]: Compiling MipsSEInstrInfo.cpp for Debug+Asserts build
llvm[3]: Compiling MipsSERegisterInfo.cpp for Debug+Asserts build
llvm[3]: Compiling MipsSelectionDAGInfo.cpp for Debug+Asserts build
llvm[3]: Compiling MipsSubtarget.cpp for Debug+Asserts build
llvm[3]: Compiling MipsTargetMachine.cpp for Debug+Asserts build
llvm[3]: Compiling MipsTargetObjectFile.cpp for Debug+Asserts build
llvm[3]: Building Debug+Asserts Archive Library libLLVMMipsCodeGen.a
make[4]: Entering directory `/home/ubuntu/llvm-dsa/lib/Target/Mips/InstPrinter'
llvm[4]: Compiling MipsInstPrinter.cpp for Debug+Asserts build
llvm[4]: Building Debug+Asserts Archive Library libLLVMMipsAsmPrinter.a
make[4]: Leaving directory `/home/ubuntu/llvm-dsa/lib/Target/Mips/InstPrinter'
make[4]: Entering directory `/home/ubuntu/llvm-dsa/lib/Target/Mips/Disassembler'
llvm[4]: Compiling MipsDisassembler.cpp for Debug+Asserts build
llvm[4]: Building Debug+Asserts Archive Library libLLVMMipsDisassembler.a
make[4]: Leaving directory `/home/ubuntu/llvm-dsa/lib/Target/Mips/Disassembler'
make[4]: Entering directory `/home/ubuntu/llvm-dsa/lib/Target/Mips/AsmParser'
llvm[4]: Compiling MipsAsmParser.cpp for Debug+Asserts build
llvm[4]: Building Debug+Asserts Archive Library libLLVMMipsAsmParser.a
make[4]: Leaving directory `/home/ubuntu/llvm-dsa/lib/Target/Mips/AsmParser'
make[4]: Entering directory `/home/ubuntu/llvm-dsa/lib/Target/Mips/TargetInfo'
llvm[4]: Compiling MipsTargetInfo.cpp for Debug+Asserts build
llvm[4]: Building Debug+Asserts Archive Library libLLVMMipsInfo.a
make[4]: Leaving directory `/home/ubuntu/llvm-dsa/lib/Target/Mips/TargetInfo'
make[4]: Entering directory `/home/ubuntu/llvm-dsa/lib/Target/Mips/MCTargetDesc'
llvm[4]: Compiling MipsABIFlagsSection.cpp for Debug+Asserts build
llvm[4]: Compiling MipsABIInfo.cpp for Debug+Asserts build
llvm[4]: Compiling MipsAsmBackend.cpp for Debug+Asserts build
llvm[4]: Compiling MipsELFObjectWriter.cpp for Debug+Asserts build
llvm[4]: Compiling MipsELFStreamer.cpp for Debug+Asserts build
llvm[4]: Compiling MipsMCAsmInfo.cpp for Debug+Asserts build
llvm[4]: Compiling MipsMCCodeEmitter.cpp for Debug+Asserts build
llvm[4]: Compiling MipsMCExpr.cpp for Debug+Asserts build
llvm[4]: Compiling MipsMCTargetDesc.cpp for Debug+Asserts build
llvm[4]: Compiling MipsNaClELFStreamer.cpp for Debug+Asserts build
llvm[4]: Compiling MipsOptionRecord.cpp for Debug+Asserts build
llvm[4]: Compiling MipsTargetStreamer.cpp for Debug+Asserts build
llvm[4]: Building Debug+Asserts Archive Library libLLVMMipsDesc.a
make[4]: Leaving directory `/home/ubuntu/llvm-dsa/lib/Target/Mips/MCTargetDesc'
make[3]: Leaving directory `/home/ubuntu/llvm-dsa/lib/Target/Mips'
make[3]: Entering directory `/home/ubuntu/llvm-dsa/lib/Target/XCore'
llvm[3]: Building XCore.td register info implementation with tblgen
llvm[3]: Building XCore.td instruction information with tblgen
llvm[3]: Building XCore.td assembly writer with tblgen
llvm[3]: Building XCore.td DAG instruction selector implementation with tblgen
llvm[3]: Building XCore.td calling convention information with tblgen
llvm[3]: Building XCore.td disassembly tables with tblgen
llvm[3]: Building XCore.td subtarget information with tblgen
llvm[3]: Compiling XCoreAsmPrinter.cpp for Debug+Asserts build
llvm[3]: Compiling XCoreFrameLowering.cpp for Debug+Asserts build
llvm[3]: Compiling XCoreFrameToArgsOffsetElim.cpp for Debug+Asserts build
llvm[3]: Compiling XCoreISelDAGToDAG.cpp for Debug+Asserts build
llvm[3]: Compiling XCoreISelLowering.cpp for Debug+Asserts build
llvm[3]: Compiling XCoreInstrInfo.cpp for Debug+Asserts build
llvm[3]: Compiling XCoreLowerThreadLocal.cpp for Debug+Asserts build
llvm[3]: Compiling XCoreMCInstLower.cpp for Debug+Asserts build
llvm[3]: Compiling XCoreMachineFunctionInfo.cpp for Debug+Asserts build
llvm[3]: Compiling XCoreRegisterInfo.cpp for Debug+Asserts build
llvm[3]: Compiling XCoreSelectionDAGInfo.cpp for Debug+Asserts build
llvm[3]: Compiling XCoreSubtarget.cpp for Debug+Asserts build
llvm[3]: Compiling XCoreTargetMachine.cpp for Debug+Asserts build
llvm[3]: Compiling XCoreTargetObjectFile.cpp for Debug+Asserts build
llvm[3]: Building Debug+Asserts Archive Library libLLVMXCoreCodeGen.a
make[4]: Entering directory `/home/ubuntu/llvm-dsa/lib/Target/XCore/Disassembler'
llvm[4]: Compiling XCoreDisassembler.cpp for Debug+Asserts build
llvm[4]: Building Debug+Asserts Archive Library libLLVMXCoreDisassembler.a
make[4]: Leaving directory `/home/ubuntu/llvm-dsa/lib/Target/XCore/Disassembler'
make[4]: Entering directory `/home/ubuntu/llvm-dsa/lib/Target/XCore/InstPrinter'
llvm[4]: Compiling XCoreInstPrinter.cpp for Debug+Asserts build
llvm[4]: Building Debug+Asserts Archive Library libLLVMXCoreAsmPrinter.a
make[4]: Leaving directory `/home/ubuntu/llvm-dsa/lib/Target/XCore/InstPrinter'
make[4]: Entering directory `/home/ubuntu/llvm-dsa/lib/Target/XCore/TargetInfo'
llvm[4]: Compiling XCoreTargetInfo.cpp for Debug+Asserts build
llvm[4]: Building Debug+Asserts Archive Library libLLVMXCoreInfo.a
make[4]: Leaving directory `/home/ubuntu/llvm-dsa/lib/Target/XCore/TargetInfo'
make[4]: Entering directory `/home/ubuntu/llvm-dsa/lib/Target/XCore/MCTargetDesc'
llvm[4]: Compiling XCoreMCAsmInfo.cpp for Debug+Asserts build
llvm[4]: Compiling XCoreMCTargetDesc.cpp for Debug+Asserts build
llvm[4]: Building Debug+Asserts Archive Library libLLVMXCoreDesc.a
make[4]: Leaving directory `/home/ubuntu/llvm-dsa/lib/Target/XCore/MCTargetDesc'
make[3]: Leaving directory `/home/ubuntu/llvm-dsa/lib/Target/XCore'
make[3]: Entering directory `/home/ubuntu/llvm-dsa/lib/Target/MSP430'
llvm[3]: Building MSP430.td register info implementation with tblgen
llvm[3]: Building MSP430.td instruction information with tblgen
llvm[3]: Building MSP430.td assembly writer with tblgen
llvm[3]: Building MSP430.td DAG instruction selector implementation with tblgen
llvm[3]: Building MSP430.td calling convention information with tblgen
llvm[3]: Building MSP430.td subtarget information with tblgen
llvm[3]: Compiling MSP430AsmPrinter.cpp for Debug+Asserts build
llvm[3]: Compiling MSP430BranchSelector.cpp for Debug+Asserts build
llvm[3]: Compiling MSP430FrameLowering.cpp for Debug+Asserts build
llvm[3]: Compiling MSP430ISelDAGToDAG.cpp for Debug+Asserts build
llvm[3]: Compiling MSP430ISelLowering.cpp for Debug+Asserts build
llvm[3]: Compiling MSP430InstrInfo.cpp for Debug+Asserts build
llvm[3]: Compiling MSP430MCInstLower.cpp for Debug+Asserts build
llvm[3]: Compiling MSP430MachineFunctionInfo.cpp for Debug+Asserts build
llvm[3]: Compiling MSP430RegisterInfo.cpp for Debug+Asserts build
llvm[3]: Compiling MSP430SelectionDAGInfo.cpp for Debug+Asserts build
llvm[3]: Compiling MSP430Subtarget.cpp for Debug+Asserts build
llvm[3]: Compiling MSP430TargetMachine.cpp for Debug+Asserts build
llvm[3]: Building Debug+Asserts Archive Library libLLVMMSP430CodeGen.a
make[4]: Entering directory `/home/ubuntu/llvm-dsa/lib/Target/MSP430/InstPrinter'
llvm[4]: Compiling MSP430InstPrinter.cpp for Debug+Asserts build
llvm[4]: Building Debug+Asserts Archive Library libLLVMMSP430AsmPrinter.a
make[4]: Leaving directory `/home/ubuntu/llvm-dsa/lib/Target/MSP430/InstPrinter'
make[4]: Entering directory `/home/ubuntu/llvm-dsa/lib/Target/MSP430/TargetInfo'
llvm[4]: Compiling MSP430TargetInfo.cpp for Debug+Asserts build
llvm[4]: Building Debug+Asserts Archive Library libLLVMMSP430Info.a
make[4]: Leaving directory `/home/ubuntu/llvm-dsa/lib/Target/MSP430/TargetInfo'
make[4]: Entering directory `/home/ubuntu/llvm-dsa/lib/Target/MSP430/MCTargetDesc'
llvm[4]: Compiling MSP430MCAsmInfo.cpp for Debug+Asserts build
llvm[4]: Compiling MSP430MCTargetDesc.cpp for Debug+Asserts build
llvm[4]: Building Debug+Asserts Archive Library libLLVMMSP430Desc.a
make[4]: Leaving directory `/home/ubuntu/llvm-dsa/lib/Target/MSP430/MCTargetDesc'
make[3]: Leaving directory `/home/ubuntu/llvm-dsa/lib/Target/MSP430'
make[3]: Entering directory `/home/ubuntu/llvm-dsa/lib/Target/CppBackend'
llvm[3]: Compiling CPPBackend.cpp for Debug+Asserts build
llvm[3]: Building Debug+Asserts Archive Library libLLVMCppBackendCodeGen.a
make[4]: Entering directory `/home/ubuntu/llvm-dsa/lib/Target/CppBackend/TargetInfo'
llvm[4]: Compiling CppBackendTargetInfo.cpp for Debug+Asserts build
llvm[4]: Building Debug+Asserts Archive Library libLLVMCppBackendInfo.a
make[4]: Leaving directory `/home/ubuntu/llvm-dsa/lib/Target/CppBackend/TargetInfo'
make[3]: Leaving directory `/home/ubuntu/llvm-dsa/lib/Target/CppBackend'
make[3]: Entering directory `/home/ubuntu/llvm-dsa/lib/Target/NVPTX'
llvm[3]: Building NVPTX.td assembly writer with tblgen
llvm[3]: Building NVPTX.td DAG instruction selector implementation with tblgen
llvm[3]: Building NVPTX.td instruction information with tblgen
llvm[3]: Building NVPTX.td register info implementation with tblgen
llvm[3]: Building NVPTX.td subtarget information with tblgen
llvm[3]: Compiling NVPTXAllocaHoisting.cpp for Debug+Asserts build
llvm[3]: Compiling NVPTXAsmPrinter.cpp for Debug+Asserts build
llvm[3]: Compiling NVPTXAssignValidGlobalNames.cpp for Debug+Asserts build
llvm[3]: Compiling NVPTXFavorNonGenericAddrSpaces.cpp for Debug+Asserts build
llvm[3]: Compiling NVPTXFrameLowering.cpp for Debug+Asserts build
llvm[3]: Compiling NVPTXGenericToNVVM.cpp for Debug+Asserts build
llvm[3]: Compiling NVPTXISelDAGToDAG.cpp for Debug+Asserts build
llvm[3]: Compiling NVPTXISelLowering.cpp for Debug+Asserts build
llvm[3]: Compiling NVPTXImageOptimizer.cpp for Debug+Asserts build
llvm[3]: Compiling NVPTXInstrInfo.cpp for Debug+Asserts build
llvm[3]: Compiling NVPTXLowerAggrCopies.cpp for Debug+Asserts build
llvm[3]: Compiling NVPTXLowerStructArgs.cpp for Debug+Asserts build
llvm[3]: Compiling NVPTXMCExpr.cpp for Debug+Asserts build
llvm[3]: Compiling NVPTXPrologEpilogPass.cpp for Debug+Asserts build
llvm[3]: Compiling NVPTXRegisterInfo.cpp for Debug+Asserts build
llvm[3]: Compiling NVPTXReplaceImageHandles.cpp for Debug+Asserts build
llvm[3]: Compiling NVPTXSubtarget.cpp for Debug+Asserts build
llvm[3]: Compiling NVPTXTargetMachine.cpp for Debug+Asserts build
llvm[3]: Compiling NVPTXTargetTransformInfo.cpp for Debug+Asserts build
llvm[3]: Compiling NVPTXUtilities.cpp for Debug+Asserts build
llvm[3]: Compiling NVVMReflect.cpp for Debug+Asserts build
llvm[3]: Building Debug+Asserts Archive Library libLLVMNVPTXCodeGen.a
make[4]: Entering directory `/home/ubuntu/llvm-dsa/lib/Target/NVPTX/InstPrinter'
llvm[4]: Compiling NVPTXInstPrinter.cpp for Debug+Asserts build
llvm[4]: Building Debug+Asserts Archive Library libLLVMNVPTXAsmPrinter.a
make[4]: Leaving directory `/home/ubuntu/llvm-dsa/lib/Target/NVPTX/InstPrinter'
make[4]: Entering directory `/home/ubuntu/llvm-dsa/lib/Target/NVPTX/TargetInfo'
llvm[4]: Compiling NVPTXTargetInfo.cpp for Debug+Asserts build
llvm[4]: Building Debug+Asserts Archive Library libLLVMNVPTXInfo.a
make[4]: Leaving directory `/home/ubuntu/llvm-dsa/lib/Target/NVPTX/TargetInfo'
make[4]: Entering directory `/home/ubuntu/llvm-dsa/lib/Target/NVPTX/MCTargetDesc'
llvm[4]: Compiling NVPTXMCAsmInfo.cpp for Debug+Asserts build
llvm[4]: Compiling NVPTXMCTargetDesc.cpp for Debug+Asserts build
llvm[4]: Building Debug+Asserts Archive Library libLLVMNVPTXDesc.a
make[4]: Leaving directory `/home/ubuntu/llvm-dsa/lib/Target/NVPTX/MCTargetDesc'
make[3]: Leaving directory `/home/ubuntu/llvm-dsa/lib/Target/NVPTX'
make[3]: Entering directory `/home/ubuntu/llvm-dsa/lib/Target/Hexagon'
llvm[3]: Building Hexagon.td register info implementation with tblgen
llvm[3]: Building Hexagon.td instruction information with tblgen
llvm[3]: Building Hexagon.td assembly writer with tblgen
llvm[3]: Building Hexagon.td DAG instruction selector implementation with tblgen
llvm[3]: Building Hexagon.td subtarget information with tblgen
llvm[3]: Building Hexagon.td calling convention information with tblgen
llvm[3]: Building Hexagon.td DFA packetizer tables with tblgen
llvm[3]: Building Hexagon.td MC code emitter with tblgen
llvm[3]: Building Hexagon.td disassembly tables with tblgen
llvm[3]: Compiling HexagonAsmPrinter.cpp for Debug+Asserts build
llvm[3]: Compiling HexagonCFGOptimizer.cpp for Debug+Asserts build
llvm[3]: Compiling HexagonCopyToCombine.cpp for Debug+Asserts build
llvm[3]: Compiling HexagonExpandCondsets.cpp for Debug+Asserts build
llvm[3]: Compiling HexagonExpandPredSpillCode.cpp for Debug+Asserts build
llvm[3]: Compiling HexagonFixupHwLoops.cpp for Debug+Asserts build
llvm[3]: Compiling HexagonFrameLowering.cpp for Debug+Asserts build
llvm[3]: Compiling HexagonHardwareLoops.cpp for Debug+Asserts build
llvm[3]: Compiling HexagonISelDAGToDAG.cpp for Debug+Asserts build
llvm[3]: Compiling HexagonISelLowering.cpp for Debug+Asserts build
llvm[3]: Compiling HexagonInstrInfo.cpp for Debug+Asserts build
llvm[3]: Compiling HexagonMCInstLower.cpp for Debug+Asserts build
llvm[3]: Compiling HexagonMachineFunctionInfo.cpp for Debug+Asserts build
llvm[3]: Compiling HexagonMachineScheduler.cpp for Debug+Asserts build
llvm[3]: Compiling HexagonNewValueJump.cpp for Debug+Asserts build
llvm[3]: Compiling HexagonPeephole.cpp for Debug+Asserts build
llvm[3]: Compiling HexagonRegisterInfo.cpp for Debug+Asserts build
llvm[3]: Compiling HexagonRemoveSZExtArgs.cpp for Debug+Asserts build
llvm[3]: Compiling HexagonSelectionDAGInfo.cpp for Debug+Asserts build
llvm[3]: Compiling HexagonSplitConst32AndConst64.cpp for Debug+Asserts build
llvm[3]: Compiling HexagonSubtarget.cpp for Debug+Asserts build
llvm[3]: Compiling HexagonTargetMachine.cpp for Debug+Asserts build
llvm[3]: Compiling HexagonTargetObjectFile.cpp for Debug+Asserts build
llvm[3]: Compiling HexagonVLIWPacketizer.cpp for Debug+Asserts build
llvm[3]: Building Debug+Asserts Archive Library libLLVMHexagonCodeGen.a
make[4]: Entering directory `/home/ubuntu/llvm-dsa/lib/Target/Hexagon/TargetInfo'
llvm[4]: Compiling HexagonTargetInfo.cpp for Debug+Asserts build
llvm[4]: Building Debug+Asserts Archive Library libLLVMHexagonInfo.a
make[4]: Leaving directory `/home/ubuntu/llvm-dsa/lib/Target/Hexagon/TargetInfo'
make[4]: Entering directory `/home/ubuntu/llvm-dsa/lib/Target/Hexagon/MCTargetDesc'
llvm[4]: Compiling HexagonAsmBackend.cpp for Debug+Asserts build
llvm[4]: Compiling HexagonELFObjectWriter.cpp for Debug+Asserts build
llvm[4]: Compiling HexagonInstPrinter.cpp for Debug+Asserts build
llvm[4]: Compiling HexagonMCAsmInfo.cpp for Debug+Asserts build
llvm[4]: Compiling HexagonMCCodeEmitter.cpp for Debug+Asserts build
llvm[4]: Compiling HexagonMCInstrInfo.cpp for Debug+Asserts build
llvm[4]: Compiling HexagonMCTargetDesc.cpp for Debug+Asserts build
llvm[4]: Building Debug+Asserts Archive Library libLLVMHexagonDesc.a
make[4]: Leaving directory `/home/ubuntu/llvm-dsa/lib/Target/Hexagon/MCTargetDesc'
make[4]: Entering directory `/home/ubuntu/llvm-dsa/lib/Target/Hexagon/Disassembler'
llvm[4]: Compiling HexagonDisassembler.cpp for Debug+Asserts build
llvm[4]: Building Debug+Asserts Archive Library libLLVMHexagonDisassembler.a
make[4]: Leaving directory `/home/ubuntu/llvm-dsa/lib/Target/Hexagon/Disassembler'
make[3]: Leaving directory `/home/ubuntu/llvm-dsa/lib/Target/Hexagon'
make[3]: Entering directory `/home/ubuntu/llvm-dsa/lib/Target/SystemZ'
llvm[3]: Building SystemZ.td register info implementation with tblgen
llvm[3]: Building SystemZ.td assembly writer with tblgen
llvm[3]: Building SystemZ.td assembly matcher with tblgen
llvm[3]: Building SystemZ.td disassembly tables with tblgen
llvm[3]: Building SystemZ.td instruction information with tblgen
llvm[3]: Building SystemZ.td DAG instruction selector implementation with tblgen
llvm[3]: Building SystemZ.td subtarget information with tblgen
llvm[3]: Building SystemZ.td calling convention information with tblgen
llvm[3]: Building SystemZ.td MC code emitter with tblgen
llvm[3]: Compiling SystemZAsmPrinter.cpp for Debug+Asserts build
llvm[3]: Compiling SystemZCallingConv.cpp for Debug+Asserts build
llvm[3]: Compiling SystemZConstantPoolValue.cpp for Debug+Asserts build
llvm[3]: Compiling SystemZElimCompare.cpp for Debug+Asserts build
llvm[3]: Compiling SystemZFrameLowering.cpp for Debug+Asserts build
llvm[3]: Compiling SystemZISelDAGToDAG.cpp for Debug+Asserts build
llvm[3]: Compiling SystemZISelLowering.cpp for Debug+Asserts build
llvm[3]: Compiling SystemZInstrInfo.cpp for Debug+Asserts build
llvm[3]: Compiling SystemZLDCleanup.cpp for Debug+Asserts build
llvm[3]: Compiling SystemZLongBranch.cpp for Debug+Asserts build
llvm[3]: Compiling SystemZMCInstLower.cpp for Debug+Asserts build
llvm[3]: Compiling SystemZMachineFunctionInfo.cpp for Debug+Asserts build
llvm[3]: Compiling SystemZRegisterInfo.cpp for Debug+Asserts build
llvm[3]: Compiling SystemZSelectionDAGInfo.cpp for Debug+Asserts build
llvm[3]: Compiling SystemZShortenInst.cpp for Debug+Asserts build
llvm[3]: Compiling SystemZSubtarget.cpp for Debug+Asserts build
llvm[3]: Compiling SystemZTargetMachine.cpp for Debug+Asserts build
llvm[3]: Compiling SystemZTargetTransformInfo.cpp for Debug+Asserts build
llvm[3]: Building Debug+Asserts Archive Library libLLVMSystemZCodeGen.a
make[4]: Entering directory `/home/ubuntu/llvm-dsa/lib/Target/SystemZ/InstPrinter'
llvm[4]: Compiling SystemZInstPrinter.cpp for Debug+Asserts build
llvm[4]: Building Debug+Asserts Archive Library libLLVMSystemZAsmPrinter.a
make[4]: Leaving directory `/home/ubuntu/llvm-dsa/lib/Target/SystemZ/InstPrinter'
make[4]: Entering directory `/home/ubuntu/llvm-dsa/lib/Target/SystemZ/AsmParser'
llvm[4]: Compiling SystemZAsmParser.cpp for Debug+Asserts build
llvm[4]: Building Debug+Asserts Archive Library libLLVMSystemZAsmParser.a
make[4]: Leaving directory `/home/ubuntu/llvm-dsa/lib/Target/SystemZ/AsmParser'
make[4]: Entering directory `/home/ubuntu/llvm-dsa/lib/Target/SystemZ/Disassembler'
llvm[4]: Compiling SystemZDisassembler.cpp for Debug+Asserts build
llvm[4]: Building Debug+Asserts Archive Library libLLVMSystemZDisassembler.a
make[4]: Leaving directory `/home/ubuntu/llvm-dsa/lib/Target/SystemZ/Disassembler'
make[4]: Entering directory `/home/ubuntu/llvm-dsa/lib/Target/SystemZ/TargetInfo'
llvm[4]: Compiling SystemZTargetInfo.cpp for Debug+Asserts build
llvm[4]: Building Debug+Asserts Archive Library libLLVMSystemZInfo.a
make[4]: Leaving directory `/home/ubuntu/llvm-dsa/lib/Target/SystemZ/TargetInfo'
make[4]: Entering directory `/home/ubuntu/llvm-dsa/lib/Target/SystemZ/MCTargetDesc'
llvm[4]: Compiling SystemZMCAsmBackend.cpp for Debug+Asserts build
llvm[4]: Compiling SystemZMCAsmInfo.cpp for Debug+Asserts build
llvm[4]: Compiling SystemZMCCodeEmitter.cpp for Debug+Asserts build
llvm[4]: Compiling SystemZMCObjectWriter.cpp for Debug+Asserts build
llvm[4]: Compiling SystemZMCTargetDesc.cpp for Debug+Asserts build
llvm[4]: Building Debug+Asserts Archive Library libLLVMSystemZDesc.a
make[4]: Leaving directory `/home/ubuntu/llvm-dsa/lib/Target/SystemZ/MCTargetDesc'
make[3]: Leaving directory `/home/ubuntu/llvm-dsa/lib/Target/SystemZ'
make[3]: Entering directory `/home/ubuntu/llvm-dsa/lib/Target/R600'
llvm[3]: Building AMDGPU.td register info implementation with tblgen
llvm[3]: Building AMDGPU.td instruction information with tblgen
llvm[3]: Building AMDGPU.td DAG instruction selector implementation with tblgen
llvm[3]: Building AMDGPU.td subtarget information with tblgen
llvm[3]: Building AMDGPU.td MC code emitter with tblgen
llvm[3]: Building AMDGPU.td calling convention information with tblgen
llvm[3]: Building AMDGPU.td intrinsics information with tblgen
llvm[3]: Building AMDGPU.td DFA packetizer tables with tblgen
llvm[3]: Building AMDGPU.td assembly writer with tblgen
llvm[3]: Building AMDGPU.td assembly matcher with tblgen
llvm[3]: Compiling AMDGPUAlwaysInlinePass.cpp for Debug+Asserts build
llvm[3]: Compiling AMDGPUAsmPrinter.cpp for Debug+Asserts build
llvm[3]: Compiling AMDGPUFrameLowering.cpp for Debug+Asserts build
llvm[3]: Compiling AMDGPUISelDAGToDAG.cpp for Debug+Asserts build
llvm[3]: Compiling AMDGPUISelLowering.cpp for Debug+Asserts build
llvm[3]: Compiling AMDGPUInstrInfo.cpp for Debug+Asserts build
llvm[3]: Compiling AMDGPUIntrinsicInfo.cpp for Debug+Asserts build
llvm[3]: Compiling AMDGPUMCInstLower.cpp for Debug+Asserts build
llvm[3]: Compiling AMDGPUMachineFunction.cpp for Debug+Asserts build
llvm[3]: Compiling AMDGPUPromoteAlloca.cpp for Debug+Asserts build
llvm[3]: Compiling AMDGPURegisterInfo.cpp for Debug+Asserts build
llvm[3]: Compiling AMDGPUSubtarget.cpp for Debug+Asserts build
llvm[3]: Compiling AMDGPUTargetMachine.cpp for Debug+Asserts build
llvm[3]: Compiling AMDGPUTargetTransformInfo.cpp for Debug+Asserts build
llvm[3]: Compiling AMDILCFGStructurizer.cpp for Debug+Asserts build
llvm[3]: Compiling R600ClauseMergePass.cpp for Debug+Asserts build
llvm[3]: Compiling R600ControlFlowFinalizer.cpp for Debug+Asserts build
llvm[3]: Compiling R600EmitClauseMarkers.cpp for Debug+Asserts build
llvm[3]: Compiling R600ExpandSpecialInstrs.cpp for Debug+Asserts build
llvm[3]: Compiling R600ISelLowering.cpp for Debug+Asserts build
llvm[3]: Compiling R600InstrInfo.cpp for Debug+Asserts build
llvm[3]: Compiling R600MachineFunctionInfo.cpp for Debug+Asserts build
llvm[3]: Compiling R600MachineScheduler.cpp for Debug+Asserts build
llvm[3]: Compiling R600OptimizeVectorRegisters.cpp for Debug+Asserts build
llvm[3]: Compiling R600Packetizer.cpp for Debug+Asserts build
llvm[3]: Compiling R600RegisterInfo.cpp for Debug+Asserts build
llvm[3]: Compiling R600TextureIntrinsicsReplacer.cpp for Debug+Asserts build
llvm[3]: Compiling SIAnnotateControlFlow.cpp for Debug+Asserts build
llvm[3]: Compiling SIFixSGPRCopies.cpp for Debug+Asserts build
llvm[3]: Compiling SIFixSGPRLiveRanges.cpp for Debug+Asserts build
llvm[3]: Compiling SIFoldOperands.cpp for Debug+Asserts build
llvm[3]: Compiling SIISelLowering.cpp for Debug+Asserts build
llvm[3]: Compiling SIInsertWaits.cpp for Debug+Asserts build
llvm[3]: Compiling SIInstrInfo.cpp for Debug+Asserts build
llvm[3]: Compiling SILoadStoreOptimizer.cpp for Debug+Asserts build
llvm[3]: Compiling SILowerControlFlow.cpp for Debug+Asserts build
llvm[3]: Compiling SILowerI1Copies.cpp for Debug+Asserts build
llvm[3]: Compiling SIMachineFunctionInfo.cpp for Debug+Asserts build
llvm[3]: Compiling SIPrepareScratchRegs.cpp for Debug+Asserts build
llvm[3]: Compiling SIRegisterInfo.cpp for Debug+Asserts build
llvm[3]: Compiling SIShrinkInstructions.cpp for Debug+Asserts build
llvm[3]: Compiling SITypeRewriter.cpp for Debug+Asserts build
llvm[3]: Building Debug+Asserts Archive Library libLLVMR600CodeGen.a
make[4]: Entering directory `/home/ubuntu/llvm-dsa/lib/Target/R600/AsmParser'
llvm[4]: Compiling AMDGPUAsmParser.cpp for Debug+Asserts build
llvm[4]: Building Debug+Asserts Archive Library libLLVMR600AsmParser.a
make[4]: Leaving directory `/home/ubuntu/llvm-dsa/lib/Target/R600/AsmParser'
make[4]: Entering directory `/home/ubuntu/llvm-dsa/lib/Target/R600/InstPrinter'
llvm[4]: Compiling AMDGPUInstPrinter.cpp for Debug+Asserts build
llvm[4]: Building Debug+Asserts Archive Library libLLVMR600AsmPrinter.a
make[4]: Leaving directory `/home/ubuntu/llvm-dsa/lib/Target/R600/InstPrinter'
make[4]: Entering directory `/home/ubuntu/llvm-dsa/lib/Target/R600/TargetInfo'
llvm[4]: Compiling AMDGPUTargetInfo.cpp for Debug+Asserts build
llvm[4]: Building Debug+Asserts Archive Library libLLVMR600Info.a
make[4]: Leaving directory `/home/ubuntu/llvm-dsa/lib/Target/R600/TargetInfo'
make[4]: Entering directory `/home/ubuntu/llvm-dsa/lib/Target/R600/MCTargetDesc'
llvm[4]: Compiling AMDGPUAsmBackend.cpp for Debug+Asserts build
llvm[4]: Compiling AMDGPUELFObjectWriter.cpp for Debug+Asserts build
llvm[4]: Compiling AMDGPUMCAsmInfo.cpp for Debug+Asserts build
llvm[4]: Compiling AMDGPUMCCodeEmitter.cpp for Debug+Asserts build
llvm[4]: Compiling AMDGPUMCTargetDesc.cpp for Debug+Asserts build
llvm[4]: Compiling R600MCCodeEmitter.cpp for Debug+Asserts build
llvm[4]: Compiling SIMCCodeEmitter.cpp for Debug+Asserts build
llvm[4]: Building Debug+Asserts Archive Library libLLVMR600Desc.a
make[4]: Leaving directory `/home/ubuntu/llvm-dsa/lib/Target/R600/MCTargetDesc'
make[3]: Leaving directory `/home/ubuntu/llvm-dsa/lib/Target/R600'
make[2]: Leaving directory `/home/ubuntu/llvm-dsa/lib/Target'
make[2]: Entering directory `/home/ubuntu/llvm-dsa/lib/ExecutionEngine'
llvm[2]: Compiling ExecutionEngine.cpp for Debug+Asserts build
llvm[2]: Compiling ExecutionEngineBindings.cpp for Debug+Asserts build
llvm[2]: Compiling GDBRegistrationListener.cpp for Debug+Asserts build
llvm[2]: Compiling SectionMemoryManager.cpp for Debug+Asserts build
llvm[2]: Compiling TargetSelect.cpp for Debug+Asserts build
llvm[2]: Building Debug+Asserts Archive Library libLLVMExecutionEngine.a
make[3]: Entering directory `/home/ubuntu/llvm-dsa/lib/ExecutionEngine/Interpreter'
llvm[3]: Compiling Execution.cpp for Debug+Asserts build
llvm[3]: Compiling ExternalFunctions.cpp for Debug+Asserts build
llvm[3]: Compiling Interpreter.cpp for Debug+Asserts build
llvm[3]: Building Debug+Asserts Archive Library libLLVMInterpreter.a
make[3]: Leaving directory `/home/ubuntu/llvm-dsa/lib/ExecutionEngine/Interpreter'
make[3]: Entering directory `/home/ubuntu/llvm-dsa/lib/ExecutionEngine/MCJIT'
llvm[3]: Compiling MCJIT.cpp for Debug+Asserts build
llvm[3]: Building Debug+Asserts Archive Library libLLVMMCJIT.a
make[3]: Leaving directory `/home/ubuntu/llvm-dsa/lib/ExecutionEngine/MCJIT'
make[3]: Entering directory `/home/ubuntu/llvm-dsa/lib/ExecutionEngine/Orc'
llvm[3]: Compiling CloneSubModule.cpp for Debug+Asserts build
llvm[3]: Compiling ExecutionUtils.cpp for Debug+Asserts build
llvm[3]: Compiling IndirectionUtils.cpp for Debug+Asserts build
llvm[3]: Compiling OrcMCJITReplacement.cpp for Debug+Asserts build
llvm[3]: Compiling OrcTargetSupport.cpp for Debug+Asserts build
llvm[3]: Building Debug+Asserts Archive Library libLLVMOrcJIT.a
make[3]: Leaving directory `/home/ubuntu/llvm-dsa/lib/ExecutionEngine/Orc'
make[3]: Entering directory `/home/ubuntu/llvm-dsa/lib/ExecutionEngine/RuntimeDyld'
llvm[3]: Compiling RTDyldMemoryManager.cpp for Debug+Asserts build
llvm[3]: Compiling RuntimeDyld.cpp for Debug+Asserts build
llvm[3]: Compiling RuntimeDyldCOFF.cpp for Debug+Asserts build
llvm[3]: Compiling RuntimeDyldChecker.cpp for Debug+Asserts build
llvm[3]: Compiling RuntimeDyldELF.cpp for Debug+Asserts build
llvm[3]: Compiling RuntimeDyldMachO.cpp for Debug+Asserts build
llvm[3]: Building Debug+Asserts Archive Library libLLVMRuntimeDyld.a
make[3]: Leaving directory `/home/ubuntu/llvm-dsa/lib/ExecutionEngine/RuntimeDyld'
make[2]: Leaving directory `/home/ubuntu/llvm-dsa/lib/ExecutionEngine'
make[2]: Entering directory `/home/ubuntu/llvm-dsa/lib/Linker'
llvm[2]: Compiling LinkModules.cpp for Debug+Asserts build
llvm[2]: Building Debug+Asserts Archive Library libLLVMLinker.a
make[2]: Leaving directory `/home/ubuntu/llvm-dsa/lib/Linker'
make[2]: Entering directory `/home/ubuntu/llvm-dsa/lib/LTO'
llvm[2]: Compiling LTOCodeGenerator.cpp for Debug+Asserts build
llvm[2]: Compiling LTOModule.cpp for Debug+Asserts build
llvm[2]: Building Debug+Asserts Archive Library libLLVMLTO.a
make[2]: Leaving directory `/home/ubuntu/llvm-dsa/lib/LTO'
make[2]: Entering directory `/home/ubuntu/llvm-dsa/lib/MC'
llvm[2]: Compiling ConstantPools.cpp for Debug+Asserts build
llvm[2]: Compiling ELFObjectWriter.cpp for Debug+Asserts build
llvm[2]: Compiling MCAsmBackend.cpp for Debug+Asserts build
llvm[2]: Compiling MCAsmInfo.cpp for Debug+Asserts build
llvm[2]: Compiling MCAsmInfoCOFF.cpp for Debug+Asserts build
llvm[2]: Compiling MCAsmInfoDarwin.cpp for Debug+Asserts build
llvm[2]: Compiling MCAsmInfoELF.cpp for Debug+Asserts build
llvm[2]: Compiling MCAsmStreamer.cpp for Debug+Asserts build
llvm[2]: Compiling MCAssembler.cpp for Debug+Asserts build
llvm[2]: Compiling MCCodeEmitter.cpp for Debug+Asserts build
llvm[2]: Compiling MCCodeGenInfo.cpp for Debug+Asserts build
llvm[2]: Compiling MCContext.cpp for Debug+Asserts build
llvm[2]: Compiling MCDwarf.cpp for Debug+Asserts build
llvm[2]: Compiling MCELF.cpp for Debug+Asserts build
llvm[2]: Compiling MCELFObjectTargetWriter.cpp for Debug+Asserts build
llvm[2]: Compiling MCELFStreamer.cpp for Debug+Asserts build
llvm[2]: Compiling MCExpr.cpp for Debug+Asserts build
llvm[2]: Compiling MCInst.cpp for Debug+Asserts build
llvm[2]: Compiling MCInstPrinter.cpp for Debug+Asserts build
llvm[2]: Compiling MCInstrAnalysis.cpp for Debug+Asserts build
llvm[2]: Compiling MCLabel.cpp for Debug+Asserts build
llvm[2]: Compiling MCLinkerOptimizationHint.cpp for Debug+Asserts build
llvm[2]: Compiling MCMachOStreamer.cpp for Debug+Asserts build
llvm[2]: Compiling MCMachObjectTargetWriter.cpp for Debug+Asserts build
llvm[2]: Compiling MCNullStreamer.cpp for Debug+Asserts build
llvm[2]: Compiling MCObjectFileInfo.cpp for Debug+Asserts build
llvm[2]: Compiling MCObjectStreamer.cpp for Debug+Asserts build
llvm[2]: Compiling MCObjectWriter.cpp for Debug+Asserts build
llvm[2]: Compiling MCRegisterInfo.cpp for Debug+Asserts build
llvm[2]: Compiling MCSection.cpp for Debug+Asserts build
llvm[2]: Compiling MCSectionCOFF.cpp for Debug+Asserts build
llvm[2]: Compiling MCSectionELF.cpp for Debug+Asserts build
llvm[2]: Compiling MCSectionMachO.cpp for Debug+Asserts build
llvm[2]: Compiling MCStreamer.cpp for Debug+Asserts build
llvm[2]: Compiling MCSubtargetInfo.cpp for Debug+Asserts build
llvm[2]: Compiling MCSymbol.cpp for Debug+Asserts build
llvm[2]: Compiling MCSymbolizer.cpp for Debug+Asserts build
llvm[2]: Compiling MCTargetOptions.cpp for Debug+Asserts build
llvm[2]: Compiling MCValue.cpp for Debug+Asserts build
llvm[2]: Compiling MCWin64EH.cpp for Debug+Asserts build
llvm[2]: Compiling MCWinEH.cpp for Debug+Asserts build
llvm[2]: Compiling MachObjectWriter.cpp for Debug+Asserts build
llvm[2]: Compiling StringTableBuilder.cpp for Debug+Asserts build
llvm[2]: Compiling SubtargetFeature.cpp for Debug+Asserts build
llvm[2]: Compiling WinCOFFObjectWriter.cpp for Debug+Asserts build
llvm[2]: Compiling WinCOFFStreamer.cpp for Debug+Asserts build
llvm[2]: Compiling YAML.cpp for Debug+Asserts build
llvm[2]: Building Debug+Asserts Archive Library libLLVMMC.a
make[3]: Entering directory `/home/ubuntu/llvm-dsa/lib/MC/MCParser'
llvm[3]: Compiling AsmLexer.cpp for Debug+Asserts build
llvm[3]: Compiling AsmParser.cpp for Debug+Asserts build
llvm[3]: Compiling COFFAsmParser.cpp for Debug+Asserts build
llvm[3]: Compiling DarwinAsmParser.cpp for Debug+Asserts build
llvm[3]: Compiling ELFAsmParser.cpp for Debug+Asserts build
llvm[3]: Compiling MCAsmLexer.cpp for Debug+Asserts build
llvm[3]: Compiling MCAsmParser.cpp for Debug+Asserts build
llvm[3]: Compiling MCAsmParserExtension.cpp for Debug+Asserts build
llvm[3]: Compiling MCTargetAsmParser.cpp for Debug+Asserts build
llvm[3]: Building Debug+Asserts Archive Library libLLVMMCParser.a
make[3]: Leaving directory `/home/ubuntu/llvm-dsa/lib/MC/MCParser'
make[3]: Entering directory `/home/ubuntu/llvm-dsa/lib/MC/MCDisassembler'
llvm[3]: Compiling Disassembler.cpp for Debug+Asserts build
llvm[3]: Compiling MCDisassembler.cpp for Debug+Asserts build
llvm[3]: Compiling MCExternalSymbolizer.cpp for Debug+Asserts build
llvm[3]: Compiling MCRelocationInfo.cpp for Debug+Asserts build
llvm[3]: Building Debug+Asserts Archive Library libLLVMMCDisassembler.a
make[3]: Leaving directory `/home/ubuntu/llvm-dsa/lib/MC/MCDisassembler'
make[2]: Leaving directory `/home/ubuntu/llvm-dsa/lib/MC'
make[2]: Entering directory `/home/ubuntu/llvm-dsa/lib/Object'
llvm[2]: Compiling Archive.cpp for Debug+Asserts build
llvm[2]: Compiling Binary.cpp for Debug+Asserts build
llvm[2]: Compiling COFFObjectFile.cpp for Debug+Asserts build
llvm[2]: Compiling COFFYAML.cpp for Debug+Asserts build
llvm[2]: Compiling ELF.cpp for Debug+Asserts build
llvm[2]: Compiling ELFObjectFile.cpp for Debug+Asserts build
llvm[2]: Compiling ELFYAML.cpp for Debug+Asserts build
llvm[2]: Compiling Error.cpp for Debug+Asserts build
llvm[2]: Compiling IRObjectFile.cpp for Debug+Asserts build
llvm[2]: Compiling MachOObjectFile.cpp for Debug+Asserts build
llvm[2]: Compiling MachOUniversal.cpp for Debug+Asserts build
llvm[2]: Compiling Object.cpp for Debug+Asserts build
llvm[2]: Compiling ObjectFile.cpp for Debug+Asserts build
llvm[2]: Compiling RecordStreamer.cpp for Debug+Asserts build
llvm[2]: Compiling SymbolicFile.cpp for Debug+Asserts build
llvm[2]: Building Debug+Asserts Archive Library libLLVMObject.a
make[2]: Leaving directory `/home/ubuntu/llvm-dsa/lib/Object'
make[2]: Entering directory `/home/ubuntu/llvm-dsa/lib/Option'
llvm[2]: Compiling Arg.cpp for Debug+Asserts build
llvm[2]: Compiling ArgList.cpp for Debug+Asserts build
llvm[2]: Compiling OptTable.cpp for Debug+Asserts build
llvm[2]: Compiling Option.cpp for Debug+Asserts build
llvm[2]: Building Debug+Asserts Archive Library libLLVMOption.a
make[2]: Leaving directory `/home/ubuntu/llvm-dsa/lib/Option'
make[2]: Entering directory `/home/ubuntu/llvm-dsa/lib/DebugInfo'
make[3]: Entering directory `/home/ubuntu/llvm-dsa/lib/DebugInfo/DWARF'
llvm[3]: Compiling DIContext.cpp for Debug+Asserts build
llvm[3]: Compiling DWARFAbbreviationDeclaration.cpp for Debug+Asserts build
llvm[3]: Compiling DWARFAcceleratorTable.cpp for Debug+Asserts build
llvm[3]: Compiling DWARFCompileUnit.cpp for Debug+Asserts build
llvm[3]: Compiling DWARFContext.cpp for Debug+Asserts build
llvm[3]: Compiling DWARFDebugAbbrev.cpp for Debug+Asserts build
llvm[3]: Compiling DWARFDebugArangeSet.cpp for Debug+Asserts build
llvm[3]: Compiling DWARFDebugAranges.cpp for Debug+Asserts build
llvm[3]: Compiling DWARFDebugFrame.cpp for Debug+Asserts build
llvm[3]: Compiling DWARFDebugInfoEntry.cpp for Debug+Asserts build
llvm[3]: Compiling DWARFDebugLine.cpp for Debug+Asserts build
llvm[3]: Compiling DWARFDebugLoc.cpp for Debug+Asserts build
llvm[3]: Compiling DWARFDebugRangeList.cpp for Debug+Asserts build
llvm[3]: Compiling DWARFFormValue.cpp for Debug+Asserts build
llvm[3]: Compiling DWARFTypeUnit.cpp for Debug+Asserts build
llvm[3]: Compiling DWARFUnit.cpp for Debug+Asserts build
llvm[3]: Compiling SyntaxHighlighting.cpp for Debug+Asserts build
llvm[3]: Building Debug+Asserts Archive Library libLLVMDebugInfoDWARF.a
make[3]: Leaving directory `/home/ubuntu/llvm-dsa/lib/DebugInfo/DWARF'
make[3]: Entering directory `/home/ubuntu/llvm-dsa/lib/DebugInfo/PDB'
llvm[3]: Compiling IPDBSourceFile.cpp for Debug+Asserts build
llvm[3]: Compiling PDB.cpp for Debug+Asserts build
llvm[3]: Compiling PDBExtras.cpp for Debug+Asserts build
llvm[3]: Compiling PDBInterfaceAnchors.cpp for Debug+Asserts build
llvm[3]: Compiling PDBSymDumper.cpp for Debug+Asserts build
llvm[3]: Compiling PDBSymbol.cpp for Debug+Asserts build
llvm[3]: Compiling PDBSymbolAnnotation.cpp for Debug+Asserts build
llvm[3]: Compiling PDBSymbolBlock.cpp for Debug+Asserts build
llvm[3]: Compiling PDBSymbolCompiland.cpp for Debug+Asserts build
llvm[3]: Compiling PDBSymbolCompilandDetails.cpp for Debug+Asserts build
llvm[3]: Compiling PDBSymbolCompilandEnv.cpp for Debug+Asserts build
llvm[3]: Compiling PDBSymbolCustom.cpp for Debug+Asserts build
llvm[3]: Compiling PDBSymbolData.cpp for Debug+Asserts build
llvm[3]: Compiling PDBSymbolExe.cpp for Debug+Asserts build
llvm[3]: Compiling PDBSymbolFunc.cpp for Debug+Asserts build
llvm[3]: Compiling PDBSymbolFuncDebugEnd.cpp for Debug+Asserts build
llvm[3]: Compiling PDBSymbolFuncDebugStart.cpp for Debug+Asserts build
llvm[3]: Compiling PDBSymbolLabel.cpp for Debug+Asserts build
llvm[3]: Compiling PDBSymbolPublicSymbol.cpp for Debug+Asserts build
llvm[3]: Compiling PDBSymbolThunk.cpp for Debug+Asserts build
llvm[3]: Compiling PDBSymbolTypeArray.cpp for Debug+Asserts build
llvm[3]: Compiling PDBSymbolTypeBaseClass.cpp for Debug+Asserts build
llvm[3]: Compiling PDBSymbolTypeBuiltin.cpp for Debug+Asserts build
llvm[3]: Compiling PDBSymbolTypeCustom.cpp for Debug+Asserts build
llvm[3]: Compiling PDBSymbolTypeDimension.cpp for Debug+Asserts build
llvm[3]: Compiling PDBSymbolTypeEnum.cpp for Debug+Asserts build
llvm[3]: Compiling PDBSymbolTypeFriend.cpp for Debug+Asserts build
llvm[3]: Compiling PDBSymbolTypeFunctionArg.cpp for Debug+Asserts build
llvm[3]: Compiling PDBSymbolTypeFunctionSig.cpp for Debug+Asserts build
llvm[3]: Compiling PDBSymbolTypeManaged.cpp for Debug+Asserts build
llvm[3]: Compiling PDBSymbolTypePointer.cpp for Debug+Asserts build
llvm[3]: Compiling PDBSymbolTypeTypedef.cpp for Debug+Asserts build
llvm[3]: Compiling PDBSymbolTypeUDT.cpp for Debug+Asserts build
llvm[3]: Compiling PDBSymbolTypeVTable.cpp for Debug+Asserts build
llvm[3]: Compiling PDBSymbolTypeVTableShape.cpp for Debug+Asserts build
llvm[3]: Compiling PDBSymbolUnknown.cpp for Debug+Asserts build
llvm[3]: Compiling PDBSymbolUsingNamespace.cpp for Debug+Asserts build
llvm[3]: Building Debug+Asserts Archive Library libLLVMDebugInfoPDB.a
make[3]: Leaving directory `/home/ubuntu/llvm-dsa/lib/DebugInfo/PDB'
make[2]: Leaving directory `/home/ubuntu/llvm-dsa/lib/DebugInfo'
make[2]: Entering directory `/home/ubuntu/llvm-dsa/lib/IRReader'
llvm[2]: Compiling IRReader.cpp for Debug+Asserts build
llvm[2]: Building Debug+Asserts Archive Library libLLVMIRReader.a
make[2]: Leaving directory `/home/ubuntu/llvm-dsa/lib/IRReader'
make[2]: Entering directory `/home/ubuntu/llvm-dsa/lib/LineEditor'
llvm[2]: Compiling LineEditor.cpp for Debug+Asserts build
llvm[2]: Building Debug+Asserts Archive Library libLLVMLineEditor.a
make[2]: Leaving directory `/home/ubuntu/llvm-dsa/lib/LineEditor'
make[2]: Entering directory `/home/ubuntu/llvm-dsa/lib/ProfileData'
llvm[2]: Compiling CoverageMapping.cpp for Debug+Asserts build
llvm[2]: Compiling CoverageMappingReader.cpp for Debug+Asserts build
llvm[2]: Compiling CoverageMappingWriter.cpp for Debug+Asserts build
llvm[2]: Compiling InstrProf.cpp for Debug+Asserts build
llvm[2]: Compiling InstrProfReader.cpp for Debug+Asserts build
llvm[2]: Compiling InstrProfWriter.cpp for Debug+Asserts build
llvm[2]: Compiling SampleProf.cpp for Debug+Asserts build
llvm[2]: Compiling SampleProfReader.cpp for Debug+Asserts build
llvm[2]: Compiling SampleProfWriter.cpp for Debug+Asserts build
llvm[2]: Building Debug+Asserts Archive Library libLLVMProfileData.a
make[2]: Leaving directory `/home/ubuntu/llvm-dsa/lib/ProfileData'
make[2]: Entering directory `/home/ubuntu/llvm-dsa/lib/Passes'
llvm[2]: Compiling PassBuilder.cpp for Debug+Asserts build
llvm[2]: Building Debug+Asserts Archive Library libLLVMPasses.a
make[2]: Leaving directory `/home/ubuntu/llvm-dsa/lib/Passes'
make[1]: Leaving directory `/home/ubuntu/llvm-dsa/lib'
make[1]: Entering directory `/home/ubuntu/llvm-dsa/tools/llvm-config'
llvm[1]: Building llvm-config BuildVariables.inc file.
llvm[1]: Compiling llvm-config.cpp for Debug+Asserts build
llvm[1]: Linking Debug+Asserts executable llvm-config
llvm[1]: ======= Finished Linking Debug+Asserts Executable llvm-config
make[1]: Leaving directory `/home/ubuntu/llvm-dsa/tools/llvm-config'
make[1]: Entering directory `/home/ubuntu/llvm-dsa/tools'
make[2]: Entering directory `/home/ubuntu/llvm-dsa/tools/llvm-config'
make[2]: Nothing to be done for `all'.
make[2]: Leaving directory `/home/ubuntu/llvm-dsa/tools/llvm-config'
make[2]: Entering directory `/home/ubuntu/llvm-dsa/tools/lto'
llvm[2]: Compiling LTODisassembler.cpp for Debug+Asserts build (PIC)
llvm[2]: Compiling lto.cpp for Debug+Asserts build (PIC)
llvm[2]: Linking Debug+Asserts Shared Library libLTO.so
llvm[2]: Building Debug+Asserts Archive Library libLTO.a
make[2]: Leaving directory `/home/ubuntu/llvm-dsa/tools/lto'
make[2]: Entering directory `/home/ubuntu/llvm-dsa/tools/llvm-lto'
llvm[2]: Compiling llvm-lto.cpp for Debug+Asserts build
llvm[2]: Linking Debug+Asserts executable llvm-lto
llvm[2]: ======= Finished Linking Debug+Asserts Executable llvm-lto
make[2]: Leaving directory `/home/ubuntu/llvm-dsa/tools/llvm-lto'
make[2]: Entering directory `/home/ubuntu/llvm-dsa/tools/opt'
llvm[2]: Compiling AnalysisWrappers.cpp for Debug+Asserts build
llvm[2]: Compiling BreakpointPrinter.cpp for Debug+Asserts build
llvm[2]: Compiling GraphPrinters.cpp for Debug+Asserts build
llvm[2]: Compiling NewPMDriver.cpp for Debug+Asserts build
llvm[2]: Compiling PassPrinters.cpp for Debug+Asserts build
llvm[2]: Compiling PrintSCC.cpp for Debug+Asserts build
llvm[2]: Compiling opt.cpp for Debug+Asserts build
llvm[2]: Linking Debug+Asserts executable opt
llvm[2]: ======= Finished Linking Debug+Asserts Executable opt
make[2]: Leaving directory `/home/ubuntu/llvm-dsa/tools/opt'
make[2]: Entering directory `/home/ubuntu/llvm-dsa/tools/llvm-as'
llvm[2]: Compiling llvm-as.cpp for Debug+Asserts build
llvm[2]: Linking Debug+Asserts executable llvm-as
llvm[2]: ======= Finished Linking Debug+Asserts Executable llvm-as
make[2]: Leaving directory `/home/ubuntu/llvm-dsa/tools/llvm-as'
make[2]: Entering directory `/home/ubuntu/llvm-dsa/tools/llvm-dis'
llvm[2]: Compiling llvm-dis.cpp for Debug+Asserts build
llvm[2]: Linking Debug+Asserts executable llvm-dis
llvm[2]: ======= Finished Linking Debug+Asserts Executable llvm-dis
make[2]: Leaving directory `/home/ubuntu/llvm-dsa/tools/llvm-dis'
make[2]: Entering directory `/home/ubuntu/llvm-dsa/tools/llc'
llvm[2]: Compiling llc.cpp for Debug+Asserts build
llvm[2]: Linking Debug+Asserts executable llc
llvm[2]: ======= Finished Linking Debug+Asserts Executable llc
make[2]: Leaving directory `/home/ubuntu/llvm-dsa/tools/llc'
make[2]: Entering directory `/home/ubuntu/llvm-dsa/tools/llvm-ar'
llvm[2]: Compiling llvm-ar.cpp for Debug+Asserts build
llvm[2]: Linking Debug+Asserts executable llvm-ar
llvm[2]: ======= Finished Linking Debug+Asserts Executable llvm-ar
llvm[2]: Creating Debug+Asserts Alias llvm-ranlib
llvm[2]: ======= Finished Creating Debug+Asserts Alias llvm-ranlib
make[2]: Leaving directory `/home/ubuntu/llvm-dsa/tools/llvm-ar'
make[2]: Entering directory `/home/ubuntu/llvm-dsa/tools/llvm-nm'
llvm[2]: Compiling llvm-nm.cpp for Debug+Asserts build
llvm[2]: Linking Debug+Asserts executable llvm-nm
llvm[2]: ======= Finished Linking Debug+Asserts Executable llvm-nm
make[2]: Leaving directory `/home/ubuntu/llvm-dsa/tools/llvm-nm'
make[2]: Entering directory `/home/ubuntu/llvm-dsa/tools/llvm-link'
llvm[2]: Compiling llvm-link.cpp for Debug+Asserts build
llvm[2]: Linking Debug+Asserts executable llvm-link
llvm[2]: ======= Finished Linking Debug+Asserts Executable llvm-link
make[2]: Leaving directory `/home/ubuntu/llvm-dsa/tools/llvm-link'
make[2]: Entering directory `/home/ubuntu/llvm-dsa/tools/lli'
llvm[2]: Compiling OrcLazyJIT.cpp for Debug+Asserts build
llvm[2]: Compiling RemoteMemoryManager.cpp for Debug+Asserts build
llvm[2]: Compiling RemoteTarget.cpp for Debug+Asserts build
llvm[2]: Compiling RemoteTargetExternal.cpp for Debug+Asserts build
llvm[2]: Compiling lli.cpp for Debug+Asserts build
llvm[2]: Linking Debug+Asserts executable lli
llvm[2]: ======= Finished Linking Debug+Asserts Executable lli
make[3]: Entering directory `/home/ubuntu/llvm-dsa/tools/lli/ChildTarget'
llvm[3]: Compiling ../RemoteTarget.cpp for Debug+Asserts build
llvm[3]: Compiling ChildTarget.cpp for Debug+Asserts build
llvm[3]: Linking Debug+Asserts executable lli-child-target
llvm[3]: ======= Finished Linking Debug+Asserts Executable lli-child-target
make[3]: Leaving directory `/home/ubuntu/llvm-dsa/tools/lli/ChildTarget'
make[2]: Leaving directory `/home/ubuntu/llvm-dsa/tools/lli'
make[2]: Entering directory `/home/ubuntu/llvm-dsa/tools/llvm-extract'
llvm[2]: Compiling llvm-extract.cpp for Debug+Asserts build
llvm[2]: Linking Debug+Asserts executable llvm-extract
llvm[2]: ======= Finished Linking Debug+Asserts Executable llvm-extract
make[2]: Leaving directory `/home/ubuntu/llvm-dsa/tools/llvm-extract'
make[2]: Entering directory `/home/ubuntu/llvm-dsa/tools/llvm-mc'
llvm[2]: Compiling Disassembler.cpp for Debug+Asserts build
llvm[2]: Compiling llvm-mc.cpp for Debug+Asserts build
llvm[2]: Linking Debug+Asserts executable llvm-mc
llvm[2]: ======= Finished Linking Debug+Asserts Executable llvm-mc
make[2]: Leaving directory `/home/ubuntu/llvm-dsa/tools/llvm-mc'
make[2]: Entering directory `/home/ubuntu/llvm-dsa/tools/bugpoint'
llvm[2]: Compiling BugDriver.cpp for Debug+Asserts build
llvm[2]: Compiling CrashDebugger.cpp for Debug+Asserts build
llvm[2]: Compiling ExecutionDriver.cpp for Debug+Asserts build
llvm[2]: Compiling ExtractFunction.cpp for Debug+Asserts build
llvm[2]: Compiling FindBugs.cpp for Debug+Asserts build
llvm[2]: Compiling Miscompilation.cpp for Debug+Asserts build
llvm[2]: Compiling OptimizerDriver.cpp for Debug+Asserts build
llvm[2]: Compiling ToolRunner.cpp for Debug+Asserts build
llvm[2]: Compiling bugpoint.cpp for Debug+Asserts build
llvm[2]: Linking Debug+Asserts executable bugpoint
llvm[2]: ======= Finished Linking Debug+Asserts Executable bugpoint
make[2]: Leaving directory `/home/ubuntu/llvm-dsa/tools/bugpoint'
make[2]: Entering directory `/home/ubuntu/llvm-dsa/tools/llvm-bcanalyzer'
llvm[2]: Compiling llvm-bcanalyzer.cpp for Debug+Asserts build
llvm[2]: Linking Debug+Asserts executable llvm-bcanalyzer
llvm[2]: ======= Finished Linking Debug+Asserts Executable llvm-bcanalyzer
make[2]: Leaving directory `/home/ubuntu/llvm-dsa/tools/llvm-bcanalyzer'
make[2]: Entering directory `/home/ubuntu/llvm-dsa/tools/llvm-diff'
llvm[2]: Compiling DiffConsumer.cpp for Debug+Asserts build
llvm[2]: Compiling DiffLog.cpp for Debug+Asserts build
llvm[2]: Compiling DifferenceEngine.cpp for Debug+Asserts build
llvm[2]: Compiling llvm-diff.cpp for Debug+Asserts build
llvm[2]: Linking Debug+Asserts executable llvm-diff
llvm[2]: ======= Finished Linking Debug+Asserts Executable llvm-diff
make[2]: Leaving directory `/home/ubuntu/llvm-dsa/tools/llvm-diff'
make[2]: Entering directory `/home/ubuntu/llvm-dsa/tools/macho-dump'
llvm[2]: Compiling macho-dump.cpp for Debug+Asserts build
llvm[2]: Linking Debug+Asserts executable macho-dump
llvm[2]: ======= Finished Linking Debug+Asserts Executable macho-dump
make[2]: Leaving directory `/home/ubuntu/llvm-dsa/tools/macho-dump'
make[2]: Entering directory `/home/ubuntu/llvm-dsa/tools/llvm-objdump'
llvm[2]: Compiling COFFDump.cpp for Debug+Asserts build
llvm[2]: Compiling ELFDump.cpp for Debug+Asserts build
llvm[2]: Compiling MachODump.cpp for Debug+Asserts build
llvm[2]: Compiling llvm-objdump.cpp for Debug+Asserts build
llvm[2]: Linking Debug+Asserts executable llvm-objdump
llvm[2]: ======= Finished Linking Debug+Asserts Executable llvm-objdump
make[2]: Leaving directory `/home/ubuntu/llvm-dsa/tools/llvm-objdump'
make[2]: Entering directory `/home/ubuntu/llvm-dsa/tools/llvm-readobj'
llvm[2]: Compiling ARMAttributeParser.cpp for Debug+Asserts build
llvm[2]: Compiling ARMWinEHPrinter.cpp for Debug+Asserts build
llvm[2]: Compiling COFFDumper.cpp for Debug+Asserts build
llvm[2]: Compiling ELFDumper.cpp for Debug+Asserts build
llvm[2]: Compiling Error.cpp for Debug+Asserts build
llvm[2]: Compiling MachODumper.cpp for Debug+Asserts build
llvm[2]: Compiling ObjDumper.cpp for Debug+Asserts build
llvm[2]: Compiling StreamWriter.cpp for Debug+Asserts build
llvm[2]: Compiling Win64EHDumper.cpp for Debug+Asserts build
llvm[2]: Compiling llvm-readobj.cpp for Debug+Asserts build
llvm[2]: Linking Debug+Asserts executable llvm-readobj
llvm[2]: ======= Finished Linking Debug+Asserts Executable llvm-readobj
make[2]: Leaving directory `/home/ubuntu/llvm-dsa/tools/llvm-readobj'
make[2]: Entering directory `/home/ubuntu/llvm-dsa/tools/llvm-rtdyld'
llvm[2]: Compiling llvm-rtdyld.cpp for Debug+Asserts build
llvm[2]: Linking Debug+Asserts executable llvm-rtdyld
llvm[2]: ======= Finished Linking Debug+Asserts Executable llvm-rtdyld
make[2]: Leaving directory `/home/ubuntu/llvm-dsa/tools/llvm-rtdyld'
make[2]: Entering directory `/home/ubuntu/llvm-dsa/tools/llvm-dwarfdump'
llvm[2]: Compiling llvm-dwarfdump.cpp for Debug+Asserts build
llvm[2]: Linking Debug+Asserts executable llvm-dwarfdump
llvm[2]: ======= Finished Linking Debug+Asserts Executable llvm-dwarfdump
make[2]: Leaving directory `/home/ubuntu/llvm-dsa/tools/llvm-dwarfdump'
make[2]: Entering directory `/home/ubuntu/llvm-dsa/tools/llvm-cov'
llvm[2]: Compiling CodeCoverage.cpp for Debug+Asserts build
llvm[2]: Compiling CoverageFilters.cpp for Debug+Asserts build
llvm[2]: Compiling CoverageReport.cpp for Debug+Asserts build
llvm[2]: Compiling CoverageSummaryInfo.cpp for Debug+Asserts build
llvm[2]: Compiling SourceCoverageView.cpp for Debug+Asserts build
llvm[2]: Compiling TestingSupport.cpp for Debug+Asserts build
llvm[2]: Compiling gcov.cpp for Debug+Asserts build
llvm[2]: Compiling llvm-cov.cpp for Debug+Asserts build
llvm[2]: Linking Debug+Asserts executable llvm-cov
llvm[2]: ======= Finished Linking Debug+Asserts Executable llvm-cov
make[2]: Leaving directory `/home/ubuntu/llvm-dsa/tools/llvm-cov'
make[2]: Entering directory `/home/ubuntu/llvm-dsa/tools/llvm-size'
llvm[2]: Compiling llvm-size.cpp for Debug+Asserts build
llvm[2]: Linking Debug+Asserts executable llvm-size
llvm[2]: ======= Finished Linking Debug+Asserts Executable llvm-size
make[2]: Leaving directory `/home/ubuntu/llvm-dsa/tools/llvm-size'
make[2]: Entering directory `/home/ubuntu/llvm-dsa/tools/llvm-stress'
llvm[2]: Compiling llvm-stress.cpp for Debug+Asserts build
llvm[2]: Linking Debug+Asserts executable llvm-stress
llvm[2]: ======= Finished Linking Debug+Asserts Executable llvm-stress
make[2]: Leaving directory `/home/ubuntu/llvm-dsa/tools/llvm-stress'
make[2]: Entering directory `/home/ubuntu/llvm-dsa/tools/llvm-mcmarkup'
llvm[2]: Compiling llvm-mcmarkup.cpp for Debug+Asserts build
llvm[2]: Linking Debug+Asserts executable llvm-mcmarkup
llvm[2]: ======= Finished Linking Debug+Asserts Executable llvm-mcmarkup
make[2]: Leaving directory `/home/ubuntu/llvm-dsa/tools/llvm-mcmarkup'
make[2]: Entering directory `/home/ubuntu/llvm-dsa/tools/llvm-profdata'
llvm[2]: Compiling llvm-profdata.cpp for Debug+Asserts build
llvm[2]: Linking Debug+Asserts executable llvm-profdata
llvm[2]: ======= Finished Linking Debug+Asserts Executable llvm-profdata
make[2]: Leaving directory `/home/ubuntu/llvm-dsa/tools/llvm-profdata'
make[2]: Entering directory `/home/ubuntu/llvm-dsa/tools/llvm-symbolizer'
llvm[2]: Compiling LLVMSymbolize.cpp for Debug+Asserts build
llvm[2]: Compiling llvm-symbolizer.cpp for Debug+Asserts build
llvm[2]: Linking Debug+Asserts executable llvm-symbolizer
llvm[2]: ======= Finished Linking Debug+Asserts Executable llvm-symbolizer
make[2]: Leaving directory `/home/ubuntu/llvm-dsa/tools/llvm-symbolizer'
make[2]: Entering directory `/home/ubuntu/llvm-dsa/tools/obj2yaml'
llvm[2]: Compiling Error.cpp for Debug+Asserts build
llvm[2]: Compiling coff2yaml.cpp for Debug+Asserts build
llvm[2]: Compiling elf2yaml.cpp for Debug+Asserts build
llvm[2]: Compiling obj2yaml.cpp for Debug+Asserts build
llvm[2]: Linking Debug+Asserts executable obj2yaml
llvm[2]: ======= Finished Linking Debug+Asserts Executable obj2yaml
make[2]: Leaving directory `/home/ubuntu/llvm-dsa/tools/obj2yaml'
make[2]: Entering directory `/home/ubuntu/llvm-dsa/tools/yaml2obj'
llvm[2]: Compiling yaml2coff.cpp for Debug+Asserts build
llvm[2]: Compiling yaml2elf.cpp for Debug+Asserts build
llvm[2]: Compiling yaml2obj.cpp for Debug+Asserts build
llvm[2]: Linking Debug+Asserts executable yaml2obj
llvm[2]: ======= Finished Linking Debug+Asserts Executable yaml2obj
make[2]: Leaving directory `/home/ubuntu/llvm-dsa/tools/yaml2obj'
make[2]: Entering directory `/home/ubuntu/llvm-dsa/tools/llvm-c-test'
llvm[2]: Compiling calc.c for Debug+Asserts build
llvm[2]: Compiling disassemble.c for Debug+Asserts build
llvm[2]: Compiling helpers.c for Debug+Asserts build
llvm[2]: Compiling include-all.c for Debug+Asserts build
llvm[2]: Compiling main.c for Debug+Asserts build
llvm[2]: Compiling metadata.c for Debug+Asserts build
llvm[2]: Compiling module.c for Debug+Asserts build
llvm[2]: Compiling object.c for Debug+Asserts build
llvm[2]: Compiling targets.c for Debug+Asserts build
llvm[2]: Linking Debug+Asserts executable llvm-c-test
llvm[2]: ======= Finished Linking Debug+Asserts Executable llvm-c-test
make[2]: Leaving directory `/home/ubuntu/llvm-dsa/tools/llvm-c-test'
make[2]: Entering directory `/home/ubuntu/llvm-dsa/tools/llvm-cxxdump'
llvm[2]: Compiling Error.cpp for Debug+Asserts build
llvm[2]: Compiling llvm-cxxdump.cpp for Debug+Asserts build
llvm[2]: Linking Debug+Asserts executable llvm-cxxdump
llvm[2]: ======= Finished Linking Debug+Asserts Executable llvm-cxxdump
make[2]: Leaving directory `/home/ubuntu/llvm-dsa/tools/llvm-cxxdump'
make[2]: Entering directory `/home/ubuntu/llvm-dsa/tools/verify-uselistorder'
llvm[2]: Compiling verify-uselistorder.cpp for Debug+Asserts build
llvm[2]: Linking Debug+Asserts executable verify-uselistorder
llvm[2]: ======= Finished Linking Debug+Asserts Executable verify-uselistorder
make[2]: Leaving directory `/home/ubuntu/llvm-dsa/tools/verify-uselistorder'
make[2]: Entering directory `/home/ubuntu/llvm-dsa/tools/dsymutil'
llvm[2]: Compiling BinaryHolder.cpp for Debug+Asserts build
llvm[2]: Compiling DebugMap.cpp for Debug+Asserts build
llvm[2]: Compiling DwarfLinker.cpp for Debug+Asserts build
llvm[2]: Compiling MachODebugMapParser.cpp for Debug+Asserts build
llvm[2]: Compiling dsymutil.cpp for Debug+Asserts build
llvm[2]: Linking Debug+Asserts executable llvm-dsymutil
llvm[2]: ======= Finished Linking Debug+Asserts Executable llvm-dsymutil
make[2]: Leaving directory `/home/ubuntu/llvm-dsa/tools/dsymutil'
make[2]: Entering directory `/home/ubuntu/llvm-dsa/tools/llvm-pdbdump'
llvm[2]: Compiling BuiltinDumper.cpp for Debug+Asserts build
llvm[2]: Compiling ClassDefinitionDumper.cpp for Debug+Asserts build
llvm[2]: Compiling CompilandDumper.cpp for Debug+Asserts build
llvm[2]: Compiling EnumDumper.cpp for Debug+Asserts build
llvm[2]: Compiling FunctionDumper.cpp for Debug+Asserts build
llvm[2]: Compiling LinePrinter.cpp for Debug+Asserts build
llvm[2]: Compiling TypeDumper.cpp for Debug+Asserts build
llvm[2]: Compiling TypedefDumper.cpp for Debug+Asserts build
llvm[2]: Compiling VariableDumper.cpp for Debug+Asserts build
llvm[2]: Compiling llvm-pdbdump.cpp for Debug+Asserts build
llvm[2]: Linking Debug+Asserts executable llvm-pdbdump
llvm[2]: ======= Finished Linking Debug+Asserts Executable llvm-pdbdump
make[2]: Leaving directory `/home/ubuntu/llvm-dsa/tools/llvm-pdbdump'
make[2]: Entering directory `/home/ubuntu/llvm-dsa/tools/bugpoint-passes'
llvm[2]: Compiling TestPasses.cpp for Debug+Asserts build (PIC)
llvm[2]: Linking Debug+Asserts Loadable Module BugpointPasses.so
make[2]: Leaving directory `/home/ubuntu/llvm-dsa/tools/bugpoint-passes'
make[2]: Entering directory `/home/ubuntu/llvm-dsa/tools/clang'
make[3]: Entering directory `/home/ubuntu/llvm-dsa/tools/clang/utils/TableGen'
llvm[3]: Compiling ClangASTNodesEmitter.cpp for Debug+Asserts build
llvm[3]: Compiling ClangAttrEmitter.cpp for Debug+Asserts build
llvm[3]: Compiling ClangCommentCommandInfoEmitter.cpp for Debug+Asserts build
llvm[3]: Compiling ClangCommentHTMLNamedCharacterReferenceEmitter.cpp for Debug+Asserts build
llvm[3]: Compiling ClangCommentHTMLTagsEmitter.cpp for Debug+Asserts build
llvm[3]: Compiling ClangDiagnosticsEmitter.cpp for Debug+Asserts build
llvm[3]: Compiling ClangSACheckersEmitter.cpp for Debug+Asserts build
llvm[3]: Compiling NeonEmitter.cpp for Debug+Asserts build
llvm[3]: Compiling TableGen.cpp for Debug+Asserts build
llvm[3]: Linking Debug+Asserts executable clang-tblgen
llvm[3]: ======= Finished Linking Debug+Asserts Executable clang-tblgen
make[3]: Leaving directory `/home/ubuntu/llvm-dsa/tools/clang/utils/TableGen'
make[3]: Entering directory `/home/ubuntu/llvm-dsa/tools/clang/include'
make[4]: Entering directory `/home/ubuntu/llvm-dsa/tools/clang/include/clang'
make[5]: Entering directory `/home/ubuntu/llvm-dsa/tools/clang/include/clang/AST'
llvm[5]: Building Clang attribute classes with tblgen
llvm[5]: Building Clang attribute implementations with tblgen
llvm[5]: Building Clang attribute dumper with tblgen
llvm[5]: Building Clang attribute AST visitor with tblgen
llvm[5]: Building Clang statement node tables with tblgen
llvm[5]: Building Clang declaration node tables with tblgen
llvm[5]: Building Clang comment node tables with tblgen
llvm[5]: Building Clang comment HTML tag matchers with tblgen
llvm[5]: Building Clang comment HTML tag properties with tblgen
llvm[5]: Building Clang named character reference translation function with tblgen
llvm[5]: Building Clang comment command info with tblgen
llvm[5]: Building Clang list of comment commands with tblgen
make[5]: Leaving directory `/home/ubuntu/llvm-dsa/tools/clang/include/clang/AST'
make[5]: Entering directory `/home/ubuntu/llvm-dsa/tools/clang/include/clang/Basic'
llvm[5]: Building Clang Analysis diagnostic tables with tblgen
llvm[5]: Building Clang AST diagnostic tables with tblgen
llvm[5]: Building Clang Comment diagnostic tables with tblgen
llvm[5]: Building Clang Common diagnostic tables with tblgen
llvm[5]: Building Clang Driver diagnostic tables with tblgen
llvm[5]: Building Clang Frontend diagnostic tables with tblgen
llvm[5]: Building Clang Lex diagnostic tables with tblgen
llvm[5]: Building Clang Parse diagnostic tables with tblgen
llvm[5]: Building Clang Sema diagnostic tables with tblgen
llvm[5]: Building Clang Serialization diagnostic tables with tblgen
llvm[5]: Building Clang __has_attribute implementation with tblgen
llvm[5]: Building Clang diagnostic name index with tblgen
llvm[5]: Building Clang diagnostic groups with tblgen
llvm[5]: Building Clang attribute list with tblgen
llvm[5]: Building Clang arm_neon.inc with tblgen
llvm[5]: Updating Clang version info.
make[5]: Leaving directory `/home/ubuntu/llvm-dsa/tools/clang/include/clang/Basic'
make[5]: Entering directory `/home/ubuntu/llvm-dsa/tools/clang/include/clang/Driver'
llvm[5]: Building Clang Driver Option tables with tblgen
make[5]: Leaving directory `/home/ubuntu/llvm-dsa/tools/clang/include/clang/Driver'
make[5]: Entering directory `/home/ubuntu/llvm-dsa/tools/clang/include/clang/Parse'
llvm[5]: Building Clang parser-related attribute string switches
make[5]: Leaving directory `/home/ubuntu/llvm-dsa/tools/clang/include/clang/Parse'
make[5]: Entering directory `/home/ubuntu/llvm-dsa/tools/clang/include/clang/Sema'
llvm[5]: Building Clang attribute template instantiate code with tablegen
llvm[5]: Building Clang parsed attribute list with tablegen
llvm[5]: Building Clang parsed attribute kinds with tablegen
llvm[5]: Building Clang attribute spelling list index with tablegen
llvm[5]: Building Clang parsed attribute list impl with tablegen
make[5]: Leaving directory `/home/ubuntu/llvm-dsa/tools/clang/include/clang/Sema'
make[5]: Entering directory `/home/ubuntu/llvm-dsa/tools/clang/include/clang/Serialization'
llvm[5]: Building Clang PCH reader with tblgen
llvm[5]: Building Clang PCH writer with tblgen
make[5]: Leaving directory `/home/ubuntu/llvm-dsa/tools/clang/include/clang/Serialization'
make[4]: Leaving directory `/home/ubuntu/llvm-dsa/tools/clang/include/clang'
make[4]: Entering directory `/home/ubuntu/llvm-dsa/tools/clang/include/clang-c'
make[4]: Nothing to be done for `all'.
make[4]: Leaving directory `/home/ubuntu/llvm-dsa/tools/clang/include/clang-c'
make[3]: Leaving directory `/home/ubuntu/llvm-dsa/tools/clang/include'
make[3]: Entering directory `/home/ubuntu/llvm-dsa/tools/clang/lib'
make[4]: Entering directory `/home/ubuntu/llvm-dsa/tools/clang/lib/Headers'
llvm[4]: Building Clang arm_neon.h.inc with tblgen
llvm[4]: Copying arm_neon.h.inc to build dir
llvm[4]: Copying adxintrin.h to build dir
llvm[4]: Copying altivec.h to build dir
llvm[4]: Copying ammintrin.h to build dir
llvm[4]: Copying arm_acle.h to build dir
llvm[4]: Copying avx2intrin.h to build dir
llvm[4]: Copying avx512bwintrin.h to build dir
llvm[4]: Copying avx512erintrin.h to build dir
llvm[4]: Copying avx512fintrin.h to build dir
llvm[4]: Copying avx512vlbwintrin.h to build dir
llvm[4]: Copying avx512vlintrin.h to build dir
llvm[4]: Copying avxintrin.h to build dir
llvm[4]: Copying bmi2intrin.h to build dir
llvm[4]: Copying bmiintrin.h to build dir
llvm[4]: Copying cpuid.h to build dir
llvm[4]: Copying emmintrin.h to build dir
llvm[4]: Copying f16cintrin.h to build dir
llvm[4]: Copying float.h to build dir
llvm[4]: Copying fma4intrin.h to build dir
llvm[4]: Copying fmaintrin.h to build dir
llvm[4]: Copying htmintrin.h to build dir
llvm[4]: Copying htmxlintrin.h to build dir
llvm[4]: Copying ia32intrin.h to build dir
llvm[4]: Copying immintrin.h to build dir
llvm[4]: Copying Intrin.h to build dir
llvm[4]: Copying iso646.h to build dir
llvm[4]: Copying limits.h to build dir
llvm[4]: Copying lzcntintrin.h to build dir
llvm[4]: Copying mm3dnow.h to build dir
llvm[4]: Copying mmintrin.h to build dir
llvm[4]: Copying mm_malloc.h to build dir
llvm[4]: Copying nmmintrin.h to build dir
llvm[4]: Copying pmmintrin.h to build dir
llvm[4]: Copying popcntintrin.h to build dir
llvm[4]: Copying prfchwintrin.h to build dir
llvm[4]: Copying rdseedintrin.h to build dir
llvm[4]: Copying rtmintrin.h to build dir
llvm[4]: Copying s390intrin.h to build dir
llvm[4]: Copying shaintrin.h to build dir
llvm[4]: Copying smmintrin.h to build dir
llvm[4]: Copying stdalign.h to build dir
llvm[4]: Copying stdarg.h to build dir
llvm[4]: Copying stdatomic.h to build dir
llvm[4]: Copying stdbool.h to build dir
llvm[4]: Copying stddef.h to build dir
llvm[4]: Copying __stddef_max_align_t.h to build dir
llvm[4]: Copying stdint.h to build dir
llvm[4]: Copying stdnoreturn.h to build dir
llvm[4]: Copying tbmintrin.h to build dir
llvm[4]: Copying tgmath.h to build dir
llvm[4]: Copying tmmintrin.h to build dir
llvm[4]: Copying unwind.h to build dir
llvm[4]: Copying vadefs.h to build dir
llvm[4]: Copying varargs.h to build dir
llvm[4]: Copying __wmmintrin_aes.h to build dir
llvm[4]: Copying wmmintrin.h to build dir
llvm[4]: Copying __wmmintrin_pclmul.h to build dir
llvm[4]: Copying x86intrin.h to build dir
llvm[4]: Copying xmmintrin.h to build dir
llvm[4]: Copying xopintrin.h to build dir
llvm[4]: Copying module.modulemap to build dir
make[4]: Leaving directory `/home/ubuntu/llvm-dsa/tools/clang/lib/Headers'
make[4]: Entering directory `/home/ubuntu/llvm-dsa/tools/clang/lib/Basic'
llvm[4]: Compiling Attributes.cpp for Debug+Asserts build
llvm[4]: Compiling Builtins.cpp for Debug+Asserts build
llvm[4]: Compiling CharInfo.cpp for Debug+Asserts build
llvm[4]: Compiling Diagnostic.cpp for Debug+Asserts build
llvm[4]: Compiling DiagnosticIDs.cpp for Debug+Asserts build
llvm[4]: Compiling FileManager.cpp for Debug+Asserts build
llvm[4]: Compiling FileSystemStatCache.cpp for Debug+Asserts build
llvm[4]: Compiling IdentifierTable.cpp for Debug+Asserts build
llvm[4]: Compiling LangOptions.cpp for Debug+Asserts build
llvm[4]: Compiling Module.cpp for Debug+Asserts build
llvm[4]: Compiling ObjCRuntime.cpp for Debug+Asserts build
llvm[4]: Compiling OpenMPKinds.cpp for Debug+Asserts build
llvm[4]: Compiling OperatorPrecedence.cpp for Debug+Asserts build
llvm[4]: Compiling SanitizerBlacklist.cpp for Debug+Asserts build
llvm[4]: Compiling Sanitizers.cpp for Debug+Asserts build
llvm[4]: Compiling SourceLocation.cpp for Debug+Asserts build
llvm[4]: Compiling SourceManager.cpp for Debug+Asserts build
llvm[4]: Compiling TargetInfo.cpp for Debug+Asserts build
llvm[4]: Compiling Targets.cpp for Debug+Asserts build
llvm[4]: Compiling TokenKinds.cpp for Debug+Asserts build
llvm[4]: Compiling Version.cpp for Debug+Asserts build
llvm[4]: Compiling VersionTuple.cpp for Debug+Asserts build
llvm[4]: Compiling VirtualFileSystem.cpp for Debug+Asserts build
llvm[4]: Compiling Warnings.cpp for Debug+Asserts build
llvm[4]: Building Debug+Asserts Archive Library libclangBasic.a
make[4]: Leaving directory `/home/ubuntu/llvm-dsa/tools/clang/lib/Basic'
make[4]: Entering directory `/home/ubuntu/llvm-dsa/tools/clang/lib/Lex'
llvm[4]: Compiling HeaderMap.cpp for Debug+Asserts build
llvm[4]: Compiling HeaderSearch.cpp for Debug+Asserts build
llvm[4]: Compiling Lexer.cpp for Debug+Asserts build
llvm[4]: Compiling LiteralSupport.cpp for Debug+Asserts build
llvm[4]: Compiling MacroArgs.cpp for Debug+Asserts build
llvm[4]: Compiling MacroInfo.cpp for Debug+Asserts build
llvm[4]: Compiling ModuleMap.cpp for Debug+Asserts build
llvm[4]: Compiling PPCaching.cpp for Debug+Asserts build
llvm[4]: Compiling PPCallbacks.cpp for Debug+Asserts build
llvm[4]: Compiling PPConditionalDirectiveRecord.cpp for Debug+Asserts build
llvm[4]: Compiling PPDirectives.cpp for Debug+Asserts build
llvm[4]: Compiling PPExpressions.cpp for Debug+Asserts build
llvm[4]: Compiling PPLexerChange.cpp for Debug+Asserts build
llvm[4]: Compiling PPMacroExpansion.cpp for Debug+Asserts build
llvm[4]: Compiling PTHLexer.cpp for Debug+Asserts build
llvm[4]: Compiling Pragma.cpp for Debug+Asserts build
llvm[4]: Compiling PreprocessingRecord.cpp for Debug+Asserts build
llvm[4]: Compiling Preprocessor.cpp for Debug+Asserts build
llvm[4]: Compiling PreprocessorLexer.cpp for Debug+Asserts build
llvm[4]: Compiling ScratchBuffer.cpp for Debug+Asserts build
llvm[4]: Compiling TokenConcatenation.cpp for Debug+Asserts build
llvm[4]: Compiling TokenLexer.cpp for Debug+Asserts build
llvm[4]: Building Debug+Asserts Archive Library libclangLex.a
make[4]: Leaving directory `/home/ubuntu/llvm-dsa/tools/clang/lib/Lex'
make[4]: Entering directory `/home/ubuntu/llvm-dsa/tools/clang/lib/Parse'
llvm[4]: Compiling ParseAST.cpp for Debug+Asserts build
llvm[4]: Compiling ParseCXXInlineMethods.cpp for Debug+Asserts build
llvm[4]: Compiling ParseDecl.cpp for Debug+Asserts build
llvm[4]: Compiling ParseDeclCXX.cpp for Debug+Asserts build
llvm[4]: Compiling ParseExpr.cpp for Debug+Asserts build
llvm[4]: Compiling ParseExprCXX.cpp for Debug+Asserts build
llvm[4]: Compiling ParseInit.cpp for Debug+Asserts build
llvm[4]: Compiling ParseObjc.cpp for Debug+Asserts build
llvm[4]: Compiling ParseOpenMP.cpp for Debug+Asserts build
llvm[4]: Compiling ParsePragma.cpp for Debug+Asserts build
llvm[4]: Compiling ParseStmt.cpp for Debug+Asserts build
llvm[4]: Compiling ParseStmtAsm.cpp for Debug+Asserts build
llvm[4]: Compiling ParseTemplate.cpp for Debug+Asserts build
llvm[4]: Compiling ParseTentative.cpp for Debug+Asserts build
llvm[4]: Compiling Parser.cpp for Debug+Asserts build
llvm[4]: Building Debug+Asserts Archive Library libclangParse.a
make[4]: Leaving directory `/home/ubuntu/llvm-dsa/tools/clang/lib/Parse'
make[4]: Entering directory `/home/ubuntu/llvm-dsa/tools/clang/lib/AST'
llvm[4]: Compiling APValue.cpp for Debug+Asserts build
llvm[4]: Compiling ASTConsumer.cpp for Debug+Asserts build
llvm[4]: Compiling ASTContext.cpp for Debug+Asserts build
llvm[4]: Compiling ASTDiagnostic.cpp for Debug+Asserts build
llvm[4]: Compiling ASTDumper.cpp for Debug+Asserts build
llvm[4]: Compiling ASTImporter.cpp for Debug+Asserts build
llvm[4]: Compiling ASTTypeTraits.cpp for Debug+Asserts build
llvm[4]: Compiling AttrImpl.cpp for Debug+Asserts build
llvm[4]: Compiling CXXInheritance.cpp for Debug+Asserts build
llvm[4]: Compiling Comment.cpp for Debug+Asserts build
llvm[4]: Compiling CommentBriefParser.cpp for Debug+Asserts build
llvm[4]: Compiling CommentCommandTraits.cpp for Debug+Asserts build
llvm[4]: Compiling CommentLexer.cpp for Debug+Asserts build
llvm[4]: Compiling CommentParser.cpp for Debug+Asserts build
llvm[4]: Compiling CommentSema.cpp for Debug+Asserts build
llvm[4]: Compiling Decl.cpp for Debug+Asserts build
llvm[4]: Compiling DeclBase.cpp for Debug+Asserts build
llvm[4]: Compiling DeclCXX.cpp for Debug+Asserts build
llvm[4]: Compiling DeclFriend.cpp for Debug+Asserts build
llvm[4]: Compiling DeclGroup.cpp for Debug+Asserts build
llvm[4]: Compiling DeclObjC.cpp for Debug+Asserts build
llvm[4]: Compiling DeclOpenMP.cpp for Debug+Asserts build
llvm[4]: Compiling DeclPrinter.cpp for Debug+Asserts build
llvm[4]: Compiling DeclTemplate.cpp for Debug+Asserts build
llvm[4]: Compiling DeclarationName.cpp for Debug+Asserts build
llvm[4]: Compiling Expr.cpp for Debug+Asserts build
llvm[4]: Compiling ExprCXX.cpp for Debug+Asserts build
llvm[4]: Compiling ExprClassification.cpp for Debug+Asserts build
llvm[4]: Compiling ExprConstant.cpp for Debug+Asserts build
llvm[4]: Compiling ExternalASTSource.cpp for Debug+Asserts build
llvm[4]: Compiling InheritViz.cpp for Debug+Asserts build
llvm[4]: Compiling ItaniumCXXABI.cpp for Debug+Asserts build
llvm[4]: Compiling ItaniumMangle.cpp for Debug+Asserts build
llvm[4]: Compiling Mangle.cpp for Debug+Asserts build
llvm[4]: Compiling MicrosoftCXXABI.cpp for Debug+Asserts build
llvm[4]: Compiling MicrosoftMangle.cpp for Debug+Asserts build
llvm[4]: Compiling NSAPI.cpp for Debug+Asserts build
llvm[4]: Compiling NestedNameSpecifier.cpp for Debug+Asserts build
llvm[4]: Compiling ParentMap.cpp for Debug+Asserts build
llvm[4]: Compiling RawCommentList.cpp for Debug+Asserts build
llvm[4]: Compiling RecordLayout.cpp for Debug+Asserts build
llvm[4]: Compiling RecordLayoutBuilder.cpp for Debug+Asserts build
llvm[4]: Compiling SelectorLocationsKind.cpp for Debug+Asserts build
llvm[4]: Compiling Stmt.cpp for Debug+Asserts build
llvm[4]: Compiling StmtIterator.cpp for Debug+Asserts build
llvm[4]: Compiling StmtPrinter.cpp for Debug+Asserts build
llvm[4]: Compiling StmtProfile.cpp for Debug+Asserts build
llvm[4]: Compiling StmtViz.cpp for Debug+Asserts build
llvm[4]: Compiling TemplateBase.cpp for Debug+Asserts build
llvm[4]: Compiling TemplateName.cpp for Debug+Asserts build
llvm[4]: Compiling Type.cpp for Debug+Asserts build
llvm[4]: Compiling TypeLoc.cpp for Debug+Asserts build
llvm[4]: Compiling TypePrinter.cpp for Debug+Asserts build
llvm[4]: Compiling VTTBuilder.cpp for Debug+Asserts build
llvm[4]: Compiling VTableBuilder.cpp for Debug+Asserts build
llvm[4]: Building Debug+Asserts Archive Library libclangAST.a
make[4]: Leaving directory `/home/ubuntu/llvm-dsa/tools/clang/lib/AST'
make[4]: Entering directory `/home/ubuntu/llvm-dsa/tools/clang/lib/Sema'
llvm[4]: Compiling AnalysisBasedWarnings.cpp for Debug+Asserts build
llvm[4]: Compiling AttributeList.cpp for Debug+Asserts build
llvm[4]: Compiling CodeCompleteConsumer.cpp for Debug+Asserts build
llvm[4]: Compiling DeclSpec.cpp for Debug+Asserts build
llvm[4]: Compiling DelayedDiagnostic.cpp for Debug+Asserts build
llvm[4]: Compiling IdentifierResolver.cpp for Debug+Asserts build
llvm[4]: Compiling JumpDiagnostics.cpp for Debug+Asserts build
llvm[4]: Compiling MultiplexExternalSemaSource.cpp for Debug+Asserts build
llvm[4]: Compiling Scope.cpp for Debug+Asserts build
llvm[4]: Compiling ScopeInfo.cpp for Debug+Asserts build
llvm[4]: Compiling Sema.cpp for Debug+Asserts build
llvm[4]: Compiling SemaAccess.cpp for Debug+Asserts build
llvm[4]: Compiling SemaAttr.cpp for Debug+Asserts build
llvm[4]: Compiling SemaCUDA.cpp for Debug+Asserts build
llvm[4]: Compiling SemaCXXScopeSpec.cpp for Debug+Asserts build
llvm[4]: Compiling SemaCast.cpp for Debug+Asserts build
llvm[4]: Compiling SemaChecking.cpp for Debug+Asserts build
llvm[4]: Compiling SemaCodeComplete.cpp for Debug+Asserts build
llvm[4]: Compiling SemaConsumer.cpp for Debug+Asserts build
llvm[4]: Compiling SemaDecl.cpp for Debug+Asserts build
llvm[4]: Compiling SemaDeclAttr.cpp for Debug+Asserts build
llvm[4]: Compiling SemaDeclCXX.cpp for Debug+Asserts build
llvm[4]: Compiling SemaDeclObjC.cpp for Debug+Asserts build
llvm[4]: Compiling SemaExceptionSpec.cpp for Debug+Asserts build
llvm[4]: Compiling SemaExpr.cpp for Debug+Asserts build
llvm[4]: Compiling SemaExprCXX.cpp for Debug+Asserts build
llvm[4]: Compiling SemaExprMember.cpp for Debug+Asserts build
llvm[4]: Compiling SemaExprObjC.cpp for Debug+Asserts build
llvm[4]: Compiling SemaFixItUtils.cpp for Debug+Asserts build
llvm[4]: Compiling SemaInit.cpp for Debug+Asserts build
llvm[4]: Compiling SemaLambda.cpp for Debug+Asserts build
llvm[4]: Compiling SemaLookup.cpp for Debug+Asserts build
llvm[4]: Compiling SemaObjCProperty.cpp for Debug+Asserts build
llvm[4]: Compiling SemaOpenMP.cpp for Debug+Asserts build
llvm[4]: Compiling SemaOverload.cpp for Debug+Asserts build
llvm[4]: Compiling SemaPseudoObject.cpp for Debug+Asserts build
llvm[4]: Compiling SemaStmt.cpp for Debug+Asserts build
llvm[4]: Compiling SemaStmtAsm.cpp for Debug+Asserts build
llvm[4]: Compiling SemaStmtAttr.cpp for Debug+Asserts build
llvm[4]: Compiling SemaTemplate.cpp for Debug+Asserts build
llvm[4]: Compiling SemaTemplateDeduction.cpp for Debug+Asserts build
llvm[4]: Compiling SemaTemplateInstantiate.cpp for Debug+Asserts build
llvm[4]: Compiling SemaTemplateInstantiateDecl.cpp for Debug+Asserts build
llvm[4]: Compiling SemaTemplateVariadic.cpp for Debug+Asserts build
llvm[4]: Compiling SemaType.cpp for Debug+Asserts build
llvm[4]: Compiling TypeLocBuilder.cpp for Debug+Asserts build
llvm[4]: Building Debug+Asserts Archive Library libclangSema.a
make[4]: Leaving directory `/home/ubuntu/llvm-dsa/tools/clang/lib/Sema'
make[4]: Entering directory `/home/ubuntu/llvm-dsa/tools/clang/lib/CodeGen'
llvm[4]: Compiling BackendUtil.cpp for Debug+Asserts build
llvm[4]: Compiling CGAtomic.cpp for Debug+Asserts build
llvm[4]: Compiling CGBlocks.cpp for Debug+Asserts build
llvm[4]: Compiling CGBuiltin.cpp for Debug+Asserts build
llvm[4]: Compiling CGCUDANV.cpp for Debug+Asserts build
llvm[4]: Compiling CGCUDARuntime.cpp for Debug+Asserts build
llvm[4]: Compiling CGCXX.cpp for Debug+Asserts build
llvm[4]: Compiling CGCXXABI.cpp for Debug+Asserts build
llvm[4]: Compiling CGCall.cpp for Debug+Asserts build
llvm[4]: Compiling CGClass.cpp for Debug+Asserts build
llvm[4]: Compiling CGCleanup.cpp for Debug+Asserts build
llvm[4]: Compiling CGDebugInfo.cpp for Debug+Asserts build
llvm[4]: Compiling CGDecl.cpp for Debug+Asserts build
llvm[4]: Compiling CGDeclCXX.cpp for Debug+Asserts build
llvm[4]: Compiling CGException.cpp for Debug+Asserts build
llvm[4]: Compiling CGExpr.cpp for Debug+Asserts build
llvm[4]: Compiling CGExprAgg.cpp for Debug+Asserts build
llvm[4]: Compiling CGExprCXX.cpp for Debug+Asserts build
llvm[4]: Compiling CGExprComplex.cpp for Debug+Asserts build
llvm[4]: Compiling CGExprConstant.cpp for Debug+Asserts build
llvm[4]: Compiling CGExprScalar.cpp for Debug+Asserts build
llvm[4]: Compiling CGLoopInfo.cpp for Debug+Asserts build
llvm[4]: Compiling CGObjC.cpp for Debug+Asserts build
llvm[4]: Compiling CGObjCGNU.cpp for Debug+Asserts build
llvm[4]: Compiling CGObjCMac.cpp for Debug+Asserts build
llvm[4]: Compiling CGObjCRuntime.cpp for Debug+Asserts build
llvm[4]: Compiling CGOpenCLRuntime.cpp for Debug+Asserts build
llvm[4]: Compiling CGOpenMPRuntime.cpp for Debug+Asserts build
llvm[4]: Compiling CGRecordLayoutBuilder.cpp for Debug+Asserts build
llvm[4]: Compiling CGStmt.cpp for Debug+Asserts build
llvm[4]: Compiling CGStmtOpenMP.cpp for Debug+Asserts build
llvm[4]: Compiling CGVTT.cpp for Debug+Asserts build
llvm[4]: Compiling CGVTables.cpp for Debug+Asserts build
llvm[4]: Compiling CodeGenABITypes.cpp for Debug+Asserts build
llvm[4]: Compiling CodeGenAction.cpp for Debug+Asserts build
llvm[4]: Compiling CodeGenFunction.cpp for Debug+Asserts build
llvm[4]: Compiling CodeGenModule.cpp for Debug+Asserts build
llvm[4]: Compiling CodeGenPGO.cpp for Debug+Asserts build
llvm[4]: Compiling CodeGenTBAA.cpp for Debug+Asserts build
llvm[4]: Compiling CodeGenTypes.cpp for Debug+Asserts build
llvm[4]: Compiling CoverageMappingGen.cpp for Debug+Asserts build
llvm[4]: Compiling ItaniumCXXABI.cpp for Debug+Asserts build
llvm[4]: Compiling MicrosoftCXXABI.cpp for Debug+Asserts build
llvm[4]: Compiling ModuleBuilder.cpp for Debug+Asserts build
llvm[4]: Compiling SanitizerMetadata.cpp for Debug+Asserts build
llvm[4]: Compiling TargetInfo.cpp for Debug+Asserts build
llvm[4]: Building Debug+Asserts Archive Library libclangCodeGen.a
make[4]: Leaving directory `/home/ubuntu/llvm-dsa/tools/clang/lib/CodeGen'
make[4]: Entering directory `/home/ubuntu/llvm-dsa/tools/clang/lib/Analysis'
llvm[4]: Compiling AnalysisDeclContext.cpp for Debug+Asserts build
llvm[4]: Compiling BodyFarm.cpp for Debug+Asserts build
llvm[4]: Compiling CFG.cpp for Debug+Asserts build
llvm[4]: Compiling CFGReachabilityAnalysis.cpp for Debug+Asserts build
llvm[4]: Compiling CFGStmtMap.cpp for Debug+Asserts build
llvm[4]: Compiling CallGraph.cpp for Debug+Asserts build
llvm[4]: Compiling CocoaConventions.cpp for Debug+Asserts build
llvm[4]: Compiling CodeInjector.cpp for Debug+Asserts build
llvm[4]: Compiling Consumed.cpp for Debug+Asserts build
llvm[4]: Compiling Dominators.cpp for Debug+Asserts build
llvm[4]: Compiling FormatString.cpp for Debug+Asserts build
llvm[4]: Compiling LiveVariables.cpp for Debug+Asserts build
llvm[4]: Compiling ObjCNoReturn.cpp for Debug+Asserts build
llvm[4]: Compiling PostOrderCFGView.cpp for Debug+Asserts build
llvm[4]: Compiling PrintfFormatString.cpp for Debug+Asserts build
llvm[4]: Compiling ProgramPoint.cpp for Debug+Asserts build
llvm[4]: Compiling PseudoConstantAnalysis.cpp for Debug+Asserts build
llvm[4]: Compiling ReachableCode.cpp for Debug+Asserts build
llvm[4]: Compiling ScanfFormatString.cpp for Debug+Asserts build
llvm[4]: Compiling ThreadSafety.cpp for Debug+Asserts build
llvm[4]: Compiling ThreadSafetyCommon.cpp for Debug+Asserts build
llvm[4]: Compiling ThreadSafetyLogical.cpp for Debug+Asserts build
llvm[4]: Compiling ThreadSafetyTIL.cpp for Debug+Asserts build
llvm[4]: Compiling UninitializedValues.cpp for Debug+Asserts build
llvm[4]: Building Debug+Asserts Archive Library libclangAnalysis.a
make[4]: Leaving directory `/home/ubuntu/llvm-dsa/tools/clang/lib/Analysis'
make[4]: Entering directory `/home/ubuntu/llvm-dsa/tools/clang/lib/Frontend'
llvm[4]: Compiling ASTConsumers.cpp for Debug+Asserts build
llvm[4]: Compiling ASTMerge.cpp for Debug+Asserts build
llvm[4]: Compiling ASTUnit.cpp for Debug+Asserts build
llvm[4]: Compiling CacheTokens.cpp for Debug+Asserts build
llvm[4]: Compiling ChainedDiagnosticConsumer.cpp for Debug+Asserts build
llvm[4]: Compiling ChainedIncludesSource.cpp for Debug+Asserts build
llvm[4]: Compiling CodeGenOptions.cpp for Debug+Asserts build
llvm[4]: Compiling CompilerInstance.cpp for Debug+Asserts build
llvm[4]: Compiling CompilerInvocation.cpp for Debug+Asserts build
llvm[4]: Compiling CreateInvocationFromCommandLine.cpp for Debug+Asserts build
llvm[4]: Compiling DependencyFile.cpp for Debug+Asserts build
llvm[4]: Compiling DependencyGraph.cpp for Debug+Asserts build
llvm[4]: Compiling DiagnosticRenderer.cpp for Debug+Asserts build
llvm[4]: Compiling FrontendAction.cpp for Debug+Asserts build
llvm[4]: Compiling FrontendActions.cpp for Debug+Asserts build
llvm[4]: Compiling FrontendOptions.cpp for Debug+Asserts build
llvm[4]: Compiling HeaderIncludeGen.cpp for Debug+Asserts build
llvm[4]: Compiling InitHeaderSearch.cpp for Debug+Asserts build
llvm[4]: Compiling InitPreprocessor.cpp for Debug+Asserts build
llvm[4]: Compiling LangStandards.cpp for Debug+Asserts build
llvm[4]: Compiling LayoutOverrideSource.cpp for Debug+Asserts build
llvm[4]: Compiling LogDiagnosticPrinter.cpp for Debug+Asserts build
llvm[4]: Compiling ModuleDependencyCollector.cpp for Debug+Asserts build
llvm[4]: Compiling MultiplexConsumer.cpp for Debug+Asserts build
llvm[4]: Compiling PrintPreprocessedOutput.cpp for Debug+Asserts build
llvm[4]: Compiling SerializedDiagnosticPrinter.cpp for Debug+Asserts build
llvm[4]: Compiling SerializedDiagnosticReader.cpp for Debug+Asserts build
llvm[4]: Compiling TextDiagnostic.cpp for Debug+Asserts build
llvm[4]: Compiling TextDiagnosticBuffer.cpp for Debug+Asserts build
llvm[4]: Compiling TextDiagnosticPrinter.cpp for Debug+Asserts build
llvm[4]: Compiling VerifyDiagnosticConsumer.cpp for Debug+Asserts build
llvm[4]: Building Debug+Asserts Archive Library libclangFrontend.a
make[5]: Entering directory `/home/ubuntu/llvm-dsa/tools/clang/lib/Frontend/Rewrite'
llvm[5]: Compiling FixItRewriter.cpp for Debug+Asserts build
llvm[5]: Compiling FrontendActions.cpp for Debug+Asserts build
llvm[5]: Compiling HTMLPrint.cpp for Debug+Asserts build
llvm[5]: Compiling InclusionRewriter.cpp for Debug+Asserts build
llvm[5]: Compiling RewriteMacros.cpp for Debug+Asserts build
llvm[5]: Compiling RewriteModernObjC.cpp for Debug+Asserts build
llvm[5]: Compiling RewriteObjC.cpp for Debug+Asserts build
llvm[5]: Compiling RewriteTest.cpp for Debug+Asserts build
llvm[5]: Building Debug+Asserts Archive Library libclangRewriteFrontend.a
make[5]: Leaving directory `/home/ubuntu/llvm-dsa/tools/clang/lib/Frontend/Rewrite'
make[4]: Leaving directory `/home/ubuntu/llvm-dsa/tools/clang/lib/Frontend'
make[4]: Entering directory `/home/ubuntu/llvm-dsa/tools/clang/lib/FrontendTool'
llvm[4]: Compiling ExecuteCompilerInvocation.cpp for Debug+Asserts build
llvm[4]: Building Debug+Asserts Archive Library libclangFrontendTool.a
make[4]: Leaving directory `/home/ubuntu/llvm-dsa/tools/clang/lib/FrontendTool'
make[4]: Entering directory `/home/ubuntu/llvm-dsa/tools/clang/lib/Tooling'
llvm[4]: Compiling ArgumentsAdjusters.cpp for Debug+Asserts build
llvm[4]: Compiling CommonOptionsParser.cpp for Debug+Asserts build
llvm[4]: Compiling CompilationDatabase.cpp for Debug+Asserts build
llvm[4]: Compiling FileMatchTrie.cpp for Debug+Asserts build
llvm[4]: Compiling JSONCompilationDatabase.cpp for Debug+Asserts build
llvm[4]: Compiling Refactoring.cpp for Debug+Asserts build
llvm[4]: Compiling RefactoringCallbacks.cpp for Debug+Asserts build
llvm[4]: Compiling Tooling.cpp for Debug+Asserts build
llvm[4]: Building Debug+Asserts Archive Library libclangTooling.a
make[5]: Entering directory `/home/ubuntu/llvm-dsa/tools/clang/lib/Tooling/Core'
llvm[5]: Compiling Replacement.cpp for Debug+Asserts build
llvm[5]: Building Debug+Asserts Archive Library libclangToolingCore.a
make[5]: Leaving directory `/home/ubuntu/llvm-dsa/tools/clang/lib/Tooling/Core'
make[4]: Leaving directory `/home/ubuntu/llvm-dsa/tools/clang/lib/Tooling'
make[4]: Entering directory `/home/ubuntu/llvm-dsa/tools/clang/lib/Driver'
llvm[4]: Compiling Action.cpp for Debug+Asserts build
llvm[4]: Compiling Compilation.cpp for Debug+Asserts build
llvm[4]: Compiling CrossWindowsToolChain.cpp for Debug+Asserts build
llvm[4]: Compiling Driver.cpp for Debug+Asserts build
llvm[4]: Compiling DriverOptions.cpp for Debug+Asserts build
llvm[4]: Compiling Job.cpp for Debug+Asserts build
llvm[4]: Compiling MSVCToolChain.cpp for Debug+Asserts build
llvm[4]: Compiling Multilib.cpp for Debug+Asserts build
llvm[4]: Compiling Phases.cpp for Debug+Asserts build
llvm[4]: Compiling SanitizerArgs.cpp for Debug+Asserts build
llvm[4]: Compiling Tool.cpp for Debug+Asserts build
llvm[4]: Compiling ToolChain.cpp for Debug+Asserts build
llvm[4]: Compiling ToolChains.cpp for Debug+Asserts build
llvm[4]: Compiling Tools.cpp for Debug+Asserts build
llvm[4]: Compiling Types.cpp for Debug+Asserts build
llvm[4]: Building Debug+Asserts Archive Library libclangDriver.a
make[4]: Leaving directory `/home/ubuntu/llvm-dsa/tools/clang/lib/Driver'
make[4]: Entering directory `/home/ubuntu/llvm-dsa/tools/clang/lib/Format'
llvm[4]: Compiling BreakableToken.cpp for Debug+Asserts build
llvm[4]: Compiling ContinuationIndenter.cpp for Debug+Asserts build
llvm[4]: Compiling Format.cpp for Debug+Asserts build
llvm[4]: Compiling FormatToken.cpp for Debug+Asserts build
llvm[4]: Compiling TokenAnnotator.cpp for Debug+Asserts build
llvm[4]: Compiling UnwrappedLineFormatter.cpp for Debug+Asserts build
llvm[4]: Compiling UnwrappedLineParser.cpp for Debug+Asserts build
llvm[4]: Compiling WhitespaceManager.cpp for Debug+Asserts build
llvm[4]: Building Debug+Asserts Archive Library libclangFormat.a
make[4]: Leaving directory `/home/ubuntu/llvm-dsa/tools/clang/lib/Format'
make[4]: Entering directory `/home/ubuntu/llvm-dsa/tools/clang/lib/Edit'
llvm[4]: Compiling Commit.cpp for Debug+Asserts build
llvm[4]: Compiling EditedSource.cpp for Debug+Asserts build
llvm[4]: Compiling RewriteObjCFoundationAPI.cpp for Debug+Asserts build
llvm[4]: Building Debug+Asserts Archive Library libclangEdit.a
make[4]: Leaving directory `/home/ubuntu/llvm-dsa/tools/clang/lib/Edit'
make[4]: Entering directory `/home/ubuntu/llvm-dsa/tools/clang/lib/Rewrite'
llvm[4]: Compiling DeltaTree.cpp for Debug+Asserts build
llvm[4]: Compiling HTMLRewrite.cpp for Debug+Asserts build
llvm[4]: Compiling RewriteRope.cpp for Debug+Asserts build
llvm[4]: Compiling Rewriter.cpp for Debug+Asserts build
llvm[4]: Compiling TokenRewriter.cpp for Debug+Asserts build
llvm[4]: Building Debug+Asserts Archive Library libclangRewrite.a
make[4]: Leaving directory `/home/ubuntu/llvm-dsa/tools/clang/lib/Rewrite'
make[4]: Entering directory `/home/ubuntu/llvm-dsa/tools/clang/lib/Serialization'
llvm[4]: Compiling ASTCommon.cpp for Debug+Asserts build
llvm[4]: Compiling ASTReader.cpp for Debug+Asserts build
llvm[4]: Compiling ASTReaderDecl.cpp for Debug+Asserts build
llvm[4]: Compiling ASTReaderStmt.cpp for Debug+Asserts build
llvm[4]: Compiling ASTWriter.cpp for Debug+Asserts build
llvm[4]: Compiling ASTWriterDecl.cpp for Debug+Asserts build
llvm[4]: Compiling ASTWriterStmt.cpp for Debug+Asserts build
llvm[4]: Compiling GeneratePCH.cpp for Debug+Asserts build
llvm[4]: Compiling GlobalModuleIndex.cpp for Debug+Asserts build
llvm[4]: Compiling Module.cpp for Debug+Asserts build
llvm[4]: Compiling ModuleManager.cpp for Debug+Asserts build
llvm[4]: Building Debug+Asserts Archive Library libclangSerialization.a
make[4]: Leaving directory `/home/ubuntu/llvm-dsa/tools/clang/lib/Serialization'
make[4]: Entering directory `/home/ubuntu/llvm-dsa/tools/clang/lib/Index'
llvm[4]: Compiling CommentToXML.cpp for Debug+Asserts build
llvm[4]: Compiling USRGeneration.cpp for Debug+Asserts build
llvm[4]: Building Debug+Asserts Archive Library libclangIndex.a
make[4]: Leaving directory `/home/ubuntu/llvm-dsa/tools/clang/lib/Index'
make[4]: Entering directory `/home/ubuntu/llvm-dsa/tools/clang/lib/ASTMatchers'
llvm[4]: Compiling ASTMatchFinder.cpp for Debug+Asserts build
llvm[4]: Compiling ASTMatchersInternal.cpp for Debug+Asserts build
llvm[4]: Building Debug+Asserts Archive Library libclangASTMatchers.a
make[5]: Entering directory `/home/ubuntu/llvm-dsa/tools/clang/lib/ASTMatchers/Dynamic'
llvm[5]: Compiling Diagnostics.cpp for Debug+Asserts build
llvm[5]: Compiling Parser.cpp for Debug+Asserts build
llvm[5]: Compiling Registry.cpp for Debug+Asserts build
llvm[5]: Compiling VariantValue.cpp for Debug+Asserts build
llvm[5]: Building Debug+Asserts Archive Library libclangDynamicASTMatchers.a
make[5]: Leaving directory `/home/ubuntu/llvm-dsa/tools/clang/lib/ASTMatchers/Dynamic'
make[4]: Leaving directory `/home/ubuntu/llvm-dsa/tools/clang/lib/ASTMatchers'
make[4]: Entering directory `/home/ubuntu/llvm-dsa/tools/clang/lib/StaticAnalyzer'
make[5]: Entering directory `/home/ubuntu/llvm-dsa/tools/clang/lib/StaticAnalyzer/Checkers'
llvm[5]: Building Clang SA Checkers tables with tblgen
llvm[5]: Compiling AllocationDiagnostics.cpp for Debug+Asserts build
llvm[5]: Compiling AnalyzerStatsChecker.cpp for Debug+Asserts build
llvm[5]: Compiling ArrayBoundChecker.cpp for Debug+Asserts build
llvm[5]: Compiling ArrayBoundCheckerV2.cpp for Debug+Asserts build
llvm[5]: Compiling BasicObjCFoundationChecks.cpp for Debug+Asserts build
llvm[5]: Compiling BoolAssignmentChecker.cpp for Debug+Asserts build
llvm[5]: Compiling BuiltinFunctionChecker.cpp for Debug+Asserts build
llvm[5]: Compiling CStringChecker.cpp for Debug+Asserts build
llvm[5]: Compiling CStringSyntaxChecker.cpp for Debug+Asserts build
llvm[5]: Compiling CallAndMessageChecker.cpp for Debug+Asserts build
llvm[5]: Compiling CastSizeChecker.cpp for Debug+Asserts build
llvm[5]: Compiling CastToStructChecker.cpp for Debug+Asserts build
llvm[5]: Compiling CheckObjCDealloc.cpp for Debug+Asserts build
llvm[5]: Compiling CheckObjCInstMethSignature.cpp for Debug+Asserts build
llvm[5]: Compiling CheckSecuritySyntaxOnly.cpp for Debug+Asserts build
llvm[5]: Compiling CheckSizeofPointer.cpp for Debug+Asserts build
llvm[5]: Compiling CheckerDocumentation.cpp for Debug+Asserts build
llvm[5]: Compiling ChrootChecker.cpp for Debug+Asserts build
llvm[5]: Compiling ClangCheckers.cpp for Debug+Asserts build
llvm[5]: Compiling DeadStoresChecker.cpp for Debug+Asserts build
llvm[5]: Compiling DebugCheckers.cpp for Debug+Asserts build
llvm[5]: Compiling DereferenceChecker.cpp for Debug+Asserts build
llvm[5]: Compiling DirectIvarAssignment.cpp for Debug+Asserts build
llvm[5]: Compiling DivZeroChecker.cpp for Debug+Asserts build
llvm[5]: Compiling DynamicTypePropagation.cpp for Debug+Asserts build
llvm[5]: Compiling ExprInspectionChecker.cpp for Debug+Asserts build
llvm[5]: Compiling FixedAddressChecker.cpp for Debug+Asserts build
llvm[5]: Compiling GenericTaintChecker.cpp for Debug+Asserts build
llvm[5]: Compiling IdenticalExprChecker.cpp for Debug+Asserts build
llvm[5]: Compiling IvarInvalidationChecker.cpp for Debug+Asserts build
llvm[5]: Compiling LLVMConventionsChecker.cpp for Debug+Asserts build
llvm[5]: Compiling MacOSKeychainAPIChecker.cpp for Debug+Asserts build
llvm[5]: Compiling MacOSXAPIChecker.cpp for Debug+Asserts build
llvm[5]: Compiling MallocChecker.cpp for Debug+Asserts build
llvm[5]: Compiling MallocOverflowSecurityChecker.cpp for Debug+Asserts build
llvm[5]: Compiling MallocSizeofChecker.cpp for Debug+Asserts build
llvm[5]: Compiling NSAutoreleasePoolChecker.cpp for Debug+Asserts build
llvm[5]: Compiling NSErrorChecker.cpp for Debug+Asserts build
llvm[5]: Compiling NoReturnFunctionChecker.cpp for Debug+Asserts build
llvm[5]: Compiling NonNullParamChecker.cpp for Debug+Asserts build
llvm[5]: Compiling ObjCAtSyncChecker.cpp for Debug+Asserts build
llvm[5]: Compiling ObjCContainersASTChecker.cpp for Debug+Asserts build
llvm[5]: Compiling ObjCContainersChecker.cpp for Debug+Asserts build
llvm[5]: Compiling ObjCMissingSuperCallChecker.cpp for Debug+Asserts build
llvm[5]: Compiling ObjCSelfInitChecker.cpp for Debug+Asserts build
llvm[5]: Compiling ObjCUnusedIVarsChecker.cpp for Debug+Asserts build
llvm[5]: Compiling PointerArithChecker.cpp for Debug+Asserts build
llvm[5]: Compiling PointerSubChecker.cpp for Debug+Asserts build
llvm[5]: Compiling PthreadLockChecker.cpp for Debug+Asserts build
llvm[5]: Compiling RetainCountChecker.cpp for Debug+Asserts build
llvm[5]: Compiling ReturnPointerRangeChecker.cpp for Debug+Asserts build
llvm[5]: Compiling ReturnUndefChecker.cpp for Debug+Asserts build
llvm[5]: Compiling SimpleStreamChecker.cpp for Debug+Asserts build
llvm[5]: Compiling StackAddrEscapeChecker.cpp for Debug+Asserts build
llvm[5]: Compiling StreamChecker.cpp for Debug+Asserts build
llvm[5]: Compiling TaintTesterChecker.cpp for Debug+Asserts build
llvm[5]: Compiling TestAfterDivZeroChecker.cpp for Debug+Asserts build
llvm[5]: Compiling TraversalChecker.cpp for Debug+Asserts build
llvm[5]: Compiling UndefBranchChecker.cpp for Debug+Asserts build
llvm[5]: Compiling UndefCapturedBlockVarChecker.cpp for Debug+Asserts build
llvm[5]: Compiling UndefResultChecker.cpp for Debug+Asserts build
llvm[5]: Compiling UndefinedArraySubscriptChecker.cpp for Debug+Asserts build
llvm[5]: Compiling UndefinedAssignmentChecker.cpp for Debug+Asserts build
llvm[5]: Compiling UnixAPIChecker.cpp for Debug+Asserts build
llvm[5]: Compiling UnreachableCodeChecker.cpp for Debug+Asserts build
llvm[5]: Compiling VLASizeChecker.cpp for Debug+Asserts build
llvm[5]: Compiling VirtualCallChecker.cpp for Debug+Asserts build
llvm[5]: Building Debug+Asserts Archive Library libclangStaticAnalyzerCheckers.a
make[5]: Leaving directory `/home/ubuntu/llvm-dsa/tools/clang/lib/StaticAnalyzer/Checkers'
make[5]: Entering directory `/home/ubuntu/llvm-dsa/tools/clang/lib/StaticAnalyzer/Frontend'
llvm[5]: Compiling AnalysisConsumer.cpp for Debug+Asserts build
llvm[5]: Compiling CheckerRegistration.cpp for Debug+Asserts build
llvm[5]: Compiling FrontendActions.cpp for Debug+Asserts build
llvm[5]: Compiling ModelConsumer.cpp for Debug+Asserts build
llvm[5]: Compiling ModelInjector.cpp for Debug+Asserts build
llvm[5]: Building Debug+Asserts Archive Library libclangStaticAnalyzerFrontend.a
make[5]: Leaving directory `/home/ubuntu/llvm-dsa/tools/clang/lib/StaticAnalyzer/Frontend'
make[5]: Entering directory `/home/ubuntu/llvm-dsa/tools/clang/lib/StaticAnalyzer/Core'
llvm[5]: Compiling APSIntType.cpp for Debug+Asserts build
llvm[5]: Compiling AnalysisManager.cpp for Debug+Asserts build
llvm[5]: Compiling AnalyzerOptions.cpp for Debug+Asserts build
llvm[5]: Compiling BasicValueFactory.cpp for Debug+Asserts build
llvm[5]: Compiling BlockCounter.cpp for Debug+Asserts build
llvm[5]: Compiling BugReporter.cpp for Debug+Asserts build
llvm[5]: Compiling BugReporterVisitors.cpp for Debug+Asserts build
llvm[5]: Compiling CallEvent.cpp for Debug+Asserts build
llvm[5]: Compiling Checker.cpp for Debug+Asserts build
llvm[5]: Compiling CheckerContext.cpp for Debug+Asserts build
llvm[5]: Compiling CheckerHelpers.cpp for Debug+Asserts build
llvm[5]: Compiling CheckerManager.cpp for Debug+Asserts build
llvm[5]: Compiling CheckerRegistry.cpp for Debug+Asserts build
llvm[5]: Compiling CommonBugCategories.cpp for Debug+Asserts build
llvm[5]: Compiling ConstraintManager.cpp for Debug+Asserts build
llvm[5]: Compiling CoreEngine.cpp for Debug+Asserts build
llvm[5]: Compiling Environment.cpp for Debug+Asserts build
llvm[5]: Compiling ExplodedGraph.cpp for Debug+Asserts build
llvm[5]: Compiling ExprEngine.cpp for Debug+Asserts build
llvm[5]: Compiling ExprEngineC.cpp for Debug+Asserts build
llvm[5]: Compiling ExprEngineCXX.cpp for Debug+Asserts build
llvm[5]: Compiling ExprEngineCallAndReturn.cpp for Debug+Asserts build
llvm[5]: Compiling ExprEngineObjC.cpp for Debug+Asserts build
llvm[5]: Compiling FunctionSummary.cpp for Debug+Asserts build
llvm[5]: Compiling HTMLDiagnostics.cpp for Debug+Asserts build
llvm[5]: Compiling MemRegion.cpp for Debug+Asserts build
llvm[5]: Compiling PathDiagnostic.cpp for Debug+Asserts build
llvm[5]: Compiling PlistDiagnostics.cpp for Debug+Asserts build
llvm[5]: Compiling ProgramState.cpp for Debug+Asserts build
llvm[5]: Compiling RangeConstraintManager.cpp for Debug+Asserts build
llvm[5]: Compiling RegionStore.cpp for Debug+Asserts build
llvm[5]: Compiling SValBuilder.cpp for Debug+Asserts build
llvm[5]: Compiling SVals.cpp for Debug+Asserts build
llvm[5]: Compiling SimpleConstraintManager.cpp for Debug+Asserts build
llvm[5]: Compiling SimpleSValBuilder.cpp for Debug+Asserts build
llvm[5]: Compiling Store.cpp for Debug+Asserts build
llvm[5]: Compiling SubEngine.cpp for Debug+Asserts build
llvm[5]: Compiling SymbolManager.cpp for Debug+Asserts build
llvm[5]: Building Debug+Asserts Archive Library libclangStaticAnalyzerCore.a
make[5]: Leaving directory `/home/ubuntu/llvm-dsa/tools/clang/lib/StaticAnalyzer/Core'
make[4]: Leaving directory `/home/ubuntu/llvm-dsa/tools/clang/lib/StaticAnalyzer'
make[4]: Entering directory `/home/ubuntu/llvm-dsa/tools/clang/lib/ARCMigrate'
llvm[4]: Compiling ARCMT.cpp for Debug+Asserts build
llvm[4]: Compiling ARCMTActions.cpp for Debug+Asserts build
llvm[4]: Compiling FileRemapper.cpp for Debug+Asserts build
llvm[4]: Compiling ObjCMT.cpp for Debug+Asserts build
llvm[4]: Compiling PlistReporter.cpp for Debug+Asserts build
llvm[4]: Compiling TransAPIUses.cpp for Debug+Asserts build
llvm[4]: Compiling TransARCAssign.cpp for Debug+Asserts build
llvm[4]: Compiling TransAutoreleasePool.cpp for Debug+Asserts build
llvm[4]: Compiling TransBlockObjCVariable.cpp for Debug+Asserts build
llvm[4]: Compiling TransEmptyStatementsAndDealloc.cpp for Debug+Asserts build
llvm[4]: Compiling TransGCAttrs.cpp for Debug+Asserts build
llvm[4]: Compiling TransGCCalls.cpp for Debug+Asserts build
llvm[4]: Compiling TransProperties.cpp for Debug+Asserts build
llvm[4]: Compiling TransProtectedScope.cpp for Debug+Asserts build
llvm[4]: Compiling TransRetainReleaseDealloc.cpp for Debug+Asserts build
llvm[4]: Compiling TransUnbridgedCasts.cpp for Debug+Asserts build
llvm[4]: Compiling TransUnusedInitDelegate.cpp for Debug+Asserts build
llvm[4]: Compiling TransZeroOutPropsInDealloc.cpp for Debug+Asserts build
llvm[4]: Compiling TransformActions.cpp for Debug+Asserts build
llvm[4]: Compiling Transforms.cpp for Debug+Asserts build
llvm[4]: Building Debug+Asserts Archive Library libclangARCMigrate.a
make[4]: Leaving directory `/home/ubuntu/llvm-dsa/tools/clang/lib/ARCMigrate'
make[3]: Leaving directory `/home/ubuntu/llvm-dsa/tools/clang/lib'
make[3]: Entering directory `/home/ubuntu/llvm-dsa/tools/clang/tools'
make[4]: Entering directory `/home/ubuntu/llvm-dsa/tools/clang/tools/libclang'
llvm[4]: Compiling ARCMigrate.cpp for Debug+Asserts build (PIC)
llvm[4]: Compiling BuildSystem.cpp for Debug+Asserts build (PIC)
llvm[4]: Compiling CIndex.cpp for Debug+Asserts build (PIC)
llvm[4]: Compiling CIndexCXX.cpp for Debug+Asserts build (PIC)
llvm[4]: Compiling CIndexCodeCompletion.cpp for Debug+Asserts build (PIC)
llvm[4]: Compiling CIndexDiagnostic.cpp for Debug+Asserts build (PIC)
llvm[4]: Compiling CIndexHigh.cpp for Debug+Asserts build (PIC)
llvm[4]: Compiling CIndexInclusionStack.cpp for Debug+Asserts build (PIC)
llvm[4]: Compiling CIndexUSRs.cpp for Debug+Asserts build (PIC)
llvm[4]: Compiling CIndexer.cpp for Debug+Asserts build (PIC)
llvm[4]: Compiling CXComment.cpp for Debug+Asserts build (PIC)
llvm[4]: Compiling CXCompilationDatabase.cpp for Debug+Asserts build (PIC)
llvm[4]: Compiling CXCursor.cpp for Debug+Asserts build (PIC)
llvm[4]: Compiling CXLoadedDiagnostic.cpp for Debug+Asserts build (PIC)
llvm[4]: Compiling CXSourceLocation.cpp for Debug+Asserts build (PIC)
llvm[4]: Compiling CXStoredDiagnostic.cpp for Debug+Asserts build (PIC)
llvm[4]: Compiling CXString.cpp for Debug+Asserts build (PIC)
llvm[4]: Compiling CXType.cpp for Debug+Asserts build (PIC)
llvm[4]: Compiling IndexBody.cpp for Debug+Asserts build (PIC)
llvm[4]: Compiling IndexDecl.cpp for Debug+Asserts build (PIC)
llvm[4]: Compiling IndexTypeSourceInfo.cpp for Debug+Asserts build (PIC)
llvm[4]: Compiling Indexing.cpp for Debug+Asserts build (PIC)
llvm[4]: Compiling IndexingContext.cpp for Debug+Asserts build (PIC)
llvm[4]: Linking Debug+Asserts Shared Library libclang.so
llvm[4]: Building Debug+Asserts Archive Library libclang.a
make[4]: Leaving directory `/home/ubuntu/llvm-dsa/tools/clang/tools/libclang'
make[4]: Entering directory `/home/ubuntu/llvm-dsa/tools/clang/tools/c-index-test'
llvm[4]: Compiling c-index-test.c for Debug+Asserts build
llvm[4]: Linking Debug+Asserts executable c-index-test
llvm[4]: ======= Finished Linking Debug+Asserts Executable c-index-test
make[4]: Leaving directory `/home/ubuntu/llvm-dsa/tools/clang/tools/c-index-test'
make[4]: Entering directory `/home/ubuntu/llvm-dsa/tools/clang/tools/c-arcmt-test'
llvm[4]: Compiling c-arcmt-test.c for Debug+Asserts build
llvm[4]: Linking Debug+Asserts executable c-arcmt-test
llvm[4]: ======= Finished Linking Debug+Asserts Executable c-arcmt-test
make[4]: Leaving directory `/home/ubuntu/llvm-dsa/tools/clang/tools/c-arcmt-test'
make[4]: Entering directory `/home/ubuntu/llvm-dsa/tools/clang/tools/clang-format'
llvm[4]: Compiling ClangFormat.cpp for Debug+Asserts build
llvm[4]: Linking Debug+Asserts executable clang-format
llvm[4]: ======= Finished Linking Debug+Asserts Executable clang-format
make[4]: Leaving directory `/home/ubuntu/llvm-dsa/tools/clang/tools/clang-format'
make[4]: Entering directory `/home/ubuntu/llvm-dsa/tools/clang/tools/driver'
llvm[4]: Compiling cc1_main.cpp for Debug+Asserts build
llvm[4]: Compiling cc1as_main.cpp for Debug+Asserts build
llvm[4]: Compiling driver.cpp for Debug+Asserts build
llvm[4]: Linking Debug+Asserts executable clang
llvm[4]: ======= Finished Linking Debug+Asserts Executable clang
llvm[4]: Creating Debug+Asserts Alias clang++
llvm[4]: ======= Finished Creating Debug+Asserts Alias clang++
make[4]: Leaving directory `/home/ubuntu/llvm-dsa/tools/clang/tools/driver'
make[4]: Entering directory `/home/ubuntu/llvm-dsa/tools/clang/tools/diagtool'
llvm[4]: Compiling DiagTool.cpp for Debug+Asserts build
llvm[4]: Compiling DiagnosticNames.cpp for Debug+Asserts build
llvm[4]: Compiling ListWarnings.cpp for Debug+Asserts build
llvm[4]: Compiling ShowEnabledWarnings.cpp for Debug+Asserts build
llvm[4]: Compiling TreeView.cpp for Debug+Asserts build
llvm[4]: Compiling diagtool_main.cpp for Debug+Asserts build
llvm[4]: Linking Debug+Asserts executable diagtool
llvm[4]: ======= Finished Linking Debug+Asserts Executable diagtool
make[4]: Leaving directory `/home/ubuntu/llvm-dsa/tools/clang/tools/diagtool'
make[4]: Entering directory `/home/ubuntu/llvm-dsa/tools/clang/tools/clang-check'
llvm[4]: Compiling ClangCheck.cpp for Debug+Asserts build
llvm[4]: Linking Debug+Asserts executable clang-check
llvm[4]: ======= Finished Linking Debug+Asserts Executable clang-check
make[4]: Leaving directory `/home/ubuntu/llvm-dsa/tools/clang/tools/clang-check'
make[4]: Entering directory `/home/ubuntu/llvm-dsa/tools/clang/tools/arcmt-test'
llvm[4]: Compiling arcmt-test.cpp for Debug+Asserts build
llvm[4]: Linking Debug+Asserts executable arcmt-test
llvm[4]: ======= Finished Linking Debug+Asserts Executable arcmt-test
make[4]: Leaving directory `/home/ubuntu/llvm-dsa/tools/clang/tools/arcmt-test'
make[3]: Leaving directory `/home/ubuntu/llvm-dsa/tools/clang/tools'
make[3]: Entering directory `/home/ubuntu/llvm-dsa/tools/clang/runtime'
make[4]: Entering directory `/home/ubuntu/llvm-dsa/tools/clang/runtime/compiler-rt'
make[4]: Nothing to be done for `all'.
make[4]: Leaving directory `/home/ubuntu/llvm-dsa/tools/clang/runtime/compiler-rt'
make[4]: Entering directory `/home/ubuntu/llvm-dsa/tools/clang/runtime/libcxx'
make[4]: Nothing to be done for `all'.
make[4]: Leaving directory `/home/ubuntu/llvm-dsa/tools/clang/runtime/libcxx'
make[3]: Leaving directory `/home/ubuntu/llvm-dsa/tools/clang/runtime'
make[3]: Entering directory `/home/ubuntu/llvm-dsa/tools/clang/docs'
make[4]: Entering directory `/home/ubuntu/llvm-dsa/tools/clang/docs/tools'
make[4]: Nothing to be done for `all'.
make[4]: Leaving directory `/home/ubuntu/llvm-dsa/tools/clang/docs/tools'
make[3]: Leaving directory `/home/ubuntu/llvm-dsa/tools/clang/docs'
make[3]: Entering directory `/home/ubuntu/llvm-dsa/tools/clang/unittests'
make[4]: Entering directory `/home/ubuntu/llvm-dsa/tools/clang/unittests/CodeGen'
llvm[4]: Compiling BufferSourceTest.cpp for Debug+Asserts build
llvm[4]: Linking Debug+Asserts unit test CodeGen
llvm[4]: ======= Finished Linking Debug+Asserts Unit test CodeGen
make[4]: Leaving directory `/home/ubuntu/llvm-dsa/tools/clang/unittests/CodeGen'
make[4]: Entering directory `/home/ubuntu/llvm-dsa/tools/clang/unittests/Basic'
llvm[4]: Compiling CharInfoTest.cpp for Debug+Asserts build
llvm[4]: Compiling DiagnosticTest.cpp for Debug+Asserts build
llvm[4]: Compiling FileManagerTest.cpp for Debug+Asserts build
llvm[4]: Compiling SourceManagerTest.cpp for Debug+Asserts build
llvm[4]: Compiling VirtualFileSystemTest.cpp for Debug+Asserts build
llvm[4]: Linking Debug+Asserts unit test Basic
llvm[4]: ======= Finished Linking Debug+Asserts Unit test Basic
make[4]: Leaving directory `/home/ubuntu/llvm-dsa/tools/clang/unittests/Basic'
make[4]: Entering directory `/home/ubuntu/llvm-dsa/tools/clang/unittests/Lex'
llvm[4]: Compiling LexerTest.cpp for Debug+Asserts build
llvm[4]: Compiling PPCallbacksTest.cpp for Debug+Asserts build
llvm[4]: Compiling PPConditionalDirectiveRecordTest.cpp for Debug+Asserts build
llvm[4]: Linking Debug+Asserts unit test Lex
llvm[4]: ======= Finished Linking Debug+Asserts Unit test Lex
make[4]: Leaving directory `/home/ubuntu/llvm-dsa/tools/clang/unittests/Lex'
make[4]: Entering directory `/home/ubuntu/llvm-dsa/tools/clang/unittests/Driver'
llvm[4]: Compiling MultilibTest.cpp for Debug+Asserts build
llvm[4]: Linking Debug+Asserts unit test Multilib
llvm[4]: ======= Finished Linking Debug+Asserts Unit test Multilib
make[4]: Leaving directory `/home/ubuntu/llvm-dsa/tools/clang/unittests/Driver'
make[4]: Entering directory `/home/ubuntu/llvm-dsa/tools/clang/unittests/Format'
llvm[4]: Compiling FormatTest.cpp for Debug+Asserts build
llvm[4]: Compiling FormatTestJS.cpp for Debug+Asserts build
llvm[4]: Compiling FormatTestJava.cpp for Debug+Asserts build
llvm[4]: Compiling FormatTestProto.cpp for Debug+Asserts build
llvm[4]: Linking Debug+Asserts unit test Format
llvm[4]: ======= Finished Linking Debug+Asserts Unit test Format
make[4]: Leaving directory `/home/ubuntu/llvm-dsa/tools/clang/unittests/Format'
make[4]: Entering directory `/home/ubuntu/llvm-dsa/tools/clang/unittests/ASTMatchers'
make[5]: Entering directory `/home/ubuntu/llvm-dsa/tools/clang/unittests/ASTMatchers/Dynamic'
llvm[5]: Compiling ParserTest.cpp for Debug+Asserts build
llvm[5]: Compiling RegistryTest.cpp for Debug+Asserts build
llvm[5]: Compiling VariantValueTest.cpp for Debug+Asserts build
llvm[5]: Linking Debug+Asserts unit test DynamicASTMatchers
llvm[5]: ======= Finished Linking Debug+Asserts Unit test DynamicASTMatchers
make[5]: Leaving directory `/home/ubuntu/llvm-dsa/tools/clang/unittests/ASTMatchers/Dynamic'
llvm[4]: Compiling ASTMatchersTest.cpp for Debug+Asserts build
llvm[4]: Linking Debug+Asserts unit test ASTMatchers
llvm[4]: ======= Finished Linking Debug+Asserts Unit test ASTMatchers
make[4]: Leaving directory `/home/ubuntu/llvm-dsa/tools/clang/unittests/ASTMatchers'
make[4]: Entering directory `/home/ubuntu/llvm-dsa/tools/clang/unittests/AST'
llvm[4]: Compiling ASTContextParentMapTest.cpp for Debug+Asserts build
llvm[4]: Compiling ASTTypeTraitsTest.cpp for Debug+Asserts build
llvm[4]: Compiling ASTVectorTest.cpp for Debug+Asserts build
llvm[4]: Compiling CommentLexer.cpp for Debug+Asserts build
llvm[4]: Compiling CommentParser.cpp for Debug+Asserts build
llvm[4]: Compiling DeclPrinterTest.cpp for Debug+Asserts build
llvm[4]: Compiling DeclTest.cpp for Debug+Asserts build
llvm[4]: Compiling EvaluateAsRValueTest.cpp for Debug+Asserts build
llvm[4]: Compiling ExternalASTSourceTest.cpp for Debug+Asserts build
llvm[4]: Compiling NamedDeclPrinterTest.cpp for Debug+Asserts build
llvm[4]: Compiling SourceLocationTest.cpp for Debug+Asserts build
llvm[4]: Compiling StmtPrinterTest.cpp for Debug+Asserts build
llvm[4]: Linking Debug+Asserts unit test AST
llvm[4]: ======= Finished Linking Debug+Asserts Unit test AST
make[4]: Leaving directory `/home/ubuntu/llvm-dsa/tools/clang/unittests/AST'
make[4]: Entering directory `/home/ubuntu/llvm-dsa/tools/clang/unittests/Tooling'
llvm[4]: Compiling CommentHandlerTest.cpp for Debug+Asserts build
llvm[4]: Compiling CompilationDatabaseTest.cpp for Debug+Asserts build
llvm[4]: Compiling RecursiveASTVisitorTest.cpp for Debug+Asserts build
llvm[4]: Compiling RecursiveASTVisitorTestCallVisitor.cpp for Debug+Asserts build
llvm[4]: Compiling RecursiveASTVisitorTestDeclVisitor.cpp for Debug+Asserts build
llvm[4]: Compiling RecursiveASTVisitorTestExprVisitor.cpp for Debug+Asserts build
llvm[4]: Compiling RecursiveASTVisitorTestTypeLocVisitor.cpp for Debug+Asserts build
llvm[4]: Compiling RefactoringCallbacksTest.cpp for Debug+Asserts build
llvm[4]: Compiling RefactoringTest.cpp for Debug+Asserts build
llvm[4]: Compiling ReplacementsYamlTest.cpp for Debug+Asserts build
llvm[4]: Compiling RewriterTest.cpp for Debug+Asserts build
llvm[4]: Compiling ToolingTest.cpp for Debug+Asserts build
llvm[4]: Linking Debug+Asserts unit test Tooling
llvm[4]: ======= Finished Linking Debug+Asserts Unit test Tooling
make[4]: Leaving directory `/home/ubuntu/llvm-dsa/tools/clang/unittests/Tooling'
make[4]: Entering directory `/home/ubuntu/llvm-dsa/tools/clang/unittests/Rewrite'
llvm[4]: Compiling RewriteBufferTest.cpp for Debug+Asserts build
llvm[4]: Linking Debug+Asserts unit test Rewrite
llvm[4]: ======= Finished Linking Debug+Asserts Unit test Rewrite
make[4]: Leaving directory `/home/ubuntu/llvm-dsa/tools/clang/unittests/Rewrite'
make[4]: Entering directory `/home/ubuntu/llvm-dsa/tools/clang/unittests/Sema'
llvm[4]: Compiling ExternalSemaSourceTest.cpp for Debug+Asserts build
llvm[4]: Linking Debug+Asserts unit test Sema
llvm[4]: ======= Finished Linking Debug+Asserts Unit test Sema
make[4]: Leaving directory `/home/ubuntu/llvm-dsa/tools/clang/unittests/Sema'
make[4]: Entering directory `/home/ubuntu/llvm-dsa/tools/clang/unittests/Frontend'
llvm[4]: Compiling FrontendActionTest.cpp for Debug+Asserts build
llvm[4]: Linking Debug+Asserts unit test Frontend
llvm[4]: ======= Finished Linking Debug+Asserts Unit test Frontend
make[4]: Leaving directory `/home/ubuntu/llvm-dsa/tools/clang/unittests/Frontend'
make[4]: Entering directory `/home/ubuntu/llvm-dsa/tools/clang/unittests/libclang'
llvm[4]: Compiling LibclangTest.cpp for Debug+Asserts build
llvm[4]: Linking Debug+Asserts unit test libclang
llvm[4]: ======= Finished Linking Debug+Asserts Unit test libclang
make[4]: Leaving directory `/home/ubuntu/llvm-dsa/tools/clang/unittests/libclang'
make[4]: Entering directory `/home/ubuntu/llvm-dsa/tools/clang/unittests/StaticAnalyzer'
llvm[4]: Compiling AnalyzerOptionsTest.cpp for Debug+Asserts build
llvm[4]: Linking Debug+Asserts unit test StaticAnalysis
llvm[4]: ======= Finished Linking Debug+Asserts Unit test StaticAnalysis
make[4]: Leaving directory `/home/ubuntu/llvm-dsa/tools/clang/unittests/StaticAnalyzer'
make[3]: Leaving directory `/home/ubuntu/llvm-dsa/tools/clang/unittests'
make[2]: Leaving directory `/home/ubuntu/llvm-dsa/tools/clang'
make[1]: Leaving directory `/home/ubuntu/llvm-dsa/tools'
make[1]: Entering directory `/home/ubuntu/llvm-dsa/docs'
make[1]: Nothing to be done for `all'.
make[1]: Leaving directory `/home/ubuntu/llvm-dsa/docs'
make[1]: Entering directory `/home/ubuntu/llvm-dsa/cmake'
make[2]: Entering directory `/home/ubuntu/llvm-dsa/cmake/modules'
llvm[2]: Generating LLVM CMake package config file
llvm[2]: Generating LLVM CMake package version file
llvm[2]: Generating LLVM CMake target exports file
make[2]: Leaving directory `/home/ubuntu/llvm-dsa/cmake/modules'
make[1]: Leaving directory `/home/ubuntu/llvm-dsa/cmake'
make[1]: Entering directory `/home/ubuntu/llvm-dsa/unittests'
make[2]: Entering directory `/home/ubuntu/llvm-dsa/unittests/ADT'
llvm[2]: Compiling APFloatTest.cpp for Debug+Asserts build
llvm[2]: Compiling APIntTest.cpp for Debug+Asserts build
llvm[2]: Compiling APSIntTest.cpp for Debug+Asserts build
llvm[2]: Compiling ArrayRefTest.cpp for Debug+Asserts build
llvm[2]: Compiling BitVectorTest.cpp for Debug+Asserts build
llvm[2]: Compiling DAGDeltaAlgorithmTest.cpp for Debug+Asserts build
llvm[2]: Compiling DeltaAlgorithmTest.cpp for Debug+Asserts build
llvm[2]: Compiling DenseMapTest.cpp for Debug+Asserts build
llvm[2]: Compiling DenseSetTest.cpp for Debug+Asserts build
llvm[2]: Compiling FoldingSet.cpp for Debug+Asserts build
llvm[2]: Compiling FunctionRefTest.cpp for Debug+Asserts build
llvm[2]: Compiling HashingTest.cpp for Debug+Asserts build
llvm[2]: Compiling ImmutableMapTest.cpp for Debug+Asserts build
llvm[2]: Compiling ImmutableSetTest.cpp for Debug+Asserts build
llvm[2]: Compiling IntEqClassesTest.cpp for Debug+Asserts build
llvm[2]: Compiling IntervalMapTest.cpp for Debug+Asserts build
llvm[2]: Compiling IntrusiveRefCntPtrTest.cpp for Debug+Asserts build
llvm[2]: Compiling MakeUniqueTest.cpp for Debug+Asserts build
llvm[2]: Compiling MapVectorTest.cpp for Debug+Asserts build
llvm[2]: Compiling OptionalTest.cpp for Debug+Asserts build
llvm[2]: Compiling PackedVectorTest.cpp for Debug+Asserts build
llvm[2]: Compiling PointerIntPairTest.cpp for Debug+Asserts build
llvm[2]: Compiling PointerUnionTest.cpp for Debug+Asserts build
llvm[2]: Compiling PostOrderIteratorTest.cpp for Debug+Asserts build
llvm[2]: Compiling SCCIteratorTest.cpp for Debug+Asserts build
llvm[2]: Compiling SmallPtrSetTest.cpp for Debug+Asserts build
llvm[2]: Compiling SmallStringTest.cpp for Debug+Asserts build
llvm[2]: Compiling SmallVectorTest.cpp for Debug+Asserts build
llvm[2]: Compiling SparseBitVectorTest.cpp for Debug+Asserts build
llvm[2]: Compiling SparseMultiSetTest.cpp for Debug+Asserts build
llvm[2]: Compiling SparseSetTest.cpp for Debug+Asserts build
llvm[2]: Compiling StringMapTest.cpp for Debug+Asserts build
llvm[2]: Compiling StringRefTest.cpp for Debug+Asserts build
llvm[2]: Compiling TinyPtrVectorTest.cpp for Debug+Asserts build
llvm[2]: Compiling TripleTest.cpp for Debug+Asserts build
llvm[2]: Compiling TwineTest.cpp for Debug+Asserts build
llvm[2]: Compiling VariadicFunctionTest.cpp for Debug+Asserts build
llvm[2]: Compiling ilistTest.cpp for Debug+Asserts build
llvm[2]: Linking Debug+Asserts unit test ADT
llvm[2]: ======= Finished Linking Debug+Asserts Unit test ADT
make[2]: Leaving directory `/home/ubuntu/llvm-dsa/unittests/ADT'
make[2]: Entering directory `/home/ubuntu/llvm-dsa/unittests/Analysis'
llvm[2]: Compiling AliasAnalysisTest.cpp for Debug+Asserts build
llvm[2]: Compiling CFGTest.cpp for Debug+Asserts build
llvm[2]: Compiling CallGraphTest.cpp for Debug+Asserts build
llvm[2]: Compiling LazyCallGraphTest.cpp for Debug+Asserts build
llvm[2]: Compiling MixedTBAATest.cpp for Debug+Asserts build
llvm[2]: Compiling ScalarEvolutionTest.cpp for Debug+Asserts build
llvm[2]: Linking Debug+Asserts unit test Analysis
llvm[2]: ======= Finished Linking Debug+Asserts Unit test Analysis
make[2]: Leaving directory `/home/ubuntu/llvm-dsa/unittests/Analysis'
make[2]: Entering directory `/home/ubuntu/llvm-dsa/unittests/Bitcode'
llvm[2]: Compiling BitReaderTest.cpp for Debug+Asserts build
llvm[2]: Compiling BitstreamReaderTest.cpp for Debug+Asserts build
llvm[2]: Linking Debug+Asserts unit test Bitcode
llvm[2]: ======= Finished Linking Debug+Asserts Unit test Bitcode
make[2]: Leaving directory `/home/ubuntu/llvm-dsa/unittests/Bitcode'
make[2]: Entering directory `/home/ubuntu/llvm-dsa/unittests/CodeGen'
llvm[2]: Compiling DIEHashTest.cpp for Debug+Asserts build
llvm[2]: Linking Debug+Asserts unit test CodeGen
llvm[2]: ======= Finished Linking Debug+Asserts Unit test CodeGen
make[2]: Leaving directory `/home/ubuntu/llvm-dsa/unittests/CodeGen'
make[2]: Entering directory `/home/ubuntu/llvm-dsa/unittests/DebugInfo'
make[3]: Entering directory `/home/ubuntu/llvm-dsa/unittests/DebugInfo/DWARF'
llvm[3]: Compiling DWARFFormValueTest.cpp for Debug+Asserts build
llvm[3]: Linking Debug+Asserts unit test DebugInfoDWARF
llvm[3]: ======= Finished Linking Debug+Asserts Unit test DebugInfoDWARF
make[3]: Leaving directory `/home/ubuntu/llvm-dsa/unittests/DebugInfo/DWARF'
make[3]: Entering directory `/home/ubuntu/llvm-dsa/unittests/DebugInfo/PDB'
llvm[3]: Compiling PDBApiTest.cpp for Debug+Asserts build
llvm[3]: Linking Debug+Asserts unit test DebugInfoPDB
llvm[3]: ======= Finished Linking Debug+Asserts Unit test DebugInfoPDB
make[3]: Leaving directory `/home/ubuntu/llvm-dsa/unittests/DebugInfo/PDB'
make[2]: Leaving directory `/home/ubuntu/llvm-dsa/unittests/DebugInfo'
make[2]: Entering directory `/home/ubuntu/llvm-dsa/unittests/ExecutionEngine'
make[3]: Entering directory `/home/ubuntu/llvm-dsa/unittests/ExecutionEngine/Orc'
llvm[3]: Compiling LazyEmittingLayerTest.cpp for Debug+Asserts build
llvm[3]: Linking Debug+Asserts unit test OrcJIT
llvm[3]: ======= Finished Linking Debug+Asserts Unit test OrcJIT
make[3]: Leaving directory `/home/ubuntu/llvm-dsa/unittests/ExecutionEngine/Orc'
make[3]: Entering directory `/home/ubuntu/llvm-dsa/unittests/ExecutionEngine/MCJIT'
llvm[3]: Compiling MCJITCAPITest.cpp for Debug+Asserts build
llvm[3]: Compiling MCJITMemoryManagerTest.cpp for Debug+Asserts build
llvm[3]: Compiling MCJITMultipleModuleTest.cpp for Debug+Asserts build
llvm[3]: Compiling MCJITObjectCacheTest.cpp for Debug+Asserts build
llvm[3]: Compiling MCJITTest.cpp for Debug+Asserts build
llvm[3]: Linking Debug+Asserts unit test MCJIT
llvm[3]: ======= Finished Linking Debug+Asserts Unit test MCJIT
make[3]: Leaving directory `/home/ubuntu/llvm-dsa/unittests/ExecutionEngine/MCJIT'
llvm[2]: Compiling ExecutionEngineTest.cpp for Debug+Asserts build
llvm[2]: Linking Debug+Asserts unit test ExecutionEngine
llvm[2]: ======= Finished Linking Debug+Asserts Unit test ExecutionEngine
make[2]: Leaving directory `/home/ubuntu/llvm-dsa/unittests/ExecutionEngine'
make[2]: Entering directory `/home/ubuntu/llvm-dsa/unittests/IR'
llvm[2]: Compiling AttributesTest.cpp for Debug+Asserts build
llvm[2]: Compiling ConstantRangeTest.cpp for Debug+Asserts build
llvm[2]: Compiling ConstantsTest.cpp for Debug+Asserts build
llvm[2]: Compiling DebugInfoTest.cpp for Debug+Asserts build
llvm[2]: Compiling DominatorTreeTest.cpp for Debug+Asserts build
llvm[2]: Compiling IRBuilderTest.cpp for Debug+Asserts build
llvm[2]: Compiling InstructionsTest.cpp for Debug+Asserts build
llvm[2]: Compiling LegacyPassManagerTest.cpp for Debug+Asserts build
llvm[2]: Compiling MDBuilderTest.cpp for Debug+Asserts build
llvm[2]: Compiling MetadataTest.cpp for Debug+Asserts build
llvm[2]: Compiling PassManagerTest.cpp for Debug+Asserts build
llvm[2]: Compiling PatternMatch.cpp for Debug+Asserts build
llvm[2]: Compiling TypeBuilderTest.cpp for Debug+Asserts build
llvm[2]: Compiling TypesTest.cpp for Debug+Asserts build
llvm[2]: Compiling UseTest.cpp for Debug+Asserts build
llvm[2]: Compiling UserTest.cpp for Debug+Asserts build
llvm[2]: Compiling ValueHandleTest.cpp for Debug+Asserts build
llvm[2]: Compiling ValueMapTest.cpp for Debug+Asserts build
llvm[2]: Compiling ValueTest.cpp for Debug+Asserts build
llvm[2]: Compiling VerifierTest.cpp for Debug+Asserts build
llvm[2]: Compiling WaymarkTest.cpp for Debug+Asserts build
llvm[2]: Linking Debug+Asserts unit test IR
llvm[2]: ======= Finished Linking Debug+Asserts Unit test IR
make[2]: Leaving directory `/home/ubuntu/llvm-dsa/unittests/IR'
make[2]: Entering directory `/home/ubuntu/llvm-dsa/unittests/LineEditor'
llvm[2]: Compiling LineEditor.cpp for Debug+Asserts build
llvm[2]: Linking Debug+Asserts unit test LineEditor
llvm[2]: ======= Finished Linking Debug+Asserts Unit test LineEditor
make[2]: Leaving directory `/home/ubuntu/llvm-dsa/unittests/LineEditor'
make[2]: Entering directory `/home/ubuntu/llvm-dsa/unittests/Linker'
llvm[2]: Compiling LinkModulesTest.cpp for Debug+Asserts build
llvm[2]: Linking Debug+Asserts unit test Linker
llvm[2]: ======= Finished Linking Debug+Asserts Unit test Linker
make[2]: Leaving directory `/home/ubuntu/llvm-dsa/unittests/Linker'
make[2]: Entering directory `/home/ubuntu/llvm-dsa/unittests/MC'
llvm[2]: Compiling Disassembler.cpp for Debug+Asserts build
llvm[2]: Compiling StringTableBuilderTest.cpp for Debug+Asserts build
llvm[2]: Compiling YAMLTest.cpp for Debug+Asserts build
llvm[2]: Linking Debug+Asserts unit test MC
llvm[2]: ======= Finished Linking Debug+Asserts Unit test MC
make[2]: Leaving directory `/home/ubuntu/llvm-dsa/unittests/MC'
make[2]: Entering directory `/home/ubuntu/llvm-dsa/unittests/Option'
llvm[2]: Building Driver Option tables with tblgen
llvm[2]: Compiling OptionParsingTest.cpp for Debug+Asserts build
llvm[2]: Linking Debug+Asserts unit test Option
llvm[2]: ======= Finished Linking Debug+Asserts Unit test Option
make[2]: Leaving directory `/home/ubuntu/llvm-dsa/unittests/Option'
make[2]: Entering directory `/home/ubuntu/llvm-dsa/unittests/ProfileData'
llvm[2]: Compiling CoverageMappingTest.cpp for Debug+Asserts build
llvm[2]: Compiling InstrProfTest.cpp for Debug+Asserts build
llvm[2]: Linking Debug+Asserts unit test ProfileData
llvm[2]: ======= Finished Linking Debug+Asserts Unit test ProfileData
make[2]: Leaving directory `/home/ubuntu/llvm-dsa/unittests/ProfileData'
make[2]: Entering directory `/home/ubuntu/llvm-dsa/unittests/Support'
llvm[2]: Compiling AlignOfTest.cpp for Debug+Asserts build
llvm[2]: Compiling AllocatorTest.cpp for Debug+Asserts build
llvm[2]: Compiling ArrayRecyclerTest.cpp for Debug+Asserts build
llvm[2]: Compiling BlockFrequencyTest.cpp for Debug+Asserts build
llvm[2]: Compiling BranchProbabilityTest.cpp for Debug+Asserts build
llvm[2]: Compiling Casting.cpp for Debug+Asserts build
llvm[2]: Compiling CommandLineTest.cpp for Debug+Asserts build
llvm[2]: Compiling CompressionTest.cpp for Debug+Asserts build
llvm[2]: Compiling ConvertUTFTest.cpp for Debug+Asserts build
llvm[2]: Compiling DataExtractorTest.cpp for Debug+Asserts build
llvm[2]: Compiling DwarfTest.cpp for Debug+Asserts build
llvm[2]: Compiling EndianStreamTest.cpp for Debug+Asserts build
llvm[2]: Compiling EndianTest.cpp for Debug+Asserts build
llvm[2]: Compiling ErrorOrTest.cpp for Debug+Asserts build
llvm[2]: Compiling FileOutputBufferTest.cpp for Debug+Asserts build
llvm[2]: Compiling IteratorTest.cpp for Debug+Asserts build
llvm[2]: Compiling LEB128Test.cpp for Debug+Asserts build
llvm[2]: Compiling LineIteratorTest.cpp for Debug+Asserts build
llvm[2]: Compiling LockFileManagerTest.cpp for Debug+Asserts build
llvm[2]: Compiling MD5Test.cpp for Debug+Asserts build
llvm[2]: Compiling ManagedStatic.cpp for Debug+Asserts build
llvm[2]: Compiling MathExtrasTest.cpp for Debug+Asserts build
llvm[2]: Compiling MemoryBufferTest.cpp for Debug+Asserts build
llvm[2]: Compiling MemoryTest.cpp for Debug+Asserts build
llvm[2]: Compiling Path.cpp for Debug+Asserts build
llvm[2]: Compiling ProcessTest.cpp for Debug+Asserts build
llvm[2]: Compiling ProgramTest.cpp for Debug+Asserts build
llvm[2]: Compiling RegexTest.cpp for Debug+Asserts build
llvm[2]: Compiling ScaledNumberTest.cpp for Debug+Asserts build
llvm[2]: Compiling SourceMgrTest.cpp for Debug+Asserts build
llvm[2]: Compiling SpecialCaseListTest.cpp for Debug+Asserts build
llvm[2]: Compiling StreamingMemoryObject.cpp for Debug+Asserts build
llvm[2]: Compiling StringPool.cpp for Debug+Asserts build
llvm[2]: Compiling SwapByteOrderTest.cpp for Debug+Asserts build
llvm[2]: Compiling ThreadLocalTest.cpp for Debug+Asserts build
llvm[2]: Compiling TimeValueTest.cpp for Debug+Asserts build
llvm[2]: Compiling UnicodeTest.cpp for Debug+Asserts build
llvm[2]: Compiling YAMLIOTest.cpp for Debug+Asserts build
llvm[2]: Compiling YAMLParserTest.cpp for Debug+Asserts build
llvm[2]: Compiling formatted_raw_ostream_test.cpp for Debug+Asserts build
llvm[2]: Compiling raw_ostream_test.cpp for Debug+Asserts build
llvm[2]: Compiling raw_pwrite_stream_test.cpp for Debug+Asserts build
llvm[2]: Linking Debug+Asserts unit test Support
llvm[2]: ======= Finished Linking Debug+Asserts Unit test Support
make[2]: Leaving directory `/home/ubuntu/llvm-dsa/unittests/Support'
make[2]: Entering directory `/home/ubuntu/llvm-dsa/unittests/Transforms'
make[3]: Entering directory `/home/ubuntu/llvm-dsa/unittests/Transforms/IPO'
llvm[3]: Compiling LowerBitSets.cpp for Debug+Asserts build
llvm[3]: Linking Debug+Asserts unit test IPO
llvm[3]: ======= Finished Linking Debug+Asserts Unit test IPO
make[3]: Leaving directory `/home/ubuntu/llvm-dsa/unittests/Transforms/IPO'
make[3]: Entering directory `/home/ubuntu/llvm-dsa/unittests/Transforms/Utils'
llvm[3]: Compiling ASanStackFrameLayoutTest.cpp for Debug+Asserts build
llvm[3]: Compiling Cloning.cpp for Debug+Asserts build
llvm[3]: Compiling IntegerDivision.cpp for Debug+Asserts build
llvm[3]: Compiling Local.cpp for Debug+Asserts build
llvm[3]: Compiling ValueMapperTest.cpp for Debug+Asserts build
llvm[3]: Linking Debug+Asserts unit test Utils
llvm[3]: ======= Finished Linking Debug+Asserts Unit test Utils
make[3]: Leaving directory `/home/ubuntu/llvm-dsa/unittests/Transforms/Utils'
make[2]: Leaving directory `/home/ubuntu/llvm-dsa/unittests/Transforms'
make[1]: Leaving directory `/home/ubuntu/llvm-dsa/unittests'
make[1]: Entering directory `/home/ubuntu/llvm-dsa/projects'
make[2]: Entering directory `/home/ubuntu/llvm-dsa/projects/llvm-deps'
make[2]: *** No rule to make target `all'.  Stop.
make[2]: Leaving directory `/home/ubuntu/llvm-dsa/projects/llvm-deps'
make[1]: *** [all] Error 1
make[1]: Leaving directory `/home/ubuntu/llvm-dsa/projects'
make: *** [all] Error 1
